--------- beginning of crash
09-24 09:35:17.586   630   630 F libc    : Fatal signal 6 (SIGABRT), code -6 in tid 630 (main)
09-24 09:35:17.653   636   636 F DEBUG   : *** *** *** *** *** *** *** *** *** *** *** *** *** *** *** ***
09-24 09:35:17.653   636   636 F DEBUG   : Build fingerprint: 'asus/WW_Phone/ASUS_X00ID:7.1.1/NMF26F/14.2016.1709.160-20171009:user/release-keys'
09-24 09:35:17.653   636   636 F DEBUG   : Revision: '0'
09-24 09:35:17.653   636   636 F DEBUG   : ABI: 'arm64'
09-24 09:35:17.653   636   636 F DEBUG   : pid: 630, tid: 630, name: main  >>> app_process <<<
09-24 09:35:17.653   636   636 F DEBUG   : signal 6 (SIGABRT), code -6 (SI_TKILL), fault addr --------
09-24 09:35:17.660   636   636 F DEBUG   : Abort message: 'art/runtime/jit/jit_code_cache.cc:185] Failed to mprotect jit code cache'
09-24 09:35:17.660   636   636 F DEBUG   :     x0   0000000000000000  x1   0000000000000276  x2   0000000000000006  x3   0000000000000008
09-24 09:35:17.660   636   636 F DEBUG   :     x4   000000000000007b  x5   ffffffffff000000  x6   0000007fb1e02918  x7   000000000000001a
09-24 09:35:17.660   636   636 F DEBUG   :     x8   0000000000000083  x9   ffffffffffffffdf  x10  0000000000000000  x11  0000000000000001
09-24 09:35:17.660   636   636 F DEBUG   :     x12  ffffffffffffffff  x13  00000000ffffffff  x14  000000000007b280  x15  0000000001000000
09-24 09:35:17.660   636   636 F DEBUG   :     x16  0000007fb2277ed8  x17  0000007fb22257dc  x18  0000000000000000  x19  0000007fb5b25b40
09-24 09:35:17.660   636   636 F DEBUG   :     x20  0000000000000006  x21  0000007fb5b25a98  x22  0000000000000000  x23  0000000000000016
09-24 09:35:17.660   636   636 F DEBUG   :     x24  0000000000000000  x25  0000000000000000  x26  612ae255f0499967  x27  0000007fc8a60931
09-24 09:35:17.660   636   636 F DEBUG   :     x28  0000007fb2179030  x29  0000007fc8a60830  x30  0000007fb2222c6c
09-24 09:35:17.660   636   636 F DEBUG   :     sp   0000007fc8a60810  pc   0000007fb22257e4  pstate 0000000060000000
09-24 09:35:17.670   636   636 F DEBUG   : 
09-24 09:35:17.670   636   636 F DEBUG   : backtrace:
09-24 09:35:17.671   636   636 F DEBUG   :     #00 pc 000000000006b7e4  /system/lib64/libc.so (tgkill+8)
09-24 09:35:17.671   636   636 F DEBUG   :     #01 pc 0000000000068c68  /system/lib64/libc.so (pthread_kill+64)
09-24 09:35:17.671   636   636 F DEBUG   :     #02 pc 0000000000024140  /system/lib64/libc.so (raise+24)
09-24 09:35:17.671   636   636 F DEBUG   :     #03 pc 000000000001cbac  /system/lib64/libc.so (abort+52)
09-24 09:35:17.671   636   636 F DEBUG   :     #04 pc 00000000004301a0  /system/lib64/libart.so (_ZN3art7Runtime5AbortEPKc+456)
09-24 09:35:17.671   636   636 F DEBUG   :     #05 pc 00000000000e5818  /system/lib64/libart.so (_ZN3art10LogMessageD2Ev+1576)
09-24 09:35:17.671   636   636 F DEBUG   :     #06 pc 00000000003146d0  /system/lib64/libart.so (_ZN3art3jit20ScopedCodeCacheWriteC2EPNS_6MemMapE+324)
09-24 09:35:17.671   636   636 F DEBUG   :     #07 pc 00000000003126e8  /system/lib64/libart.so (_ZN3art3jit12JitCodeCacheC1EPNS_6MemMapES3_mmmb+948)
09-24 09:35:17.671   636   636 F DEBUG   :     #08 pc 00000000003116cc  /system/lib64/libart.so (_ZN3art3jit12JitCodeCache6CreateEmmbPNSt3__112basic_stringIcNS2_11char_traitsIcEENS2_9allocatorIcEEEE+648)
09-24 09:35:17.671   636   636 F DEBUG   :     #09 pc 000000000030d1a0  /system/lib64/libart.so (_ZN3art3jit3Jit6CreateEPNS0_10JitOptionsEPNSt3__112basic_stringIcNS4_11char_traitsIcEENS4_9allocatorIcEEEE+112)
09-24 09:35:17.671   636   636 F DEBUG   :     #10 pc 0000000000437710  /system/lib64/libart.so (_ZN3art7Runtime9CreateJitEv+80)
09-24 09:35:17.671   636   636 F DEBUG   :     #11 pc 0000000000435d74  /system/lib64/libart.so (_ZN3art7Runtime5StartEv+436)
09-24 09:35:17.671   636   636 F DEBUG   :     #12 pc 00000000002f3278  /system/lib64/libart.so (JNI_CreateJavaVM+512)
09-24 09:35:17.671   636   636 F DEBUG   :     #13 pc 00000000000a2398  /system/lib64/libandroid_runtime.so (_ZN7android14AndroidRuntime7startVmEPP7_JavaVMPP7_JNIEnvb+2432)
09-24 09:35:17.671   636   636 F DEBUG   :     #14 pc 00000000000a2938  /system/lib64/libandroid_runtime.so (_ZN7android14AndroidRuntime5startEPKcRKNS_6VectorINS_7String8EEEb+320)
09-24 09:35:17.671   636   636 F DEBUG   :     #15 pc 0000000000002260  /system/bin/app_process64
09-24 09:35:17.671   636   636 F DEBUG   :     #16 pc 000000000001a798  /system/lib64/libc.so (__libc_init+88)
09-24 09:35:17.671   636   636 F DEBUG   :     #17 pc 0000000000001ccc  /system/bin/app_process64
--------- beginning of system
07-03 09:30:27.993  1361 29202 I chatty  : uid=1000(system) Binder:1361_1A expire 3 lines
07-03 09:30:28.023  1361  1501 I chatty  : uid=1000(system) android.io expire 3 lines
07-03 09:30:28.158  1361  1718 I chatty  : uid=1000(system) ConnectivitySer expire 6 lines
07-03 09:30:28.159  1361  7046 I chatty  : uid=1000(system) Binder:1361_16 expire 5 lines
07-03 09:30:30.266  1361 29201 I chatty  : uid=1000(system) Binder:1361_19 expire 1 line
07-03 09:30:30.266  1361  4917 I chatty  : uid=1000(system) Binder:1361_11 expire 1 line
07-03 09:30:30.267  1361  4194 I chatty  : uid=1000(system) Binder:1361_10 expire 2 lines
07-03 09:30:30.308  1361  6490 I chatty  : uid=1000 system_server expire 1 line
07-03 09:30:30.410  1361  5334 I chatty  : uid=1000(system) Binder:1361_1F expire 1 line
07-03 09:30:38.015  1361  1361 I chatty  : uid=1000 system_server expire 12 lines
07-03 09:30:38.335  2049  2049 I LoadedApk: Performing receive of Intent { act=android.intent.action.PACKAGE_CHANGED dat=package:com.skype.raider flg=0x44000010 (has extras) }, receiver=com.android.internal.telephony.SmsApplication$SmsPackageMonitor@5615d1c, duration=55
07-03 09:30:38.392  1361  1502 I chatty  : uid=1000(system) android.display expire 1 line
07-03 09:30:38.806  1361  1452 I chatty  : uid=1000(system) android.bg expire 5 lines
07-03 09:31:03.601  1361  1701 I chatty  : uid=1000(system) AlarmManager expire 8 lines
07-03 10:00:01.527  1361  2565 I chatty  : uid=1000(system) Binder:1361_B expire 2 lines
07-03 10:03:33.346  1361  1711 I chatty  : uid=1000(system) NetworkPolicy expire 2 lines
07-03 10:09:27.604  1361  1456 I chatty  : uid=1000(system) batterystats-sy expire 3 lines
07-03 10:11:51.416  1779  1779 D PowerUI : oldTemp=230, mTemp=230
07-03 10:11:51.416  1779  1779 D PowerUI : findUsbOtg =false,supportReverseCharging =1
07-03 10:11:52.085  2145  2145 I chatty  : uid=1000(system) com.asus.services expire 8 lines
07-03 10:17:53.630  1361  1361 I chatty  : uid=1000 system_server expire 33 lines
07-03 10:17:53.725 26745 26964 I LoadedApk: Performing receive of Intent { act=android.os.action.DEVICE_IDLE_MODE_CHANGED flg=0x50000010 }, receiver=bgkv@faf5418, duration=51
07-03 10:17:53.865  1361  5254 I chatty  : uid=1000(system) Binder:1361_12 expire 3 lines
07-03 10:17:54.800  1361  6974 I chatty  : uid=1000(system) Binder:1361_15 expire 6 lines
07-03 10:17:55.021  1361  2069 I chatty  : uid=1000(system) Binder:1361_5 expire 2 lines
07-03 10:17:55.350  1361 23955 I chatty  : uid=1000(system) Binder:1361_20 expire 6 lines
07-03 10:17:55.355  1361  2550 I chatty  : uid=1000(system) Binder:1361_A expire 6 lines
07-03 10:17:55.635  1361  1729 I chatty  : uid=1000(system) Binder:1361_3 expire 4 lines
07-03 10:17:55.665  1361  6622 I chatty  : uid=1000 system_server expire 1 line
07-03 10:17:55.782  1361  1453 I chatty  : uid=1000(system) ActivityManager expire 8 lines
07-03 10:17:55.785  1361  1701 I chatty  : uid=1000(system) AlarmManager expire 11 lines
07-03 10:17:55.894  1361 27613 I chatty  : uid=1000(system) Binder:1361_18 expire 2 lines
07-03 10:17:56.174  1361  2565 I chatty  : uid=1000(system) Binder:1361_B expire 3 lines
07-03 10:17:56.696  1361  4917 I chatty  : uid=1000(system) Binder:1361_11 expire 5 lines
07-03 10:17:56.755  1361  2548 I chatty  : uid=1000(system) Binder:1361_9 expire 3 lines
07-03 10:18:02.303  1361 29201 I chatty  : uid=1000(system) Binder:1361_19 expire 2 lines
07-03 10:19:22.853  1361  2587 I chatty  : uid=1000(system) Binder:1361_E expire 8 lines
07-03 10:19:22.856  1779  1779 D PowerUI : oldTemp=230, mTemp=232
07-03 10:19:22.856  1779  1779 D PowerUI : findUsbOtg =false,supportReverseCharging =1
07-03 10:25:18.357  1361  1452 I chatty  : uid=1000(system) android.bg expire 3 lines
07-03 10:25:18.407  1361  1711 I chatty  : uid=1000(system) NetworkPolicy expire 2 lines
07-03 11:03:38.889  1361  1709 I chatty  : uid=1000(system) NetworkStats expire 3 lines
07-03 11:03:39.246  1361  1952 I chatty  : uid=1000(system) Binder:1361_4 expire 6 lines
07-03 11:05:52.065  1361  1361 I chatty  : uid=1000 system_server expire 18 lines
07-03 11:05:52.175  1361  1724 I chatty  : uid=1000(system) onProviders.ECP expire 4 lines
07-03 11:09:25.356  1361  1454 I chatty  : uid=1000(system) android.ui expire 2 lines
07-03 11:24:30.035  1361  1703 I chatty  : uid=1000(system) InputReader expire 1 line
07-03 11:24:30.101  1361  1506 I chatty  : uid=1000(system) PowerManagerSer expire 11 lines
07-03 11:24:30.117  1361  1502 I chatty  : uid=1000(system) android.display expire 1 line
07-03 11:24:30.207  1361  1701 I chatty  : uid=1000(system) AlarmManager expire 2 lines
07-03 11:24:30.210 26745 26916 I LoadedApk: Performing receive of Intent { act=android.os.action.DEVICE_IDLE_MODE_CHANGED flg=0x50000010 }, receiver=com.google.android.location.util.DeviceIdleHelper$PowerManagerReciever@96ebc6a, duration=65
07-03 11:24:30.383  1361  1759 I chatty  : uid=1000(system) PhotonicModulat expire 10 lines
07-03 11:24:30.432 26745 26964 I LoadedApk: Performing receive of Intent { act=android.os.action.DEVICE_IDLE_MODE_CHANGED flg=0x50000010 }, receiver=bgkv@faf5418, duration=288
07-03 11:24:30.477  6789  6789 I ActivityThread: Performing receive of Intent { act=android.intent.action.TIME_SET flg=0x24000010 cmp=com.asus.weathertime/.WeatherWidgetProviderPhone }: app=com.asus.weathertime.WeatherApplication@f3b9b18, appName=com.asus.weathertime, pkg=com.asus.weathertime, comp={com.asus.weathertime/com.asus.weathertime.WeatherWidgetProviderPhone}, dir=/data/app/com.asus.weathertime-1/base.apk, duration=370
07-03 11:24:30.542  6789  6789 I ActivityThread: Performing receive of Intent { act=android.intent.action.TIME_SET flg=0x24000010 cmp=com.asus.weathertime/.WeatherWidgetProviderPhoneLockscreenSecurityMode }: app=com.asus.weathertime.WeatherApplication@f3b9b18, appName=com.asus.weathertime, pkg=com.asus.weathertime, comp={com.asus.weathertime/com.asus.weathertime.WeatherWidgetProviderPhoneLockscreenSecurityMode}, dir=/data/app/com.asus.weathertime-1/base.apk, duration=60
07-03 11:24:30.641  1361  1361 I chatty  : uid=1000 system_server expire 22 lines
07-03 11:24:30.905  1361  2567 I chatty  : uid=1000(system) Binder:1361_C expire 2 lines
07-03 11:24:31.126  6789  6789 I ActivityThread: Performing receive of Intent { act=android.intent.action.TIME_SET flg=0x24000010 cmp=com.asus.weathertime/.WeatherWidgetProviderPhoneWithForecast }: app=com.asus.weathertime.WeatherApplication@f3b9b18, appName=com.asus.weathertime, pkg=com.asus.weathertime, comp={com.asus.weathertime/com.asus.weathertime.WeatherWidgetProviderPhoneWithForecast}, dir=/data/app/com.asus.weathertime-1/base.apk, duration=581
07-03 11:24:31.145  1361 30118 I chatty  : uid=1000(system) Binder:1361_1B expire 3 lines
07-03 11:24:32.078  1779  1779 D PowerUI : oldTemp=232, mTemp=232
07-03 11:24:32.078  1779  1779 D PowerUI : findUsbOtg =false,supportReverseCharging =1
07-03 11:24:32.112  2049  2049 I LoadedApk: Performing receive of Intent { act=android.intent.action.BATTERY_CHANGED flg=0x60000010 (has extras) }, receiver=com.qualcomm.ims.vt.LowBatteryHandler$1@303fe3b, duration=71
07-03 11:24:32.159  6928  6928 I LoadedApk: Performing receive of Intent { act=android.net.conn.CONNECTIVITY_CHANGE flg=0x4000010 (has extras) }, receiver=kds@3f233b4, duration=203
07-03 11:24:33.089  1361  2071 I chatty  : uid=1000(system) Binder:1361_6 expire 1 line
07-03 11:24:33.089  1361 30121 I chatty  : uid=1000(system) Binder:1361_1D expire 7 lines
07-03 11:24:33.094  1361  1718 I chatty  : uid=1000(system) ConnectivitySer expire 2 lines
07-03 11:24:33.454  1361  7007 I chatty  : uid=1000 system_server expire 1 line
07-03 11:24:33.711  1779  1779 V KeyguardDisplayManager: hide
07-03 11:24:33.738  1361  7059 I chatty  : uid=1000(system) Binder:1361_17 expire 2 lines
07-03 11:24:33.836  6967  6967 I ActivityThread: Performing receive of Intent { act=android.intent.action.TIME_SET flg=0x24000010 cmp=com.google.android.apps.tachyon/androidx.work.impl.background.systemalarm.RescheduleReceiver }: app=com.google.android.apps.tachyon.TachyonApplication@953472e, appName=com.google.android.apps.tachyon, pkg=com.google.android.apps.tachyon, comp={com.google.android.apps.tachyon/androidx.work.impl.background.systemalarm.RescheduleReceiver}, dir=/data/app/com.google.android.apps.tachyon-1/base.apk, duration=61
07-03 11:24:33.886 26745 26745 I LoadedApk: Performing receive of Intent { act=android.intent.action.USER_PRESENT flg=0x24000010 }, receiver=com.google.android.gms.trustagent.trustlet.InactivityTracker$1@7d52289, duration=141
07-03 11:24:33.941  1361  5258 I chatty  : uid=1000(system) Binder:1361_14 expire 3 lines
07-03 11:24:35.333  7030  7030 I ActivityThread: Performing receive of Intent { act=android.intent.action.TIME_SET flg=0x24000010 cmp=com.google.android.calendar/com.android.calendar.widget.CalendarAppWidgetProvider }: app=com.google.android.calendar.CalendarApplication@198e0ef, appName=com.google.android.calendar, pkg=com.google.android.calendar, comp={com.google.android.calendar/com.android.calendar.widget.CalendarAppWidgetProvider}, dir=/data/app/com.google.android.calendar-1/base.apk, duration=69
07-03 11:24:35.352  1361  2432 I chatty  : uid=1000(system) Binder:1361_7 expire 2 lines
07-03 11:24:36.377  7175  7175 I ActivityThread: Performing receive of Intent { act=android.intent.action.TIME_SET flg=0x24000010 cmp=com.google.android.instantapps.supervisor/androidx.work.impl.background.systemalarm.RescheduleReceiver }: app=com.google.android.instantapps.supervisor.SupervisorApplication@385d4b2, appName=com.google.android.instantapps.supervisor, pkg=com.google.android.instantapps.supervisor, comp={com.google.android.instantapps.supervisor/androidx.work.impl.background.systemalarm.RescheduleReceiver}, dir=/data/app/com.google.android.instantapps.supervisor-1/base.apk, duration=408
07-03 11:24:37.823  1361 30122 I chatty  : uid=1000(system) Binder:1361_1E expire 5 lines
07-03 11:24:37.935  1361  1417 I chatty  : uid=1000(system) Binder:1361_1 expire 4 lines
07-03 11:24:38.105  1361  5257 I chatty  : uid=1000(system) Binder:1361_13 expire 1 line
07-03 11:24:38.186  1361  1418 I chatty  : uid=1000(system) Binder:1361_2 expire 1 line
07-03 11:24:38.385  7246  7246 I ActivityThread: Performing receive of Intent { act=android.intent.action.TIME_SET flg=0x24000010 cmp=com.viber.voip/androidx.work.impl.background.systemalarm.RescheduleReceiver }: app=com.viber.voip.ManifestViberApplication@5b8ede3, appName=com.viber.voip, pkg=com.viber.voip, comp={com.viber.voip/androidx.work.impl.background.systemalarm.RescheduleReceiver}, dir=/data/app/com.viber.voip-2/base.apk, duration=59
07-03 11:24:38.410  1361  7363 I chatty  : uid=1000 system_server expire 1 line
07-03 11:24:38.648  1361  2947 I chatty  : uid=1000(system) Binder:1361_F expire 1 line
07-03 11:24:39.074  1361  1501 I chatty  : uid=1000(system) android.io expire 3 lines
07-03 11:24:40.192  2145  4543 I chatty  : uid=1000(system) measurement-1 expire 3 lines
07-03 11:24:41.711  1361  7046 I chatty  : uid=1000(system) Binder:1361_16 expire 1 line
07-03 11:24:43.344  1361 29202 I chatty  : uid=1000(system) Binder:1361_1A expire 1 line
07-03 11:24:43.752  7649  7649 I ActivityThread: Performing receive of Intent { act=com.asus.weathertime.weatherIntentAction flg=0x10 pkg=com.asus.weathertime cmp=com.asus.weathertime/.WeatherWidgetProviderPhone (has extras) }: app=com.asus.weathertime.WeatherApplication@35d7de, appName=com.asus.weathertime, pkg=com.asus.weathertime, comp={com.asus.weathertime/com.asus.weathertime.WeatherWidgetProviderPhone}, dir=/data/app/com.asus.weathertime-1/base.apk, duration=105
07-03 11:24:43.894  7649  7649 I ActivityThread: Performing receive of Intent { act=com.asus.weathertime.weatherIntentAction flg=0x10 pkg=com.asus.weathertime cmp=com.asus.weathertime/.WeatherWidgetProviderPhoneWithForecast (has extras) }: app=com.asus.weathertime.WeatherApplication@35d7de, appName=com.asus.weathertime, pkg=com.asus.weathertime, comp={com.asus.weathertime/com.asus.weathertime.WeatherWidgetProviderPhoneWithForecast}, dir=/data/app/com.asus.weathertime-1/base.apk, duration=134
07-03 11:24:44.191  1361  2533 I chatty  : uid=1000(system) Binder:1361_8 expire 4 lines
07-03 11:24:45.007  2145  2145 I chatty  : uid=1000(system) com.asus.services expire 2 lines
07-03 11:24:45.446  1361  1536 I chatty  : uid=1000(system) PackageManager expire 1 line
07-03 11:24:45.524  1361 29201 I chatty  : uid=1000(system) Binder:1361_19 expire 3 lines
07-03 11:24:47.244  1361 30119 I chatty  : uid=1000(system) Binder:1361_1C expire 2 lines
07-03 11:24:48.937  1361 30118 I chatty  : uid=1000(system) Binder:1361_1B expire 1 line
07-03 11:24:51.354  1361  1361 I chatty  : uid=1000 system_server expire 156 lines
07-03 11:25:00.017  1361  1453 I chatty  : uid=1000(system) ActivityManager expire 1 line
07-03 11:25:29.463  1361  1729 I chatty  : uid=1000(system) Binder:1361_3 expire 2 lines
07-03 11:25:35.268  1361  5258 I chatty  : uid=1000(system) Binder:1361_14 expire 6 lines
07-03 11:25:41.328  1361  2548 I chatty  : uid=1000(system) Binder:1361_9 expire 1 line
07-03 11:25:49.481  1361  7059 I chatty  : uid=1000(system) Binder:1361_17 expire 1 line
07-03 11:26:19.707  1361  2580 I chatty  : uid=1000(system) Binder:1361_D expire 1 line
07-03 11:26:42.228  1361  1759 I chatty  : uid=1000(system) PhotonicModulat expire 10 lines
07-03 11:26:49.223  1361  1506 I chatty  : uid=1000(system) PowerManagerSer expire 4 lines
07-03 11:26:49.735  1361  6974 I chatty  : uid=1000(system) Binder:1361_15 expire 1 line
07-03 11:26:50.198  1361  5257 I chatty  : uid=1000(system) Binder:1361_13 expire 2 lines
07-03 11:26:50.200  1361  4917 I chatty  : uid=1000(system) Binder:1361_11 expire 2 lines
07-03 11:26:50.223  1361  1502 I chatty  : uid=1000(system) android.display expire 1 line
07-03 11:26:55.327  1361  1701 I chatty  : uid=1000(system) AlarmManager expire 12 lines
07-03 11:26:55.344  1361 30121 I chatty  : uid=1000(system) Binder:1361_1D expire 2 lines
07-03 11:26:55.789  1779  1779 V KeyguardDisplayManager: show
07-03 11:27:51.499  1361  5334 I chatty  : uid=1000(system) Binder:1361_1F expire 1 line
07-03 11:28:51.671 31247 31316 I LoadedApk: Performing receive of Intent { act=WakingExecutorService.ACTION_ALARM.com.facebook.orca.Mqtt_Wakeup flg=0x14 pkg=com.facebook.orca (has extras) }, receiver=X.1OY@17231ed, duration=68
07-03 11:29:21.419  1361  7046 I chatty  : uid=1000(system) Binder:1361_16 expire 3 lines
07-03 11:29:21.422  1779  1779 D PowerUI : oldTemp=232, mTemp=240
07-03 11:29:21.422  1779  1779 D PowerUI : findUsbOtg =false,supportReverseCharging =1
07-03 11:30:03.331  1361  1452 I chatty  : uid=1000(system) android.bg expire 3 lines
07-03 11:30:03.347  1361  1361 I chatty  : uid=1000 system_server expire 26 lines
07-03 11:30:03.434  1361  1711 I chatty  : uid=1000(system) NetworkPolicy expire 5 lines
07-03 11:30:03.521  1361  1709 I chatty  : uid=1000(system) NetworkStats expire 3 lines
07-03 11:30:04.012  1361  4194 I chatty  : uid=1000(system) Binder:1361_10 expire 3 lines
07-03 11:38:51.803 31247 31316 I LoadedApk: Performing receive of Intent { act=KeepaliveManager.ACTION_INEXACT_ALARM.MqttLite.com.facebook.orca flg=0x14 pkg=com.facebook.orca (has extras) }, receiver=X.0BC@4294d61, duration=60
07-03 11:39:21.486  1361  1701 I chatty  : uid=1000(system) AlarmManager expire 12 lines
07-03 11:39:21.543  1361 30122 I chatty  : uid=1000(system) Binder:1361_1E expire 3 lines
07-03 11:39:21.546  1779  1779 D PowerUI : oldTemp=240, mTemp=240
07-03 11:39:21.546  1779  1779 D PowerUI : findUsbOtg =false,supportReverseCharging =1
07-03 11:59:25.986  1779  1779 D PowerUI : oldTemp=240, mTemp=232
07-03 11:59:25.986  1779  1779 D PowerUI : findUsbOtg =false,supportReverseCharging =1
07-03 12:03:42.508  1361  1701 I chatty  : uid=1000(system) AlarmManager expire 17 lines
07-03 12:06:07.261  1361  2533 I chatty  : uid=1000(system) Binder:1361_8 expire 3 lines
07-03 12:06:07.310  8049  8049 I ActivityThread: Performing receive of Intent { act=com.asus.filemanager.check_large_file flg=0x14 cmp=com.asus.filemanager/.receiver.MediaScannerBroadcastReceiver (has extras) }: app=com.asus.filemanager.activity.FileManagerApplication@8cb71f6, appName=com.asus.filemanager, pkg=com.asus.filemanager, comp={com.asus.filemanager/com.asus.filemanager.receiver.MediaScannerBroadcastReceiver}, dir=/data/app/com.asus.filemanager-1/base.apk, duration=410
07-03 12:06:07.416 26745 26964 I LoadedApk: Performing receive of Intent { act=com.google.android.location.ALARM_WAKEUP_LOCATOR flg=0x14 (has extras) }, receiver=bgkv@faf5418, duration=103
07-03 12:06:07.432  1361  2947 I chatty  : uid=1000(system) Binder:1361_F expire 1 line
07-03 12:06:08.020  1361  2550 I chatty  : uid=1000(system) Binder:1361_A expire 2 lines
07-03 12:20:29.090  8093  8093 I LoadedApk: Performing receive of Intent { act=android.intent.action.TIME_SET flg=0x24000010 }, receiver=X.0SU@3dff369, duration=61
07-03 12:20:29.106  7030  7030 I LoadedApk: Performing receive of Intent { act=android.intent.action.TIME_SET flg=0x24000010 }, receiver=cal.cua@58e0532, duration=68
07-03 12:20:29.118  2145  8186 I chatty  : uid=1000(system) com.asus.services expire 1 line
07-03 12:20:29.174  1361  1724 I chatty  : uid=1000(system) onProviders.ECP expire 4 lines
07-03 12:20:29.175  2145  2145 I chatty  : uid=1000(system) com.asus.services expire 8 lines
07-03 12:20:29.177  7988  7988 I ActivityThread: Performing receive of Intent { act=android.intent.action.TIME_SET flg=0x24000010 cmp=com.asus.deskclock/com.asus.alarmclock.DigitalAppWidgetProvider }: app=com.asus.deskclock.more.DeskClockApplication@5238ed0, appName=com.asus.deskclock, pkg=com.asus.deskclock, comp={com.asus.deskclock/com.asus.alarmclock.DigitalAppWidgetProvider}, dir=/data/app/com.asus.deskclock-1/base.apk, duration=72
07-03 12:20:29.182  1361  7046 I chatty  : uid=1000(system) Binder:1361_16 expire 8 lines
07-03 12:20:29.202  1361  6974 I chatty  : uid=1000(system) Binder:1361_15 expire 4 lines
07-03 12:20:29.203  1361 29201 I chatty  : uid=1000(system) Binder:1361_19 expire 6 lines
07-03 12:20:29.203  1361  1718 I chatty  : uid=1000(system) ConnectivitySer expire 4 lines
07-03 12:20:29.231  1361  8207 I chatty  : uid=1000(system) Chrome_InProcRe expire 1 line
07-03 12:20:29.397  1361 29202 I chatty  : uid=1000(system) Binder:1361_1A expire 1 line
07-03 12:20:29.401  1361  1453 I chatty  : uid=1000(system) ActivityManager expire 10 lines
07-03 12:22:39.493  7945  7945 I ActivityThread: Performing receive of Intent { act=android.intent.action.TIME_SET flg=0x24000010 cmp=com.asus.weathertime/.WeatherWidgetProviderPhone }: app=com.asus.weathertime.WeatherApplication@b9eb530, appName=com.asus.weathertime, pkg=com.asus.weathertime, comp={com.asus.weathertime/com.asus.weathertime.WeatherWidgetProviderPhone}, dir=/data/app/com.asus.weathertime-1/base.apk, duration=90
07-03 12:22:40.442  7945  7945 I ActivityThread: Performing receive of Intent { act=android.intent.action.TIME_SET flg=0x24000010 cmp=com.asus.weathertime/.WeatherWidgetProviderPhoneWithForecast }: app=com.asus.weathertime.WeatherApplication@b9eb530, appName=com.asus.weathertime, pkg=com.asus.weathertime, comp={com.asus.weathertime/com.asus.weathertime.WeatherWidgetProviderPhoneWithForecast}, dir=/data/app/com.asus.weathertime-1/base.apk, duration=930
07-03 12:22:40.463  1361  1418 I chatty  : uid=1000(system) Binder:1361_2 expire 4 lines
07-03 12:22:40.881  1361  2071 I chatty  : uid=1000(system) Binder:1361_6 expire 6 lines
07-03 12:22:41.162  1361  2550 I chatty  : uid=1000(system) Binder:1361_A expire 3 lines
07-03 12:22:41.172  1361  1361 I chatty  : uid=1000 system_server expire 28 lines
07-03 12:22:41.232  1361  5258 I chatty  : uid=1000(system) Binder:1361_14 expire 2 lines
07-03 12:22:41.566  8244  8244 I ActivityThread: Performing receive of Intent { act=android.intent.action.TIME_SET flg=0x24000010 cmp=com.google.android.apps.tachyon/androidx.work.impl.background.systemalarm.RescheduleReceiver }: app=com.google.android.apps.tachyon.TachyonApplication@953472e, appName=com.google.android.apps.tachyon, pkg=com.google.android.apps.tachyon, comp={com.google.android.apps.tachyon/androidx.work.impl.background.systemalarm.RescheduleReceiver}, dir=/data/app/com.google.android.apps.tachyon-1/base.apk, duration=58
07-03 12:22:41.657  1361  2947 I chatty  : uid=1000(system) Binder:1361_F expire 1 line
07-03 12:22:42.022  1361 30122 I chatty  : uid=1000(system) Binder:1361_1E expire 4 lines
07-03 12:22:42.517  1361  4194 I chatty  : uid=1000(system) Binder:1361_10 expire 7 lines
07-03 12:22:42.616  8394  8394 I ActivityThread: Performing receive of Intent { act=android.intent.action.TIME_SET flg=0x24000010 cmp=com.qualcomm.timeservice/.TimeServiceBroadcastReceiver }: app=android.app.Application@2ce8615, appName=com.qualcomm.timeservice, pkg=com.qualcomm.timeservice, comp={com.qualcomm.timeservice/com.qualcomm.timeservice.TimeServiceBroadcastReceiver}, dir=/system/app/TimeService/TimeService.apk, duration=62
07-03 12:22:43.104  8419  8419 I ActivityThread: Performing receive of Intent { act=android.intent.action.TIME_SET flg=0x24000010 cmp=com.google.android.instantapps.supervisor/androidx.work.impl.background.systemalarm.RescheduleReceiver }: app=com.google.android.instantapps.supervisor.SupervisorApplication@bb7c067, appName=com.google.android.instantapps.supervisor, pkg=com.google.android.instantapps.supervisor, comp={com.google.android.instantapps.supervisor/androidx.work.impl.background.systemalarm.RescheduleReceiver}, dir=/data/app/com.google.android.instantapps.supervisor-1/base.apk, duration=210
07-03 12:22:43.162  1361 27613 I chatty  : uid=1000(system) Binder:1361_18 expire 2 lines
07-03 12:22:43.225  1361  5334 I chatty  : uid=1000(system) Binder:1361_1F expire 13 lines
07-03 12:22:43.758  1361  1952 I chatty  : uid=1000(system) Binder:1361_4 expire 7 lines
07-03 12:22:44.102  8460  8460 I ActivityThread: Performing receive of Intent { act=android.intent.action.TIME_SET flg=0x24000010 cmp=com.viber.voip/androidx.work.impl.background.systemalarm.RescheduleReceiver }: app=com.viber.voip.ManifestViberApplication@3058208, appName=com.viber.voip, pkg=com.viber.voip, comp={com.viber.voip/androidx.work.impl.background.systemalarm.RescheduleReceiver}, dir=/data/app/com.viber.voip-2/base.apk, duration=51
07-03 12:22:44.221  1361  5257 I chatty  : uid=1000(system) Binder:1361_13 expire 4 lines
07-03 12:22:44.350  1361  1501 I chatty  : uid=1000(system) android.io expire 3 lines
07-03 12:22:44.402  1361  1701 I chatty  : uid=1000(system) AlarmManager expire 16 lines
07-03 12:22:44.433  1361  1452 I chatty  : uid=1000(system) android.bg expire 3 lines
07-03 12:22:44.434  1361  1711 I chatty  : uid=1000(system) NetworkPolicy expire 3 lines
07-03 12:22:44.778  1361 30121 I chatty  : uid=1000(system) Binder:1361_1D expire 8 lines
07-03 12:22:44.841  1361  2533 I chatty  : uid=1000(system) Binder:1361_8 expire 1 line
07-03 12:22:45.049  1361 30118 I chatty  : uid=1000(system) Binder:1361_1B expire 1 line
07-03 12:22:45.054  1361  2565 I chatty  : uid=1000(system) Binder:1361_B expire 4 lines
07-03 12:22:46.508  7945  7945 I ActivityThread: Performing receive of Intent { act=com.asus.weathertime.weatherIntentAction flg=0x10 pkg=com.asus.weathertime cmp=com.asus.weathertime/.WeatherWidgetProviderPhone (has extras) }: app=com.asus.weathertime.WeatherApplication@b9eb530, appName=com.asus.weathertime, pkg=com.asus.weathertime, comp={com.asus.weathertime/com.asus.weathertime.WeatherWidgetProviderPhone}, dir=/data/app/com.asus.weathertime-1/base.apk, duration=94
07-03 12:22:46.663  7945  7945 I ActivityThread: Performing receive of Intent { act=com.asus.weathertime.weatherIntentAction flg=0x10 pkg=com.asus.weathertime cmp=com.asus.weathertime/.WeatherWidgetProviderPhoneWithForecast (has extras) }: app=com.asus.weathertime.WeatherApplication@b9eb530, appName=com.asus.weathertime, pkg=com.asus.weathertime, comp={com.asus.weathertime/com.asus.weathertime.WeatherWidgetProviderPhoneWithForecast}, dir=/data/app/com.asus.weathertime-1/base.apk, duration=146
07-03 12:22:47.414  1361 23955 I chatty  : uid=1000(system) Binder:1361_20 expire 3 lines
07-03 12:30:48.437  1361  1709 I chatty  : uid=1000(system) NetworkStats expire 1 line
07-03 12:38:21.956  1361  1703 I chatty  : uid=1000(system) InputReader expire 1 line
07-03 12:38:22.140  1361  1506 I chatty  : uid=1000(system) PowerManagerSer expire 16 lines
07-03 12:38:22.141 10116 10116 I ActivityThread: Performing receive of Intent { act=android.intent.action.DROPBOX_ENTRY_ADDED flg=0x10 cmp=com.google.android.gms/.stats.service.DropBoxEntryAddedReceiver (has extras) }: app=co.g.App@d76d995, appName=com.google.android.gms, pkg=com.google.android.gms, comp={com.google.android.gms/com.google.android.gms.stats.service.DropBoxEntryAddedReceiver}, dir=/data/app/com.google.android.gms-2/base.apk, duration=180
07-03 12:38:22.176  1361  1502 I chatty  : uid=1000(system) android.display expire 1 line
07-03 12:38:22.430  1361  1759 I chatty  : uid=1000(system) PhotonicModulat expire 65 lines
07-03 12:38:23.498  1361  1456 I chatty  : uid=1000(system) batterystats-sy expire 3 lines
07-03 12:38:23.540  1779  1779 D PowerUI : oldTemp=232, mTemp=232
07-03 12:38:23.540  1779  1779 D PowerUI : findUsbOtg =false,supportReverseCharging =1
07-03 12:38:23.540  1779  1779 I PowerUI.Notification: show low battery warning: level=15 [-1] playSound=true
07-03 12:38:23.880  1361  4917 I chatty  : uid=1000(system) Binder:1361_11 expire 3 lines
07-03 12:38:23.959 31247 31247 I LoadedApk: Performing receive of Intent { act=android.intent.action.BATTERY_LOW flg=0x4000010 }, receiver=X.2xB@9f3f351, duration=439
07-03 12:38:23.987  1361  1453 I chatty  : uid=1000(system) ActivityManager expire 4 lines
07-03 12:38:24.179  1361  1361 I chatty  : uid=1000 system_server expire 34 lines
07-03 12:38:24.644  1361 30119 I chatty  : uid=1000(system) Binder:1361_1C expire 2 lines
07-03 12:38:24.983  1779  1779 V KeyguardDisplayManager: hide
07-03 12:38:25.131  6624  6624 I LoadedApk: Performing receive of Intent { act=android.intent.action.USER_PRESENT flg=0x24000010 }, receiver=com.android.launcher3.lu@fac62d9, duration=122
07-03 12:38:25.156  1361  1417 I chatty  : uid=1000(system) Binder:1361_1 expire 1 line
07-03 12:38:25.543  1361  2567 I chatty  : uid=1000(system) Binder:1361_C expire 2 lines
07-03 12:38:25.636  1361  2432 I chatty  : uid=1000(system) Binder:1361_7 expire 1 line
07-03 12:38:27.137  1361  1702 I chatty  : uid=1000(system) InputDispatcher expire 4 lines
07-03 12:38:27.513  2145  4543 I chatty  : uid=1000(system) measurement-1 expire 3 lines
07-03 12:38:29.055  1361  2548 I chatty  : uid=1000(system) Binder:1361_9 expire 1 line
07-03 12:38:29.158  1361 30119 I chatty  : uid=1000(system) Binder:1361_1C expire 3 lines
07-03 12:38:29.158  1361  4917 I chatty  : uid=1000(system) Binder:1361_11 expire 3 lines
07-03 12:38:29.158  1361 29202 I chatty  : uid=1000(system) Binder:1361_1A expire 3 lines
07-03 12:38:29.159  1361  1718 I chatty  : uid=1000(system) ConnectivitySer expire 10 lines
07-03 12:38:29.167  1361 30122 I chatty  : uid=1000(system) Binder:1361_1E expire 1 line
07-03 12:38:29.230  1361  2580 I chatty  : uid=1000(system) Binder:1361_D expire 1 line
07-03 12:38:29.233  1361  8853 I chatty  : uid=1000 system_server expire 1 line
07-03 12:38:29.258  2145  2145 I chatty  : uid=1000(system) com.asus.services expire 4 lines
07-03 12:38:29.417  1361 30118 I chatty  : uid=1000(system) Binder:1361_1B expire 3 lines
07-03 12:38:30.463  1361  2550 I chatty  : uid=1000(system) Binder:1361_A expire 4 lines
07-03 12:38:33.607  1361  5257 I chatty  : uid=1000(system) Binder:1361_13 expire 1 line
07-03 12:38:33.622  1361  5254 I chatty  : uid=1000(system) Binder:1361_12 expire 1 line
07-03 12:38:35.990  1361  2565 I chatty  : uid=1000(system) Binder:1361_B expire 4 lines
07-03 12:38:36.470  2145  4543 I chatty  : uid=1000(system) measurement-1 expire 2 lines
07-03 12:38:36.566  1361  1361 I chatty  : uid=1000 system_server expire 28 lines
07-03 12:38:36.586  8940  8940 I ActivityThread: Performing receive of Intent { act=com.asus.weathertime.weatherIntentAction flg=0x10 pkg=com.asus.weathertime cmp=com.asus.weathertime/.WeatherWidgetProviderPhone (has extras) }: app=com.asus.weathertime.WeatherApplication@4492c8c, appName=com.asus.weathertime, pkg=com.asus.weathertime, comp={com.asus.weathertime/com.asus.weathertime.WeatherWidgetProviderPhone}, dir=/data/app/com.asus.weathertime-1/base.apk, duration=85
07-03 12:38:36.693  8940  8940 I ActivityThread: Performing receive of Intent { act=com.asus.weathertime.weatherIntentAction flg=0x10 pkg=com.asus.weathertime cmp=com.asus.weathertime/.WeatherWidgetProviderPhoneWithForecast (has extras) }: app=com.asus.weathertime.WeatherApplication@4492c8c, appName=com.asus.weathertime, pkg=com.asus.weathertime, comp={com.asus.weathertime/com.asus.weathertime.WeatherWidgetProviderPhoneWithForecast}, dir=/data/app/com.asus.weathertime-1/base.apk, duration=95
07-03 12:38:36.807  8940  8940 I ActivityThread: Performing receive of Intent { act=com.asus.weathertime.weatherIntentAction flg=0x10 pkg=com.asus.weathertime cmp=com.asus.weathertime/.WeatherWidgetProviderPhone (has extras) }: app=com.asus.weathertime.WeatherApplication@4492c8c, appName=com.asus.weathertime, pkg=com.asus.weathertime, comp={com.asus.weathertime/com.asus.weathertime.WeatherWidgetProviderPhone}, dir=/data/app/com.asus.weathertime-1/base.apk, duration=78
07-03 12:38:36.934  8940  8940 I ActivityThread: Performing receive of Intent { act=com.asus.weathertime.weatherIntentAction flg=0x10 pkg=com.asus.weathertime cmp=com.asus.weathertime/.WeatherWidgetProviderPhoneWithForecast (has extras) }: app=com.asus.weathertime.WeatherApplication@4492c8c, appName=com.asus.weathertime, pkg=com.asus.weathertime, comp={com.asus.weathertime/com.asus.weathertime.WeatherWidgetProviderPhoneWithForecast}, dir=/data/app/com.asus.weathertime-1/base.apk, duration=120
07-03 12:38:38.406  1361  1502 I chatty  : uid=1000(system) android.display expire 1 line
07-03 12:38:39.132  1361  1711 I chatty  : uid=1000(system) NetworkPolicy expire 3 lines
07-03 12:38:39.151  1361  2663 I chatty  : uid=1000(system) IzatServiceBase expire 1 line
07-03 12:38:39.159 26745 26964 I LoadedApk: Performing receive of Intent { act=android.net.conn.CONNECTIVITY_CHANGE flg=0x4000010 (has extras) }, receiver=bgkv@faf5418, duration=65
07-03 12:38:39.161  1779  2199 I LoadedApk: Performing receive of Intent { act=android.net.conn.CONNECTIVITY_CHANGE flg=0x4000010 (has extras) }, receiver=com.android.systemui.statusbar.policy.NetworkControllerImpl@8066ec2, duration=71
07-03 12:38:39.166 10116 10116 I LoadedApk: Performing receive of Intent { act=android.net.conn.CONNECTIVITY_CHANGE flg=0x4000010 (has extras) }, receiver=bcle@48d8e5d, duration=52
07-03 12:38:39.169 25837 25837 I LoadedApk: Performing receive of Intent { act=android.net.conn.CONNECTIVITY_CHANGE flg=0x4000010 (has extras) }, receiver=com.avast.android.sdk.update.VpsUpdateService$a@a75fc03, duration=70
07-03 12:38:39.271  1361  1418 I chatty  : uid=1000(system) Binder:1361_2 expire 2 lines
07-03 12:38:39.290 26745 26745 I LoadedApk: Performing receive of Intent { act=android.net.conn.CONNECTIVITY_CHANGE flg=0x4000010 (has extras) }, receiver=com.google.android.gms.backup.transport.BackupTransportChimeraService$1@56997d2, duration=155
07-03 12:38:39.317 31247 31247 I LoadedApk: Performing receive of Intent { act=android.net.conn.CONNECTIVITY_CHANGE flg=0x4000010 (has extras) }, receiver=X.0fw@d41973, duration=220
07-03 12:38:39.340  8940  8940 I LoadedApk: Performing receive of Intent { act=android.net.conn.CONNECTIVITY_CHANGE flg=0x4000010 (has extras) }, receiver=com.asus.weathertime.WeatherTimeSettings$a@67055ba, duration=243
07-03 12:38:39.355 10116 10116 I LoadedApk: Performing receive of Intent { act=android.net.conn.CONNECTIVITY_CHANGE flg=0x4000010 (has extras) }, receiver=com.google.android.gms.drive.networkcontrol.ConnectivityChangeReceiver@d86dae3, duration=188
07-03 12:38:39.577  3520  3520 I LoadedApk: Performing receive of Intent { act=android.net.conn.CONNECTIVITY_CHANGE flg=0x4000010 (has extras) }, receiver=org.telegram.messenger.ApplicationLoader$1@e16079f, duration=445
07-03 12:38:39.655  9049  9049 I ActivityThread: Performing receive of Intent { act=android.net.conn.CONNECTIVITY_CHANGE flg=0x4000010 cmp=com.asus.livedemoservice/.receiver.NetworkChangeReceiver (has extras) }: app=android.app.Application@5c160b8, appName=com.asus.livedemoservice, pkg=com.asus.livedemoservice, comp={com.asus.livedemoservice/com.asus.livedemoservice.receiver.NetworkChangeReceiver}, dir=/system/priv-app/AsusLiveDemoService/AsusLiveDemoService.apk, duration=128
07-03 12:38:39.909 31247 31316 I LoadedApk: Performing receive of Intent { act=android.net.conn.CONNECTIVITY_CHANGE flg=0x4000010 (has extras) }, receiver=X.0Ai@7ea17e5, duration=810
07-03 12:38:41.534  9119  9154 E ActivityThread: Failed to find provider info for com.facebook.appmanager.nekodirect
07-03 12:38:41.623  1361  1702 I chatty  : uid=1000(system) InputDispatcher expire 4 lines
07-03 12:38:41.809  1361 30118 I chatty  : uid=1000(system) Binder:1361_1B expire 3 lines
07-03 12:38:41.832  2145  2145 I chatty  : uid=1000(system) com.asus.services expire 4 lines
07-03 12:38:42.659  1361  5254 I chatty  : uid=1000(system) Binder:1361_12 expire 1 line
07-03 12:38:42.734  1361  5258 I chatty  : uid=1000(system) Binder:1361_14 expire 2 lines
07-03 12:38:43.001  1361  2947 I chatty  : uid=1000(system) Binder:1361_F expire 6 lines
07-03 12:38:43.967 10116 16403 W PackageParser: Unknown element under <manifest>: queries at /data/user_de/0/com.google.android.gms/app_chimera/m/0000019b/dl-Payments.integ_202390001000406.apk Binary XML file line #5
07-03 12:38:44.067  2145  4543 I chatty  : uid=1000(system) measurement-1 expire 2 lines
07-03 12:38:44.898  1361  1701 I chatty  : uid=1000(system) AlarmManager expire 6 lines
07-03 12:38:45.107  1361  5257 I chatty  : uid=1000(system) Binder:1361_13 expire 2 lines
07-03 12:38:45.427  8940  8940 I LoadedApk: Performing receive of Intent { act=com.asus.weathertime.weatherIntentAction flg=0x10 pkg=com.asus.weathertime (has extras) }, receiver=com.asus.weathertime.WeatherTimeSettings$a@495fd3b, duration=102
07-03 12:38:45.637  8940  8940 I ActivityThread: Performing receive of Intent { act=com.asus.weathertime.weatherIntentAction flg=0x10 pkg=com.asus.weathertime cmp=com.asus.weathertime/.WeatherWidgetProviderPhone (has extras) }: app=com.asus.weathertime.WeatherApplication@4492c8c, appName=com.asus.weathertime, pkg=com.asus.weathertime, comp={com.asus.weathertime/com.asus.weathertime.WeatherWidgetProviderPhone}, dir=/data/app/com.asus.weathertime-1/base.apk, duration=107
07-03 12:38:45.783  8940  8940 I ActivityThread: Performing receive of Intent { act=com.asus.weathertime.weatherIntentAction flg=0x10 pkg=com.asus.weathertime cmp=com.asus.weathertime/.WeatherWidgetProviderPhoneWithForecast (has extras) }: app=com.asus.weathertime.WeatherApplication@4492c8c, appName=com.asus.weathertime, pkg=com.asus.weathertime, comp={com.asus.weathertime/com.asus.weathertime.WeatherWidgetProviderPhoneWithForecast}, dir=/data/app/com.asus.weathertime-1/base.apk, duration=124
07-03 12:38:46.807  8940  8940 I LoadedApk: Performing receive of Intent { act=com.asus.weathertime.weatherIntentAction flg=0x10 pkg=com.asus.weathertime (has extras) }, receiver=com.asus.weathertime.WeatherTimeSettings$a@495fd3b, duration=55
07-03 12:38:46.953  8940  8940 I ActivityThread: Performing receive of Intent { act=com.asus.weathertime.weatherIntentAction flg=0x10 pkg=com.asus.weathertime cmp=com.asus.weathertime/.WeatherWidgetProviderPhone (has extras) }: app=com.asus.weathertime.WeatherApplication@4492c8c, appName=com.asus.weathertime, pkg=com.asus.weathertime, comp={com.asus.weathertime/com.asus.weathertime.WeatherWidgetProviderPhone}, dir=/data/app/com.asus.weathertime-1/base.apk, duration=89
07-03 12:38:47.097  8940  8940 I ActivityThread: Performing receive of Intent { act=com.asus.weathertime.weatherIntentAction flg=0x10 pkg=com.asus.weathertime cmp=com.asus.weathertime/.WeatherWidgetProviderPhoneWithForecast (has extras) }: app=com.asus.weathertime.WeatherApplication@4492c8c, appName=com.asus.weathertime, pkg=com.asus.weathertime, comp={com.asus.weathertime/com.asus.weathertime.WeatherWidgetProviderPhoneWithForecast}, dir=/data/app/com.asus.weathertime-1/base.apk, duration=134
07-03 12:38:47.661  1361  7059 I chatty  : uid=1000(system) Binder:1361_17 expire 4 lines
07-03 12:38:48.540  1361  2587 I chatty  : uid=1000(system) Binder:1361_E expire 5 lines
07-03 12:38:48.646  1361  4194 I chatty  : uid=1000(system) Binder:1361_10 expire 2 lines
07-03 12:38:50.147  1361  4917 I chatty  : uid=1000(system) Binder:1361_11 expire 2 lines
07-03 12:38:57.148  1361  1703 I chatty  : uid=1000(system) InputReader expire 2 lines
07-03 12:38:57.165  1361  1506 I chatty  : uid=1000(system) PowerManagerSer expire 16 lines
07-03 12:38:57.661  1361  1759 I chatty  : uid=1000(system) PhotonicModulat expire 36 lines
07-03 12:38:57.877  1361  1502 I chatty  : uid=1000(system) android.display expire 4 lines
07-03 12:38:58.139  1361  1454 I chatty  : uid=1000(system) android.ui expire 1 line
07-03 12:38:58.691  1779  1779 V KeyguardDisplayManager: show
07-03 12:39:03.781  1361  6974 I chatty  : uid=1000(system) Binder:1361_15 expire 10 lines
07-03 12:39:09.081 26745 26745 I LoadedApk: Performing receive of Intent { act=com.google.android.intent.action.GCM_RECONNECT flg=0x14 (has extras) }, receiver=com.google.android.gms.gcm.connection.ReconnectManager$ReconnectBroadcastReceiver@7e8a32d, duration=72
07-03 12:39:09.436  1361  2548 I chatty  : uid=1000(system) Binder:1361_9 expire 3 lines
07-03 12:39:13.244  1361  7046 I chatty  : uid=1000(system) Binder:1361_16 expire 2 lines
07-03 12:39:13.860  1361  1453 I chatty  : uid=1000(system) ActivityManager expire 58 lines
07-03 12:39:14.028 28849 28849 I ActivityThread: Performing receive of Intent { act=com.google.android.c2dm.intent.RECEIVE flg=0x10 pkg=com.google.android.googlequicksearchbox cmp=com.google.android.googlequicksearchbox/com.google.android.apps.gsa.gcm.GcmBroadcastReceiver (has extras) }: app=com.google.android.apps.gsa.binaries.velvet.app.VelvetRoot_Application@939d0af, appName=com.google.android.googlequicksearchbox, pkg=com.google.android.googlequicksearchbox, comp={com.google.android.googlequicksearchbox/com.google.android.apps.gsa.gcm.GcmBroadcastReceiver}, dir=/data/app/com.google.android.googlequicksearchbox-2/base.apk, duration=69
07-03 12:39:14.392  1361  2071 I chatty  : uid=1000(system) Binder:1361_6 expire 1 line
07-03 12:39:14.722  1361  1729 I chatty  : uid=1000(system) Binder:1361_3 expire 3 lines
07-03 12:39:14.914  1361 30122 I chatty  : uid=1000(system) Binder:1361_1E expire 1 line
07-03 12:39:15.285  1361 23955 I chatty  : uid=1000(system) Binder:1361_20 expire 4 lines
07-03 12:39:15.396  1361  1501 I chatty  : uid=1000(system) android.io expire 3 lines
07-03 12:39:15.992  1361  2567 I chatty  : uid=1000(system) Binder:1361_C expire 4 lines
07-03 12:39:16.018  1361 30118 I chatty  : uid=1000(system) Binder:1361_1B expire 1 line
07-03 12:39:16.212  1361  1361 I chatty  : uid=1000 system_server expire 16 lines
07-03 12:39:16.327  1361  2069 I chatty  : uid=1000(system) Binder:1361_5 expire 5 lines
07-03 12:39:16.422  1361 30121 I chatty  : uid=1000(system) Binder:1361_1D expire 1 line
07-03 12:39:16.985  1361 27613 I chatty  : uid=1000(system) Binder:1361_18 expire 5 lines
07-03 12:39:18.004  1361  1718 I chatty  : uid=1000(system) ConnectivitySer expire 1 line
07-03 12:39:18.004  1361  2550 I chatty  : uid=1000(system) Binder:1361_A expire 2 lines
07-03 12:39:19.739  1361  5258 I chatty  : uid=1000(system) Binder:1361_14 expire 4 lines
07-03 12:39:19.745  1779  1779 D PowerUI : oldTemp=232, mTemp=247
07-03 12:39:19.745  1779  1779 D PowerUI : findUsbOtg =false,supportReverseCharging =1
07-03 12:39:26.259  1361  1452 I chatty  : uid=1000(system) android.bg expire 1 line
07-03 12:39:26.554  2145  2145 I chatty  : uid=1000(system) com.asus.services expire 3 lines
07-03 12:39:27.947  1361  2565 I chatty  : uid=1000(system) Binder:1361_B expire 3 lines
07-03 12:39:28.878  1779  1779 V KeyguardDisplayManager: hide
07-03 12:39:29.017 26745 26745 I LoadedApk: Performing receive of Intent { act=android.intent.action.USER_PRESENT flg=0x24000010 }, receiver=com.google.android.gms.trustagent.common.receiver.ScreenOnOffReceiver@dc32a0e, duration=114
07-03 12:39:30.040  1361  1702 I chatty  : uid=1000(system) InputDispatcher expire 4 lines
07-03 12:39:30.257  2145  4543 I chatty  : uid=1000(system) measurement-1 expire 3 lines
07-03 12:39:30.489  1361  2533 I chatty  : uid=1000(system) Binder:1361_8 expire 4 lines
07-03 12:39:31.588  1361  1952 I chatty  : uid=1000(system) Binder:1361_4 expire 3 lines
07-03 12:39:31.743  1361  2580 I chatty  : uid=1000(system) Binder:1361_D expire 1 line
07-03 12:39:31.794  1361 30118 I chatty  : uid=1000(system) Binder:1361_1B expire 1 line
07-03 12:39:31.803  2145  2145 I chatty  : uid=1000(system) com.asus.services expire 4 lines
07-03 12:39:31.887  1361  2071 I chatty  : uid=1000(system) Binder:1361_6 expire 1 line
07-03 12:39:33.523  1361  2432 I chatty  : uid=1000(system) Binder:1361_7 expire 1 line
07-03 12:39:33.609  1361  1417 I chatty  : uid=1000(system) Binder:1361_1 expire 3 lines
07-03 12:39:33.888  1361  1501 I chatty  : uid=1000(system) android.io expire 2 lines
07-03 12:39:33.996  1361  1418 I chatty  : uid=1000(system) Binder:1361_2 expire 1 line
07-03 12:39:34.305  1361  2587 I chatty  : uid=1000(system) Binder:1361_E expire 1 line
07-03 12:39:34.419  1361  2533 I chatty  : uid=1000(system) Binder:1361_8 expire 1 line
07-03 12:39:35.752  2145  4543 I chatty  : uid=1000(system) measurement-1 expire 2 lines
07-03 12:39:36.039  1361  6974 I chatty  : uid=1000(system) Binder:1361_15 expire 7 lines
07-03 12:39:36.224  1361  1361 I chatty  : uid=1000 system_server expire 12 lines
07-03 12:39:36.460  1361  5334 I chatty  : uid=1000(system) Binder:1361_1F expire 6 lines
07-03 12:39:36.579  1361 10070 I chatty  : uid=1000 system_server expire 1 line
07-03 12:39:36.862  1779  1779 D PowerUI : oldTemp=247, mTemp=250
07-03 12:39:36.862  1779  1779 D PowerUI : findUsbOtg =false,supportReverseCharging =1
07-03 12:39:38.362  1361  5258 I chatty  : uid=1000(system) Binder:1361_14 expire 5 lines
07-03 12:39:38.489  9760 10150 I LoadedApk: Performing receive of Intent { act=com.facebook.messaging.ipc.peersPROD flg=0x10 (has extras) }, receiver=X.0fw@d048100, duration=144
07-03 12:39:39.353  1361  1952 I chatty  : uid=1000(system) Binder:1361_4 expire 8 lines
07-03 12:39:40.429  1361  1453 I chatty  : uid=1000(system) ActivityManager expire 10 lines
07-03 12:39:40.430  1361  5257 I chatty  : uid=1000(system) Binder:1361_13 expire 6 lines
07-03 12:39:40.432  1361 27613 I chatty  : uid=1000(system) Binder:1361_18 expire 7 lines
07-03 12:39:40.602  1361  2071 I chatty  : uid=1000(system) Binder:1361_6 expire 3 lines
07-03 12:39:40.633  1361  7046 I chatty  : uid=1000(system) Binder:1361_16 expire 4 lines
07-03 12:39:41.078  1361 30119 I chatty  : uid=1000(system) Binder:1361_1C expire 6 lines
07-03 12:39:42.155  1361  2548 I chatty  : uid=1000(system) Binder:1361_9 expire 7 lines
07-03 12:39:42.383  1361  4194 I chatty  : uid=1000(system) Binder:1361_10 expire 5 lines
07-03 12:39:44.965  1361  1729 I chatty  : uid=1000(system) Binder:1361_3 expire 5 lines
07-03 12:39:51.549 10399 10399 W ContextImpl: Calling a method in the system process without a qualified user: android.app.ContextImpl.startService:1357 android.content.ContextWrapper.startService:620 com.qualcomm.qcrilhook.QcRilHook.<init>:102 com.qualcomm.qti.modemtestmode.MbnAppGlobals.onCreate:32 android.app.Instrumentation.callApplicationOnCreate:1025 
07-03 12:39:51.552 10399 10399 W ContextImpl: Calling a method in the system process without a qualified user: android.app.ContextImpl.bindService:1421 android.content.ContextWrapper.bindService:643 com.qualcomm.qcrilhook.QcRilHook.<init>:104 com.qualcomm.qti.modemtestmode.MbnAppGlobals.onCreate:32 android.app.Instrumentation.callApplicationOnCreate:1025 
07-03 12:39:51.558 10399 10399 W ContextImpl: Calling a method in the system process without a qualified user: android.app.ContextImpl.bindService:1421 android.content.ContextWrapper.bindService:643 com.qualcomm.qti.modemtestmode.MbnSystemService.onCreate:101 android.app.ActivityThread.handleCreateService:3211 android.app.ActivityThread.-wrap5:-1 
07-03 12:39:51.890  1361  2565 I chatty  : uid=1000(system) Binder:1361_B expire 3 lines
07-03 12:39:52.279  2145  2145 I chatty  : uid=1000(system) com.asus.services expire 6 lines
07-03 12:39:52.348  1361 29202 I chatty  : uid=1000(system) Binder:1361_1A expire 9 lines
07-03 12:39:56.132  1361  2567 I chatty  : uid=1000(system) Binder:1361_C expire 13 lines
07-03 12:39:56.135  1361  2432 I chatty  : uid=1000(system) Binder:1361_7 expire 10 lines
07-03 12:40:00.122  1361  2550 I chatty  : uid=1000(system) Binder:1361_A expire 8 lines
