07-03 18:40:56.682 26745 26964 I LoadedApk: Performing receive of Intent { act=com.google.android.gms.phenotype.COMMITTED flg=0x10 pkg=com.google.android.gms (has extras) }, receiver=bgkv@faf5418, duration=83
07-03 18:40:56.798 26745 26964 I LoadedApk: Performing receive of Intent { act=com.google.android.gms.phenotype.COMMITTED flg=0x10 pkg=com.google.android.gms (has extras) }, receiver=bgkv@faf5418, duration=116
07-03 18:40:56.930 26745 26964 I LoadedApk: Performing receive of Intent { act=com.google.android.gms.phenotype.COMMITTED flg=0x10 pkg=com.google.android.gms (has extras) }, receiver=bgkv@faf5418, duration=132
07-03 18:40:57.093 26745 26964 I LoadedApk: Performing receive of Intent { act=com.google.android.gms.phenotype.COMMITTED flg=0x10 pkg=com.google.android.gms (has extras) }, receiver=bgkv@faf5418, duration=163
07-03 18:40:57.283 26745 26964 I LoadedApk: Performing receive of Intent { act=com.google.android.gms.phenotype.COMMITTED flg=0x10 pkg=com.google.android.gms (has extras) }, receiver=bgkv@faf5418, duration=108
07-03 18:40:57.393 26745 26964 I LoadedApk: Performing receive of Intent { act=com.google.android.gms.phenotype.COMMITTED flg=0x10 pkg=com.google.android.gms (has extras) }, receiver=bgkv@faf5418, duration=69
07-03 18:40:57.446 26745 26964 I LoadedApk: Performing receive of Intent { act=com.google.android.gms.phenotype.COMMITTED flg=0x10 pkg=com.google.android.gms (has extras) }, receiver=bgkv@faf5418, duration=52
07-03 18:40:57.648  1361  1701 I chatty  : uid=1000(system) AlarmManager expire 11 lines
07-03 18:40:57.776 26745 26964 I LoadedApk: Performing receive of Intent { act=com.google.android.gms.phenotype.COMMITTED flg=0x10 pkg=com.google.android.gms (has extras) }, receiver=bgkv@faf5418, duration=103
07-03 18:40:58.069  1361  1361 I chatty  : uid=1000 system_server expire 14 lines
07-03 18:40:59.412  1361  2071 I chatty  : uid=1000(system) Binder:1361_6 expire 1 line
07-03 18:41:00.063 26745 26745 I ActivityThread: Performing receive of Intent { act=com.google.android.gms.gcm.ACTION_SCHEDULE flg=0x10 pkg=com.google.android.gms cmp=com.google.android.gms/.gcm.nts.SchedulerReceiver (has extras) }: app=co.g.App@e861efa, appName=com.google.android.gms, pkg=com.google.android.gms, comp={com.google.android.gms/com.google.android.gms.gcm.nts.SchedulerReceiver}, dir=/data/app/com.google.android.gms-2/base.apk, duration=54
07-03 18:41:00.214  1361  1952 I chatty  : uid=1000(system) Binder:1361_4 expire 3 lines
07-03 18:41:01.245  1361  1453 I chatty  : uid=1000(system) ActivityManager expire 10 lines
07-03 18:41:02.692  1361  5254 I chatty  : uid=1000(system) Binder:1361_12 expire 7 lines
07-03 18:41:03.785  1361  1729 I chatty  : uid=1000(system) Binder:1361_3 expire 2 lines
07-03 18:41:03.860 30737 30737 W ContextImpl: Calling a method in the system process without a qualified user: android.app.ContextImpl.startService:1357 android.content.ContextWrapper.startService:620 com.qualcomm.qcrilhook.QcRilHook.<init>:102 com.qualcomm.qti.modemtestmode.MbnAppGlobals.onCreate:32 android.app.Instrumentation.callApplicationOnCreate:1025 
07-03 18:41:03.863 30737 30737 W ContextImpl: Calling a method in the system process without a qualified user: android.app.ContextImpl.bindService:1421 android.content.ContextWrapper.bindService:643 com.qualcomm.qcrilhook.QcRilHook.<init>:104 com.qualcomm.qti.modemtestmode.MbnAppGlobals.onCreate:32 android.app.Instrumentation.callApplicationOnCreate:1025 
07-03 18:41:03.869 30737 30737 W ContextImpl: Calling a method in the system process without a qualified user: android.app.ContextImpl.bindService:1421 android.content.ContextWrapper.bindService:643 com.qualcomm.qti.modemtestmode.MbnSystemService.onCreate:101 android.app.ActivityThread.handleCreateService:3211 android.app.ActivityThread.-wrap5:-1 
07-03 18:41:07.958  1361  2548 I chatty  : uid=1000(system) Binder:1361_9 expire 2 lines
07-03 18:41:10.070  2049  2049 I LoadedApk: Performing receive of Intent { act=android.intent.action.PACKAGE_CHANGED dat=package:com.google.android.gms flg=0x44000010 (has extras) }, receiver=com.android.internal.telephony.SmsApplication$SmsPackageMonitor@5615d1c, duration=66
07-03 18:41:10.100 29656 29656 I LoadedApk: Performing receive of Intent { act=android.intent.action.PACKAGE_CHANGED dat=package:com.google.android.gms flg=0x44000010 (has extras) }, receiver=com.asus.mobilemanager.applications.ApplicationsPool@9a590fa, duration=74
07-03 18:41:10.110  1361  1502 I chatty  : uid=1000(system) android.display expire 1 line
07-03 18:41:11.041  1361  1452 I chatty  : uid=1000(system) android.bg expire 8 lines
07-03 18:41:34.632  1361  1711 I chatty  : uid=1000(system) NetworkPolicy expire 2 lines
07-03 18:41:34.693  1361  7059 I chatty  : uid=1000(system) Binder:1361_17 expire 2 lines
07-03 18:41:34.703  1361  5258 I chatty  : uid=1000(system) Binder:1361_14 expire 1 line
07-03 18:41:34.704  1361  1718 I chatty  : uid=1000(system) ConnectivitySer expire 2 lines
07-03 18:41:34.714  1361  4194 I chatty  : uid=1000(system) Binder:1361_10 expire 2 lines
07-03 18:41:34.750  1361 30795 I chatty  : uid=1000 system_server expire 1 line
07-03 18:41:34.831  1361 29201 I chatty  : uid=1000(system) Binder:1361_19 expire 7 lines
07-03 18:41:35.260  1361 30119 I chatty  : uid=1000(system) Binder:1361_1C expire 4 lines
07-03 18:41:36.418  1361  7046 I chatty  : uid=1000(system) Binder:1361_16 expire 3 lines
07-03 18:41:45.520 30825 30872 I LoadedApk: Performing receive of Intent { act=com.facebook.messaging.ipc.peersPROD flg=0x10 (has extras) }, receiver=X.0fw@daf7564, duration=8386
07-03 18:42:14.665  1361  4917 I chatty  : uid=1000(system) Binder:1361_11 expire 1 line
07-03 18:46:47.420  1361 30121 I chatty  : uid=1000(system) Binder:1361_1D expire 1 line
07-03 18:46:49.056  2145  2145 W ContextImpl: Calling a method in the system process without a qualified user: android.app.ContextImpl.sendBroadcast:877 android.content.ContextWrapper.sendBroadcast:428 com.asus.powersaver.PowerSaverService.bX:-1 com.asus.powersaver.PowerSaverService.p:-1 com.asus.powersaver.PowerSaverService$8.onReceive:-1 
07-03 18:46:49.090  1361  1361 I chatty  : uid=1000 system_server expire 13 lines
07-03 18:46:49.113  1361  1724 I chatty  : uid=1000(system) onProviders.ECP expire 1 line
07-03 18:46:50.061  1361  1454 I chatty  : uid=1000(system) android.ui expire 1 line
07-03 18:46:54.395  2145 30978 W ContextImpl: Calling a method in the system process without a qualified user: android.app.ContextImpl.sendBroadcast:877 android.content.ContextWrapper.sendBroadcast:428 com.asus.powersaver.PowerSaverService.bO:-1 com.asus.powersaver.PowerSaverService.c:-1 com.asus.powersaver.PowerSaverService$ApplySettingsTask.a:-1 
07-03 18:46:56.258  1361  1701 I chatty  : uid=1000(system) AlarmManager expire 2 lines
07-03 18:46:56.276  2145  2145 W ContextImpl: Calling a method in the system process without a qualified user: android.app.ContextImpl.sendBroadcast:877 android.content.ContextWrapper.sendBroadcast:428 com.asus.powersaver.PowerSaverService.bX:-1 com.asus.powersaver.PowerSaverService.p:-1 com.asus.powersaver.PowerSaverService$8.onReceive:-1 
07-03 18:46:56.430  2044  2044 I LoadedApk: Performing receive of Intent { act=android.intent.action.ANY_DATA_STATE flg=0x10 (has extras) }, receiver=com.qti.dpm.DpmService$1@934b782, duration=60
07-03 18:46:57.366  1361  1418 I chatty  : uid=1000(system) Binder:1361_2 expire 1 line
07-03 18:47:02.732  1361  2567 I chatty  : uid=1000(system) Binder:1361_C expire 4 lines
07-03 18:47:02.859  2145 31071 W ContextImpl: Calling a method in the system process without a qualified user: android.app.ContextImpl.sendBroadcast:877 android.content.ContextWrapper.sendBroadcast:428 com.asus.powersaver.PowerSaverService.bO:-1 com.asus.powersaver.PowerSaverService.c:-1 com.asus.powersaver.PowerSaverService$ApplySettingsTask.a:-1 
07-03 18:47:02.937 31001 31001 I ActivityThread: Performing receive of Intent { act=android.intent.action.SERVICE_STATE flg=0x10 cmp=com.asus.contacts/com.android.contacts.simcardmanage.SimCardReceiver (has extras) }: app=com.android.contacts.ContactsApplication@198e0ef, appName=com.asus.contacts, pkg=com.asus.contacts, comp={com.asus.contacts/com.android.contacts.simcardmanage.SimCardReceiver}, dir=/data/app/com.asus.contacts-1/base.apk, duration=69
07-03 18:47:03.770  1361  1453 I chatty  : uid=1000(system) ActivityManager expire 10 lines
07-03 18:47:03.943  1361  1361 I chatty  : uid=1000 system_server expire 10 lines
07-03 18:47:03.990  1361  2947 I chatty  : uid=1000(system) Binder:1361_F expire 1 line
07-03 18:47:04.668  1361  5254 I chatty  : uid=1000(system) Binder:1361_12 expire 3 lines
07-03 18:47:04.672  1361  1417 I chatty  : uid=1000(system) Binder:1361_1 expire 5 lines
07-03 18:47:05.203  1361 29201 I chatty  : uid=1000(system) Binder:1361_19 expire 7 lines
07-03 18:47:05.634  1361  5334 I chatty  : uid=1000(system) Binder:1361_1F expire 3 lines
07-03 18:47:06.419  1361 30118 I chatty  : uid=1000(system) Binder:1361_1B expire 1 line
07-03 18:47:06.646 31185 31185 I ActivityThread: Performing receive of Intent { act=android.intent.action.TIME_SET flg=0x24000010 cmp=com.asus.weathertime/.WeatherWidgetProviderPhone }: app=com.asus.weathertime.WeatherApplication@a21ca60, appName=com.asus.weathertime, pkg=com.asus.weathertime, comp={com.asus.weathertime/com.asus.weathertime.WeatherWidgetProviderPhone}, dir=/data/app/com.asus.weathertime-1/base.apk, duration=355
07-03 18:47:06.821 31185 31185 I ActivityThread: Performing receive of Intent { act=android.intent.action.TIME_SET flg=0x24000010 cmp=com.asus.weathertime/.WeatherWidgetProviderPhoneWithForecast }: app=com.asus.weathertime.WeatherApplication@a21ca60, appName=com.asus.weathertime, pkg=com.asus.weathertime, comp={com.asus.weathertime/com.asus.weathertime.WeatherWidgetProviderPhoneWithForecast}, dir=/data/app/com.asus.weathertime-1/base.apk, duration=143
07-03 18:47:06.854  1361  2565 I chatty  : uid=1000(system) Binder:1361_B expire 3 lines
07-03 18:47:07.756 30086 30086 I LoadedApk: Performing receive of Intent { act=com.qualcomm.intent.action.ACTION_UNSOL_RESPONSE_OEM_HOOK_RAW flg=0x10 (has extras) }, receiver=com.qualcomm.qcrilhook.QcRilHook$1@5c160b8, duration=80
07-03 18:47:07.897  1361  2432 I chatty  : uid=1000(system) Binder:1361_7 expire 1 line
07-03 18:47:07.909  1361  2548 I chatty  : uid=1000(system) Binder:1361_9 expire 8 lines
07-03 18:47:08.317  1361 29202 I chatty  : uid=1000(system) Binder:1361_1A expire 3 lines
07-03 18:47:08.556  1361  1729 I chatty  : uid=1000(system) Binder:1361_3 expire 2 lines
07-03 18:47:09.504  1361  2567 I chatty  : uid=1000(system) Binder:1361_C expire 4 lines
07-03 18:47:10.997  1361  4194 I chatty  : uid=1000(system) Binder:1361_10 expire 1 line
07-03 18:47:11.340 31348 31348 I ActivityThread: Performing receive of Intent { act=android.intent.action.TIME_SET flg=0x24000010 cmp=com.google.android.apps.tachyon/androidx.work.impl.background.systemalarm.RescheduleReceiver }: app=com.google.android.apps.tachyon.TachyonApplication@953472e, appName=com.google.android.apps.tachyon, pkg=com.google.android.apps.tachyon, comp={com.google.android.apps.tachyon/androidx.work.impl.background.systemalarm.RescheduleReceiver}, dir=/data/app/com.google.android.apps.tachyon-1/base.apk, duration=88
07-03 18:47:11.524  1361 30121 I chatty  : uid=1000(system) Binder:1361_1D expire 2 lines
07-03 18:47:12.914  1361  2580 I chatty  : uid=1000(system) Binder:1361_D expire 3 lines
07-03 18:47:12.992  1361 31470 I chatty  : uid=1000 system_server expire 1 line
07-03 18:47:13.077  1361  1701 I chatty  : uid=1000(system) AlarmManager expire 9 lines
07-03 18:47:13.164 31411 31411 I ActivityThread: Performing receive of Intent { act=android.intent.action.TIME_SET flg=0x24000010 cmp=com.google.android.calendar/com.android.calendar.widget.CalendarAppWidgetProvider }: app=com.google.android.calendar.CalendarApplication@198e0ef, appName=com.google.android.calendar, pkg=com.google.android.calendar, comp={com.google.android.calendar/com.android.calendar.widget.CalendarAppWidgetProvider}, dir=/data/app/com.google.android.calendar-1/base.apk, duration=77
07-03 18:47:13.250 31411 31411 I ActivityThread: Performing receive of Intent { act=android.intent.action.TIME_SET flg=0x24000010 cmp=com.google.android.calendar/com.google.android.apps.calendar.usernotifications.NotificationsInitializer$NotificationsRelevantUpdatesReceiver }: app=com.google.android.calendar.CalendarApplication@198e0ef, appName=com.google.android.calendar, pkg=com.google.android.calendar, comp={com.google.android.calendar/com.google.android.apps.calendar.usernotifications.NotificationsInitializer$NotificationsRelevantUpdatesReceiver}, dir=/data/app/com.google.android.calendar-1/base.apk, duration=57
07-03 18:47:13.283  1361  5258 I chatty  : uid=1000(system) Binder:1361_14 expire 1 line
07-03 18:47:13.284  1361  1718 I chatty  : uid=1000(system) ConnectivitySer expire 9 lines
07-03 18:47:13.319  1361 31484 I chatty  : uid=1000 system_server expire 1 line
07-03 18:47:13.398  1361  7059 I chatty  : uid=1000(system) Binder:1361_17 expire 2 lines
07-03 18:47:14.197 31518 31518 I ActivityThread: Performing receive of Intent { act=android.intent.action.TIME_SET flg=0x24000010 cmp=com.google.android.instantapps.supervisor/androidx.work.impl.background.systemalarm.RescheduleReceiver }: app=com.google.android.instantapps.supervisor.SupervisorApplication@2179368, appName=com.google.android.instantapps.supervisor, pkg=com.google.android.instantapps.supervisor, comp={com.google.android.instantapps.supervisor/androidx.work.impl.background.systemalarm.RescheduleReceiver}, dir=/data/app/com.google.android.instantapps.supervisor-1/base.apk, duration=315
07-03 18:47:15.926 31549 31549 I ActivityThread: Performing receive of Intent { act=android.intent.action.TIME_SET flg=0x24000010 cmp=com.viber.voip/androidx.work.impl.background.systemalarm.RescheduleReceiver }: app=com.viber.voip.ManifestViberApplication@3d7e212, appName=com.viber.voip, pkg=com.viber.voip, comp={com.viber.voip/androidx.work.impl.background.systemalarm.RescheduleReceiver}, dir=/data/app/com.viber.voip-2/base.apk, duration=56
07-03 18:47:16.074  1361 27613 I chatty  : uid=1000(system) Binder:1361_18 expire 1 line
07-03 18:47:16.330  1361  2587 I chatty  : uid=1000(system) Binder:1361_E expire 2 lines
07-03 18:47:16.525  1361  1501 I chatty  : uid=1000(system) android.io expire 3 lines
07-03 18:47:19.102  1361  4917 I chatty  : uid=1000(system) Binder:1361_11 expire 1 line
07-03 18:47:19.714 31785 31785 W ContextImpl: Calling a method in the system process without a qualified user: android.app.ContextImpl.startService:1357 android.content.ContextWrapper.startService:620 com.qualcomm.qcrilhook.QcRilHook.<init>:102 com.qualcomm.qti.modemtestmode.MbnAppGlobals.onCreate:32 android.app.Instrumentation.callApplicationOnCreate:1025 
07-03 18:47:19.718 31785 31785 W ContextImpl: Calling a method in the system process without a qualified user: android.app.ContextImpl.bindService:1421 android.content.ContextWrapper.bindService:643 com.qualcomm.qcrilhook.QcRilHook.<init>:104 com.qualcomm.qti.modemtestmode.MbnAppGlobals.onCreate:32 android.app.Instrumentation.callApplicationOnCreate:1025 
07-03 18:47:19.725 31785 31785 W ContextImpl: Calling a method in the system process without a qualified user: android.app.ContextImpl.bindService:1421 android.content.ContextWrapper.bindService:643 com.qualcomm.qti.modemtestmode.MbnSystemService.onCreate:101 android.app.ActivityThread.handleCreateService:3211 android.app.ActivityThread.-wrap5:-1 
07-03 18:47:20.147  1361  2071 I chatty  : uid=1000(system) Binder:1361_6 expire 3 lines
07-03 18:47:20.155  1361  2533 I chatty  : uid=1000(system) Binder:1361_8 expire 2 lines
07-03 18:47:20.160 31763 31763 I ActivityThread: Performing receive of Intent { act=rcs.intent.action.provisioningEvent flg=0x10 pkg=com.google.android.apps.messaging cmp=com.google.android.apps.messaging/com.google.android.ims.receiver.ProvisioningEventReceiver (has extras) }: app=com.google.android.apps.messaging.release.BugleRelease_Application@a875ec9, appName=com.google.android.apps.messaging, pkg=com.google.android.apps.messaging, comp={com.google.android.apps.messaging/com.google.android.ims.receiver.ProvisioningEventReceiver}, dir=/data/app/com.google.android.apps.messaging-1/base.apk, duration=63
07-03 18:47:20.830  1361  5257 I chatty  : uid=1000(system) Binder:1361_13 expire 2 lines
07-03 18:47:22.638 31701 31701 I ActivityThread: Performing receive of Intent { act=com.asus.weathertime.weatherIntentAction flg=0x10 pkg=com.asus.weathertime cmp=com.asus.weathertime/.WeatherWidgetProviderPhone (has extras) }: app=com.asus.weathertime.WeatherApplication@fad9451, appName=com.asus.weathertime, pkg=com.asus.weathertime, comp={com.asus.weathertime/com.asus.weathertime.WeatherWidgetProviderPhone}, dir=/data/app/com.asus.weathertime-1/base.apk, duration=240
07-03 18:47:22.859 31701 31701 I ActivityThread: Performing receive of Intent { act=com.asus.weathertime.weatherIntentAction flg=0x10 pkg=com.asus.weathertime cmp=com.asus.weathertime/.WeatherWidgetProviderPhoneWithForecast (has extras) }: app=com.asus.weathertime.WeatherApplication@fad9451, appName=com.asus.weathertime, pkg=com.asus.weathertime, comp={com.asus.weathertime/com.asus.weathertime.WeatherWidgetProviderPhoneWithForecast}, dir=/data/app/com.asus.weathertime-1/base.apk, duration=205
07-03 18:47:23.006  1361  1952 I chatty  : uid=1000(system) Binder:1361_4 expire 5 lines
07-03 18:47:23.354  1361 30119 I chatty  : uid=1000(system) Binder:1361_1C expire 2 lines
07-03 18:47:37.256   688 31836 W SocketClient: write error (Broken pipe)
07-03 18:47:39.521  1361  1453 I chatty  : uid=1000(system) ActivityManager expire 3 lines
07-03 18:47:45.813  1361  1711 I chatty  : uid=1000(system) NetworkPolicy expire 5 lines
07-03 18:47:45.822 10116 10116 I LoadedApk: Performing receive of Intent { act=android.net.conn.CONNECTIVITY_CHANGE flg=0x4000010 (has extras) }, receiver=bcle@48d8e5d, duration=77
07-03 18:47:45.822 26613 26613 I LoadedApk: Performing receive of Intent { act=android.net.conn.CONNECTIVITY_CHANGE flg=0x4000010 (has extras) }, receiver=com.squareup.picasso.Dispatcher$NetworkBroadcastReceiver@a65b023, duration=74
07-03 18:47:45.824 26665 26665 I LoadedApk: Performing receive of Intent { act=android.net.conn.CONNECTIVITY_CHANGE flg=0x4000010 (has extras) }, receiver=nne@4294d61, duration=91
07-03 18:47:45.824 26745 26745 I LoadedApk: Performing receive of Intent { act=android.net.conn.CONNECTIVITY_CHANGE flg=0x4000010 (has extras) }, receiver=com.google.android.gms.scheduler.standalone.ReceiverBasedNetworkConstraintObserver@d19b48f, duration=95
07-03 18:47:45.847 30825 30825 I LoadedApk: Performing receive of Intent { act=android.net.conn.CONNECTIVITY_CHANGE flg=0x4000010 (has extras) }, receiver=X.0fw@c44dc47, duration=56
07-03 18:47:45.870  1361  2663 I chatty  : uid=1000(system) IzatServiceBase expire 1 line
07-03 18:47:45.872 31017 31017 I LoadedApk: Performing receive of Intent { act=android.net.conn.CONNECTIVITY_CHANGE flg=0x4000010 (has extras) }, receiver=org.telegram.messenger.ApplicationLoader$1@e16079f, duration=91
07-03 18:47:45.892 26745 26964 I LoadedApk: Performing receive of Intent { act=android.net.conn.CONNECTIVITY_CHANGE flg=0x4000010 (has extras) }, receiver=bgkv@faf5418, duration=160
07-03 18:47:45.904  2044  2083 I LoadedApk: Performing receive of Intent { act=android.net.conn.CONNECTIVITY_CHANGE flg=0x4000010 (has extras) }, receiver=com.quicinc.cne.CNE$2@2ce8615, duration=116
07-03 18:47:45.959 10116 10116 I LoadedApk: Performing receive of Intent { act=android.net.conn.CONNECTIVITY_CHANGE flg=0x4000010 (has extras) }, receiver=com.google.android.gms.drive.networkcontrol.ConnectivityChangeReceiver@d86dae3, duration=137
07-03 18:47:45.963 22270 22270 I LoadedApk: Performing receive of Intent { act=android.net.conn.CONNECTIVITY_CHANGE flg=0x4000010 (has extras) }, receiver=com.bumptech.glide.d.d@49b67c7, duration=150
07-03 18:47:45.980 31017 31017 I LoadedApk: Performing receive of Intent { act=android.net.conn.CONNECTIVITY_CHANGE flg=0x4000010 (has extras) }, receiver=org.telegram.messenger.DownloadController$1@3db4b97, duration=108
07-03 18:47:45.995 12146 12146 I LoadedApk: Performing receive of Intent { act=android.net.conn.CONNECTIVITY_CHANGE flg=0x4000010 (has extras) }, receiver=com.asus.ime.IME$5@ef889fe, duration=242
07-03 18:47:46.028 26745 26745 I LoadedApk: Performing receive of Intent { act=android.net.conn.CONNECTIVITY_CHANGE flg=0x4000010 (has extras) }, receiver=com.google.android.gms.backup.transport.BackupTransportChimeraService$1@56997d2, duration=204
07-03 18:47:46.057 30825 30900 I LoadedApk: Performing receive of Intent { act=android.net.conn.CONNECTIVITY_CHANGE flg=0x4000010 (has extras) }, receiver=X.0Ai@73a19ae, duration=297
07-03 18:47:46.417 10116 10116 I LoadedApk: Performing receive of Intent { act=android.net.conn.CONNECTIVITY_CHANGE flg=0x4000010 (has extras) }, receiver=bcle@48d8e5d, duration=52
07-03 18:47:46.426 26745 26964 I LoadedApk: Performing receive of Intent { act=android.net.conn.CONNECTIVITY_CHANGE flg=0x4000010 (has extras) }, receiver=bgkv@faf5418, duration=61
07-03 18:47:46.456 12146 12146 I LoadedApk: Performing receive of Intent { act=android.net.conn.CONNECTIVITY_CHANGE flg=0x4000010 (has extras) }, receiver=com.asus.ime.IME$5@ef889fe, duration=94
07-03 18:47:46.586 10116 10116 I LoadedApk: Performing receive of Intent { act=android.net.conn.CONNECTIVITY_CHANGE flg=0x4000010 (has extras) }, receiver=com.google.android.gms.drive.networkcontrol.ConnectivityChangeReceiver@d86dae3, duration=169
07-03 18:47:46.611  1779  2199 I LoadedApk: Performing receive of Intent { act=android.net.conn.CONNECTIVITY_CHANGE flg=0x4000010 (has extras) }, receiver=com.android.systemui.statusbar.policy.NetworkControllerImpl@8066ec2, duration=502
07-03 18:47:46.633 22270 22270 I LoadedApk: Performing receive of Intent { act=android.net.conn.CONNECTIVITY_CHANGE flg=0x4000010 (has extras) }, receiver=com.bumptech.glide.d.d@49b67c7, duration=77
07-03 18:47:46.643 30825 30900 I LoadedApk: Performing receive of Intent { act=android.net.conn.CONNECTIVITY_CHANGE flg=0x4000010 (has extras) }, receiver=X.0Ai@73a19ae, duration=279
07-03 18:47:46.919 26613 26613 I ActivityThread: Performing receive of Intent { act=android.net.conn.CONNECTIVITY_CHANGE flg=0x4000010 cmp=com.vkontakte.android/.NetworkStateReceiver (has extras) }: app=com.vkontakte.android.VKApplication@2914552, appName=com.vkontakte.android, pkg=com.vkontakte.android, comp={com.vkontakte.android/com.vkontakte.android.NetworkStateReceiver}, dir=/data/app/com.vkontakte.android-1/base.apk, duration=138
07-03 18:47:47.241 26613 26613 I LoadedApk: Performing receive of Intent { act=com.vkontakte.android.STATE_CHANGED flg=0x10 (has extras) }, receiver=com.vkontakte.android.fragments.messages.DialogsFragment$1@119091d, duration=322
07-03 18:47:47.242 31891 31891 I ActivityThread: Performing receive of Intent { act=android.net.conn.CONNECTIVITY_CHANGE flg=0x4000010 cmp=com.asus.livedemoservice/.receiver.NetworkChangeReceiver (has extras) }: app=android.app.Application@5c160b8, appName=com.asus.livedemoservice, pkg=com.asus.livedemoservice, comp={com.asus.livedemoservice/com.asus.livedemoservice.receiver.NetworkChangeReceiver}, dir=/system/priv-app/AsusLiveDemoService/AsusLiveDemoService.apk, duration=101
07-03 18:49:04.277  1779  1779 D PowerUI : oldTemp=250, mTemp=260
07-03 18:49:04.277  1779  1779 D PowerUI : findUsbOtg =false,supportReverseCharging =1
07-03 18:49:04.289  1779  1779 I LoadedApk: Performing receive of Intent { act=android.intent.action.BATTERY_CHANGED flg=0x60000010 (has extras) }, receiver=com.android.systemui.power.PowerUI$Receiver@42a4317, duration=74
07-03 18:49:04.293 29656 29656 I LoadedApk: Performing receive of Intent { act=android.intent.action.BATTERY_CHANGED flg=0x60000010 (has extras) }, receiver=com.asus.mobilemanager.powersaver.PowerSaverManager@d63a381, duration=73
07-03 18:55:05.748  1361  1452 I chatty  : uid=1000(system) android.bg expire 1 line
07-03 18:55:05.790  1361  1361 I chatty  : uid=1000 system_server expire 70 lines
07-03 18:55:05.896  1361  1453 I chatty  : uid=1000(system) ActivityManager expire 2 lines
07-03 18:55:06.734  1361  2071 I chatty  : uid=1000(system) Binder:1361_6 expire 1 line
07-03 18:55:06.784  1361  5334 I chatty  : uid=1000(system) Binder:1361_1F expire 1 line
07-03 18:55:08.162  1361  4917 I chatty  : uid=1000(system) Binder:1361_11 expire 2 lines
07-03 18:55:08.285  1361 30118 I chatty  : uid=1000(system) Binder:1361_1B expire 1 line
07-03 18:55:08.395  1361  2069 I chatty  : uid=1000(system) Binder:1361_5 expire 1 line
07-03 18:55:08.494  1361 32059 I chatty  : uid=1000 system_server expire 1 line
07-03 18:55:09.162  1361  1701 I chatty  : uid=1000(system) AlarmManager expire 2 lines
07-03 18:55:09.766  1361  1361 I chatty  : uid=1000 system_server expire 37 lines
07-03 18:55:10.597  1361  4917 I chatty  : uid=1000(system) Binder:1361_11 expire 3 lines
07-03 18:55:11.035  1361 29201 I chatty  : uid=1000(system) Binder:1361_19 expire 1 line
07-03 18:55:11.738  1361  1361 I chatty  : uid=1000 system_server expire 46 lines
07-03 18:55:13.440  1361  1701 I chatty  : uid=1000(system) AlarmManager expire 1 line
07-03 18:55:15.569  1361  2550 I chatty  : uid=1000(system) Binder:1361_A expire 1 line
07-03 18:55:15.570  1361  7059 I chatty  : uid=1000(system) Binder:1361_17 expire 3 lines
07-03 18:55:15.571  1361  1718 I chatty  : uid=1000(system) ConnectivitySer expire 1 line
07-03 18:55:16.601  1361  1453 I chatty  : uid=1000(system) ActivityManager expire 1 line
07-03 18:55:18.625  1361  1361 I chatty  : uid=1000 system_server expire 17 lines
07-03 18:55:28.615  1361  1701 I chatty  : uid=1000(system) AlarmManager expire 10 lines
07-03 18:55:29.040  2145  2145 I LoadedApk: Performing receive of Intent { act=power_saver_app_consumption flg=0x14 (has extras) }, receiver=com.asus.powersaver.powerconsumption.SuspiciousAppDetectionService$AppPowerConsumptionReceiver@258585, duration=396
07-03 18:55:38.345  1361  1361 I chatty  : uid=1000 system_server expire 24 lines
07-03 18:56:18.861 31763 31763 I ActivityThread: Performing receive of Intent { act=rcs.intent.action.provisioningEvent flg=0x10 pkg=com.google.android.apps.messaging cmp=com.google.android.apps.messaging/com.google.android.ims.receiver.ProvisioningEventReceiver (has extras) }: app=com.google.android.apps.messaging.release.BugleRelease_Application@a875ec9, appName=com.google.android.apps.messaging, pkg=com.google.android.apps.messaging, comp={com.google.android.apps.messaging/com.google.android.ims.receiver.ProvisioningEventReceiver}, dir=/data/app/com.google.android.apps.messaging-1/base.apk, duration=40235
07-03 18:56:19.462  1779  1779 I LoadedApk: Performing receive of Intent { act=android.intent.action.TIME_TICK flg=0x50000014 (has extras) }, receiver=android.widget.DateTimeView$ReceiverInfo$1@d956ea2, duration=63
07-03 18:56:20.113  1361  1456 I chatty  : uid=1000(system) batterystats-sy expire 3 lines
07-03 18:56:20.544  1361  1452 I chatty  : uid=1000(system) android.bg expire 1 line
07-03 18:56:20.828  1361  1711 I chatty  : uid=1000(system) NetworkPolicy expire 1 line
07-03 18:56:21.377 32157 32157 I ActivityThread: Performing receive of Intent { act=com.google.android.finsky.action.UPDATE_SETTINGS_ACTION flg=0x10 cmp=com.android.vending/com.google.android.finsky.verifier.impl.SingleUserSettingsReceiver (has extras) }: app=com.google.android.finsky.application.classic.ClassicProdApplication@7ab46c, appName=com.android.vending, pkg=com.android.vending, comp={com.android.vending/com.google.android.finsky.verifier.impl.SingleUserSettingsReceiver}, dir=/data/app/com.android.vending-1/base.apk, duration=78
07-03 18:56:21.605  1361  2947 I chatty  : uid=1000(system) Binder:1361_F expire 2 lines
07-03 18:56:22.373  1361  1418 I chatty  : uid=1000(system) Binder:1361_2 expire 2 lines
07-03 18:56:22.704  1361  1952 I chatty  : uid=1000(system) Binder:1361_4 expire 1 line
07-03 18:56:22.747  1361 32311 I chatty  : uid=1000 system_server expire 1 line
07-03 18:56:28.900  1361  1453 I chatty  : uid=1000(system) ActivityManager expire 4 lines
07-03 18:56:29.156  1361  4917 I chatty  : uid=1000(system) Binder:1361_11 expire 3 lines
07-03 18:56:34.086  1361  1454 I chatty  : uid=1000(system) android.ui expire 1 line
07-03 18:56:59.942  1361 30122 I chatty  : uid=1000(system) Binder:1361_1E expire 2 lines
07-03 18:57:00.105  1361  2432 I chatty  : uid=1000(system) Binder:1361_7 expire 3 lines
07-03 18:57:00.256  1361  5254 I chatty  : uid=1000(system) Binder:1361_12 expire 4 lines
07-03 18:57:00.259  1361  2565 I chatty  : uid=1000(system) Binder:1361_B expire 2 lines
07-03 18:57:00.264  1361  7046 I chatty  : uid=1000(system) Binder:1361_16 expire 3 lines
07-03 18:57:01.345  1361 30118 I chatty  : uid=1000(system) Binder:1361_1B expire 2 lines
07-03 18:57:01.547 32358 32423 I LoadedApk: Performing receive of Intent { act=com.facebook.messaging.ipc.peersPROD flg=0x10 (has extras) }, receiver=X.0fw@ff8442e, duration=113
07-03 18:59:05.164  1361  1701 I chatty  : uid=1000(system) AlarmManager expire 2 lines
07-03 18:59:05.218  1361 29202 I chatty  : uid=1000(system) Binder:1361_1A expire 1 line
07-03 18:59:05.223  1779  1779 D PowerUI : oldTemp=260, mTemp=250
07-03 18:59:05.223  1779  1779 D PowerUI : findUsbOtg =false,supportReverseCharging =1
07-03 19:00:26.584  1361  2550 I chatty  : uid=1000(system) Binder:1361_A expire 3 lines
07-03 19:00:27.639  1361  1361 I chatty  : uid=1000 system_server expire 1 line
07-03 19:00:27.776  1361  1709 I chatty  : uid=1000(system) NetworkStats expire 1 line
07-03 19:00:28.646  1361  2567 I chatty  : uid=1000(system) Binder:1361_C expire 3 lines
07-03 19:00:28.757  1361  4917 I chatty  : uid=1000(system) Binder:1361_11 expire 1 line
07-03 19:00:28.759  1361  1718 I chatty  : uid=1000(system) ConnectivitySer expire 6 lines
07-03 19:00:28.761  1361  5334 I chatty  : uid=1000(system) Binder:1361_1F expire 2 lines
07-03 19:00:28.848  1361  7046 I chatty  : uid=1000(system) Binder:1361_16 expire 4 lines
07-03 19:00:28.906  1361  2550 I chatty  : uid=1000(system) Binder:1361_A expire 3 lines
07-03 19:00:29.122  1361 32502 I chatty  : uid=1000 system_server expire 1 line
07-03 19:00:29.757  1361  1453 I chatty  : uid=1000(system) ActivityManager expire 8 lines
07-03 19:00:30.735  1361  2548 I chatty  : uid=1000(system) Binder:1361_9 expire 3 lines
07-03 19:00:31.993  1361  1701 I chatty  : uid=1000(system) AlarmManager expire 11 lines
07-03 19:02:03.754  1361  1361 I chatty  : uid=1000 system_server expire 13 lines
07-03 19:02:04.381  1361  1711 I chatty  : uid=1000(system) NetworkPolicy expire 2 lines
07-03 19:02:04.452 12146 12146 I LoadedApk: Performing receive of Intent { act=android.net.conn.CONNECTIVITY_CHANGE flg=0x4000010 (has extras) }, receiver=com.asus.ime.IME$5@ef889fe, duration=126
07-03 19:02:04.468 32358 32358 I LoadedApk: Performing receive of Intent { act=android.net.conn.CONNECTIVITY_CHANGE flg=0x4000010 (has extras) }, receiver=X.0fw@dae0be0, duration=87
07-03 19:02:04.476 26745 26964 I LoadedApk: Performing receive of Intent { act=android.net.conn.CONNECTIVITY_CHANGE flg=0x4000010 (has extras) }, receiver=bgkv@faf5418, duration=206
07-03 19:02:04.536  2044  2083 I LoadedApk: Performing receive of Intent { act=android.intent.action.ANY_DATA_STATE flg=0x10 (has extras) }, receiver=com.quicinc.cne.CNE$2@2ce8615, duration=52
07-03 19:02:04.539 31017 31017 I LoadedApk: Performing receive of Intent { act=android.net.conn.CONNECTIVITY_CHANGE flg=0x4000010 (has extras) }, receiver=org.telegram.messenger.ApplicationLoader$1@e16079f, duration=263
07-03 19:02:04.553 32457 32457 I LoadedApk: Performing receive of Intent { act=android.net.conn.CONNECTIVITY_CHANGE flg=0x4000010 (has extras) }, receiver=X.0M1@a88a5b7, duration=158
07-03 19:02:04.630 32358 32442 I LoadedApk: Performing receive of Intent { act=android.net.conn.CONNECTIVITY_CHANGE flg=0x4000010 (has extras) }, receiver=X.0Ai@21222ba, duration=328
07-03 19:02:04.685  1779  2199 I LoadedApk: Performing receive of Intent { act=android.net.conn.CONNECTIVITY_CHANGE flg=0x4000010 (has extras) }, receiver=com.android.systemui.statusbar.policy.NetworkControllerImpl@8066ec2, duration=423
07-03 19:02:14.195 26745 26745 I LoadedApk: Performing receive of Intent { act=com.google.android.intent.action.GCM_RECONNECT flg=0x14 (has extras) }, receiver=com.google.android.gms.gcm.connection.ReconnectManager$ReconnectBroadcastReceiver@7e8a32d, duration=89
07-03 19:03:00.070  2145  4538 W ContextImpl: Calling a method in the system process without a qualified user: android.app.ContextImpl.bindService:1421 android.content.ContextWrapper.bindService:643 com.google.android.gms.common.stats.b.a:-1 com.google.android.gms.common.stats.b.a:-1 com.google.android.gms.ads.identifier.AdvertisingIdClient.a:-1 
07-03 19:03:14.769  1361  1701 I chatty  : uid=1000(system) AlarmManager expire 15 lines
07-03 19:09:04.989  1361  6974 I chatty  : uid=1000(system) Binder:1361_15 expire 1 line
07-03 19:09:04.993  1779  1779 D PowerUI : oldTemp=250, mTemp=250
07-03 19:09:04.993  1779  1779 D PowerUI : findUsbOtg =false,supportReverseCharging =1
07-03 19:09:56.324 26745 26964 I LoadedApk: Performing receive of Intent { act=com.google.android.location.ALARM_WAKEUP_LOCATOR flg=0x14 (has extras) }, receiver=bgkv@faf5418, duration=312
07-03 19:13:33.480  1361  2071 I chatty  : uid=1000(system) Binder:1361_6 expire 2 lines
07-03 19:13:35.092  2145  2145 W ContextImpl: Calling a method in the system process without a qualified user: android.app.ContextImpl.sendBroadcast:877 android.content.ContextWrapper.sendBroadcast:428 com.asus.powersaver.PowerSaverService.bX:-1 com.asus.powersaver.PowerSaverService.p:-1 com.asus.powersaver.PowerSaverService$8.onReceive:-1 
07-03 19:13:35.148  1361  1724 I chatty  : uid=1000(system) onProviders.ECP expire 1 line
07-03 19:13:35.153  2145  2145 I LoadedApk: Performing receive of Intent { act=android.intent.action.TIME_SET flg=0x24000010 }, receiver=com.asus.powersaver.powerstatus.SmartCharging$2@b877f00, duration=58
07-03 19:13:35.886  1361  1454 I chatty  : uid=1000(system) android.ui expire 2 lines
07-03 19:13:42.245  1361  1701 I chatty  : uid=1000(system) AlarmManager expire 2 lines
07-03 19:13:42.284  2145  2145 W ContextImpl: Calling a method in the system process without a qualified user: android.app.ContextImpl.sendBroadcast:877 android.content.ContextWrapper.sendBroadcast:428 com.asus.powersaver.PowerSaverService.bX:-1 com.asus.powersaver.PowerSaverService.p:-1 com.asus.powersaver.PowerSaverService$8.onReceive:-1 
07-03 19:13:42.415  2145   424 W ContextImpl: Calling a method in the system process without a qualified user: android.app.ContextImpl.sendBroadcast:877 android.content.ContextWrapper.sendBroadcast:428 com.asus.powersaver.PowerSaverService.bO:-1 com.asus.powersaver.PowerSaverService.c:-1 com.asus.powersaver.PowerSaverService$ApplySettingsTask.a:-1 
07-03 19:13:42.598  1361  1452 I chatty  : uid=1000(system) android.bg expire 4 lines
07-03 19:13:43.549 32358 32358 I LoadedApk: Performing receive of Intent { act=android.intent.action.TIME_SET flg=0x24000010 }, receiver=X.0i4@772be7a, duration=8502
07-03 19:13:43.552  2145   333 W ContextImpl: Calling a method in the system process without a qualified user: android.app.ContextImpl.sendBroadcast:877 android.content.ContextWrapper.sendBroadcast:428 com.asus.powersaver.PowerSaverService.bO:-1 com.asus.powersaver.PowerSaverService.c:-1 com.asus.powersaver.PowerSaverService$ApplySettingsTask.a:-1 
07-03 19:13:43.580 31785 31785 I LoadedApk: Performing receive of Intent { act=com.qualcomm.intent.action.ACTION_UNSOL_RESPONSE_OEM_HOOK_RAW flg=0x10 (has extras) }, receiver=com.qualcomm.qcrilhook.QcRilHook$1@a83b71b, duration=185
07-03 19:13:50.007  1361  1361 I chatty  : uid=1000 system_server expire 10 lines
07-03 19:13:50.324  1361  5257 I chatty  : uid=1000(system) Binder:1361_13 expire 4 lines
07-03 19:13:50.919  1361  2548 I chatty  : uid=1000(system) Binder:1361_9 expire 3 lines
07-03 19:13:51.086  1361  2069 I chatty  : uid=1000(system) Binder:1361_5 expire 3 lines
07-03 19:13:51.957  1361  1453 I chatty  : uid=1000(system) ActivityManager expire 8 lines
07-03 19:13:52.019   556   556 I ActivityThread: Performing receive of Intent { act=android.intent.action.TIME_SET flg=0x24000010 cmp=com.asus.weathertime/.WeatherWidgetProviderPhone }: app=com.asus.weathertime.WeatherApplication@fad9451, appName=com.asus.weathertime, pkg=com.asus.weathertime, comp={com.asus.weathertime/com.asus.weathertime.WeatherWidgetProviderPhone}, dir=/data/app/com.asus.weathertime-1/base.apk, duration=227
07-03 19:13:52.241   556   556 I ActivityThread: Performing receive of Intent { act=android.intent.action.TIME_SET flg=0x24000010 cmp=com.asus.weathertime/.WeatherWidgetProviderPhoneWithForecast }: app=com.asus.weathertime.WeatherApplication@fad9451, appName=com.asus.weathertime, pkg=com.asus.weathertime, comp={com.asus.weathertime/com.asus.weathertime.WeatherWidgetProviderPhoneWithForecast}, dir=/data/app/com.asus.weathertime-1/base.apk, duration=193
07-03 19:13:52.311  1361  2432 I chatty  : uid=1000(system) Binder:1361_7 expire 2 lines
07-03 19:13:53.161  1361  2947 I chatty  : uid=1000(system) Binder:1361_F expire 3 lines
07-03 19:13:53.723  1361  2565 I chatty  : uid=1000(system) Binder:1361_B expire 6 lines
07-03 19:13:53.817  1361  4194 I chatty  : uid=1000(system) Binder:1361_10 expire 3 lines
07-03 19:13:54.476  1361  2550 I chatty  : uid=1000(system) Binder:1361_A expire 2 lines
07-03 19:13:54.656  1361 27613 I chatty  : uid=1000(system) Binder:1361_18 expire 4 lines
07-03 19:13:54.657  1361  1718 I chatty  : uid=1000(system) ConnectivitySer expire 5 lines
07-03 19:13:54.709  1361   791 I chatty  : uid=1000 system_server expire 1 line
07-03 19:13:55.417   756   756 I ActivityThread: Performing receive of Intent { act=android.intent.action.TIME_SET flg=0x24000010 cmp=com.google.android.apps.tachyon/androidx.work.impl.background.systemalarm.RescheduleReceiver }: app=com.google.android.apps.tachyon.TachyonApplication@450a83a, appName=com.google.android.apps.tachyon, pkg=com.google.android.apps.tachyon, comp={com.google.android.apps.tachyon/androidx.work.impl.background.systemalarm.RescheduleReceiver}, dir=/data/app/com.google.android.apps.tachyon-1/base.apk, duration=64
07-03 19:13:55.732  1361 30118 I chatty  : uid=1000(system) Binder:1361_1B expire 5 lines
07-03 19:13:56.038  1361  2071 I chatty  : uid=1000(system) Binder:1361_6 expire 1 line
07-03 19:13:56.080  1361   884 I chatty  : uid=1000 system_server expire 1 line
07-03 19:13:57.206  1361  1417 I chatty  : uid=1000(system) Binder:1361_1 expire 3 lines
07-03 19:13:57.251  1361   948 I chatty  : uid=1000 system_server expire 1 line
07-03 19:13:57.381  1361  1701 I chatty  : uid=1000(system) AlarmManager expire 8 lines
07-03 19:13:57.668  1361  2533 I chatty  : uid=1000(system) Binder:1361_8 expire 2 lines
07-03 19:13:57.834  1361  7046 I chatty  : uid=1000(system) Binder:1361_16 expire 3 lines
07-03 19:13:57.857  1016  1016 I ActivityThread: Performing receive of Intent { act=android.intent.action.TIME_SET flg=0x24000010 cmp=com.qualcomm.timeservice/.TimeServiceBroadcastReceiver }: app=android.app.Application@2ce8615, appName=com.qualcomm.timeservice, pkg=com.qualcomm.timeservice, comp={com.qualcomm.timeservice/com.qualcomm.timeservice.TimeServiceBroadcastReceiver}, dir=/system/app/TimeService/TimeService.apk, duration=58
07-03 19:13:58.342  1087  1087 I ActivityThread: Performing receive of Intent { act=android.intent.action.TIME_SET flg=0x24000010 cmp=com.google.android.instantapps.supervisor/androidx.work.impl.background.systemalarm.RescheduleReceiver }: app=com.google.android.instantapps.supervisor.SupervisorApplication@4576780, appName=com.google.android.instantapps.supervisor, pkg=com.google.android.instantapps.supervisor, comp={com.google.android.instantapps.supervisor/androidx.work.impl.background.systemalarm.RescheduleReceiver}, dir=/data/app/com.google.android.instantapps.supervisor-1/base.apk, duration=258
07-03 19:13:59.375  1361  7059 I chatty  : uid=1000(system) Binder:1361_17 expire 2 lines
07-03 19:13:59.475  1361  5258 I chatty  : uid=1000(system) Binder:1361_14 expire 2 lines
07-03 19:13:59.940  1361  5254 I chatty  : uid=1000(system) Binder:1361_12 expire 3 lines
07-03 19:13:59.996  1361 29201 I chatty  : uid=1000(system) Binder:1361_19 expire 2 lines
07-03 19:14:00.060  1361  1255 I chatty  : uid=1000 system_server expire 1 line
07-03 19:14:00.538  1361  2567 I chatty  : uid=1000(system) Binder:1361_C expire 1 line
07-03 19:14:00.810  1361  5334 I chatty  : uid=1000(system) Binder:1361_1F expire 1 line
07-03 19:14:01.412  1361  1501 I chatty  : uid=1000(system) android.io expire 3 lines
07-03 19:14:01.638  1361  1729 I chatty  : uid=1000(system) Binder:1361_3 expire 1 line
07-03 19:14:02.616  1394  1394 W ContextImpl: Calling a method in the system process without a qualified user: android.app.ContextImpl.startService:1357 android.content.ContextWrapper.startService:620 com.qualcomm.qcrilhook.QcRilHook.<init>:102 com.qualcomm.qti.modemtestmode.MbnAppGlobals.onCreate:32 android.app.Instrumentation.callApplicationOnCreate:1025 
07-03 19:14:02.621  1394  1394 W ContextImpl: Calling a method in the system process without a qualified user: android.app.ContextImpl.bindService:1421 android.content.ContextWrapper.bindService:643 com.qualcomm.qcrilhook.QcRilHook.<init>:104 com.qualcomm.qti.modemtestmode.MbnAppGlobals.onCreate:32 android.app.Instrumentation.callApplicationOnCreate:1025 
07-03 19:14:02.653  1394  1394 W ContextImpl: Calling a method in the system process without a qualified user: android.app.ContextImpl.bindService:1421 android.content.ContextWrapper.bindService:643 com.qualcomm.qti.modemtestmode.MbnSystemService.onCreate:101 android.app.ActivityThread.handleCreateService:3211 android.app.ActivityThread.-wrap5:-1 
07-03 19:14:03.519  1361  6974 I chatty  : uid=1000(system) Binder:1361_15 expire 1 line
07-03 19:14:04.581   834   834 I ActivityThread: Performing receive of Intent { act=com.google.android.gms.phenotype.UPDATE flg=0x10 pkg=com.google.android.calendar cmp=com.google.android.calendar/com.google.android.libraries.notifications.entrypoints.phenotype.PhenotypeUpdateReceiver }: app=com.google.android.calendar.CalendarApplication@198e0ef, appName=com.google.android.calendar, pkg=com.google.android.calendar, comp={com.google.android.calendar/com.google.android.libraries.notifications.entrypoints.phenotype.PhenotypeUpdateReceiver}, dir=/data/app/com.google.android.calendar-1/base.apk, duration=61
07-03 19:14:05.260  1423  1423 I ActivityThread: Performing receive of Intent { act=com.asus.weathertime.weatherIntentAction flg=0x10 pkg=com.asus.weathertime cmp=com.asus.weathertime/.WeatherWidgetProviderPhone (has extras) }: app=com.asus.weathertime.WeatherApplication@bd376db, appName=com.asus.weathertime, pkg=com.asus.weathertime, comp={com.asus.weathertime/com.asus.weathertime.WeatherWidgetProviderPhone}, dir=/data/app/com.asus.weathertime-1/base.apk, duration=140
07-03 19:15:02.108  1423  1423 I ActivityThread: Performing receive of Intent { act=com.asus.weathertime.weatherIntentAction flg=0x10 pkg=com.asus.weathertime cmp=com.asus.weathertime/.WeatherWidgetProviderPhoneWithForecast (has extras) }: app=com.asus.weathertime.WeatherApplication@bd376db, appName=com.asus.weathertime, pkg=com.asus.weathertime, comp={com.asus.weathertime/com.asus.weathertime.WeatherWidgetProviderPhoneWithForecast}, dir=/data/app/com.asus.weathertime-1/base.apk, duration=56837
07-03 19:18:32.976  1361  1361 I chatty  : uid=1000 system_server expire 1 line
07-03 19:19:38.172  1361  1701 I chatty  : uid=1000(system) AlarmManager expire 13 lines
07-03 19:28:47.310  1361  1361 I chatty  : uid=1000 system_server expire 34 lines
07-03 19:36:09.595  1361  4194 I chatty  : uid=1000(system) Binder:1361_10 expire 1 line
07-03 19:36:09.675  1361  1709 I chatty  : uid=1000(system) NetworkStats expire 1 line
07-03 19:36:10.004  1361  1452 I chatty  : uid=1000(system) android.bg expire 1 line
07-03 19:36:10.005  1361  1711 I chatty  : uid=1000(system) NetworkPolicy expire 1 line
07-03 19:36:10.670  1361  5254 I chatty  : uid=1000(system) Binder:1361_12 expire 1 line
07-03 19:36:10.675  1361  2587 I chatty  : uid=1000(system) Binder:1361_E expire 1 line
07-03 19:36:10.941  1361  4917 I chatty  : uid=1000(system) Binder:1361_11 expire 3 lines
07-03 19:36:11.263  1361  1361 I chatty  : uid=1000 system_server expire 52 lines
07-03 19:36:11.383  1361  2432 I chatty  : uid=1000(system) Binder:1361_7 expire 2 lines
07-03 19:36:11.580  1361  5258 I chatty  : uid=1000(system) Binder:1361_14 expire 2 lines
07-03 19:36:12.295  1361  1418 I chatty  : uid=1000(system) Binder:1361_2 expire 3 lines
07-03 19:36:12.539  1361  1453 I chatty  : uid=1000(system) ActivityManager expire 5 lines
07-03 19:36:12.540  1361  2947 I chatty  : uid=1000(system) Binder:1361_F expire 2 lines
07-03 19:36:13.024  1361  2071 I chatty  : uid=1000(system) Binder:1361_6 expire 3 lines
07-03 19:36:14.306  1803  1858 I LoadedApk: Performing receive of Intent { act=com.facebook.messaging.ipc.peersPROD flg=0x10 (has extras) }, receiver=X.0fw@45e4846, duration=148
07-03 19:36:16.345  1361  1701 I chatty  : uid=1000(system) AlarmManager expire 1 line
07-03 19:36:17.440  1361  1452 I chatty  : uid=1000(system) android.bg expire 1 line
07-03 19:36:17.529  1361  1711 I chatty  : uid=1000(system) NetworkPolicy expire 1 line
07-03 19:36:20.329  1361  1361 I chatty  : uid=1000 system_server expire 12 lines
07-03 19:36:21.503  1361  1452 I chatty  : uid=1000(system) android.bg expire 5 lines
07-03 19:36:21.645 26745 26964 I LoadedApk: Performing receive of Intent { act=android.os.action.DEVICE_IDLE_MODE_CHANGED flg=0x50000010 }, receiver=bgkv@faf5418, duration=70
07-03 19:36:45.912  1361  1453 I chatty  : uid=1000(system) ActivityManager expire 8 lines
07-03 19:39:03.401  1361  1701 I chatty  : uid=1000(system) AlarmManager expire 4 lines
07-03 19:39:03.453  1361  1417 I chatty  : uid=1000(system) Binder:1361_1 expire 4 lines
07-03 19:39:03.462  1779  1779 D PowerUI : oldTemp=250, mTemp=245
07-03 19:39:03.462  1779  1779 D PowerUI : findUsbOtg =false,supportReverseCharging =1
07-03 19:39:03.507  1361  2432 I chatty  : uid=1000(system) Binder:1361_7 expire 4 lines
07-03 19:39:03.585  1779  1779 I LoadedApk: Performing receive of Intent { act=android.intent.action.BATTERY_CHANGED flg=0x60000010 (has extras) }, receiver=com.android.systemui.statusbar.policy.BatteryControllerImpl@4df6f0d, duration=121
07-03 19:41:00.195  1361  2565 I chatty  : uid=1000(system) Binder:1361_B expire 7 lines
07-03 19:41:02.047  1361  1454 I chatty  : uid=1000(system) android.ui expire 1 line
07-03 19:41:02.105  2145  1980 W ContextImpl: Calling a method in the system process without a qualified user: android.app.ContextImpl.sendBroadcast:877 android.content.ContextWrapper.sendBroadcast:428 com.asus.powersaver.PowerSaverService.bO:-1 com.asus.powersaver.PowerSaverService.c:-1 com.asus.powersaver.PowerSaverService$ApplySettingsTask.a:-1 
07-03 19:41:02.106  2145  2145 W ContextImpl: Calling a method in the system process without a qualified user: android.app.ContextImpl.sendBroadcast:877 android.content.ContextWrapper.sendBroadcast:428 com.asus.powersaver.PowerSaverService.bX:-1 com.asus.powersaver.PowerSaverService.p:-1 com.asus.powersaver.PowerSaverService$8.onReceive:-1 
07-03 19:41:02.107   834   834 I LoadedApk: Performing receive of Intent { act=android.intent.action.TIME_SET flg=0x24000010 }, receiver=cal.cua@58e0532, duration=74
07-03 19:41:02.113  2145  2145 I LoadedApk: Performing receive of Intent { act=android.intent.action.TIME_SET flg=0x24000010 }, receiver=com.asus.powersaver.PowerSaverService$8@c3b1364, duration=100
07-03 19:41:02.236  1361 30122 I chatty  : uid=1000(system) Binder:1361_1E expire 1 line
07-03 19:41:08.133  2145  2145 W ContextImpl: Calling a method in the system process without a qualified user: android.app.ContextImpl.sendBroadcast:877 android.content.ContextWrapper.sendBroadcast:428 com.asus.powersaver.PowerSaverService.bX:-1 com.asus.powersaver.PowerSaverService.p:-1 com.asus.powersaver.PowerSaverService$8.onReceive:-1 
07-03 19:41:08.140  1361  1361 I chatty  : uid=1000 system_server expire 16 lines
07-03 19:41:08.279  2145  2007 W ContextImpl: Calling a method in the system process without a qualified user: android.app.ContextImpl.sendBroadcast:877 android.content.ContextWrapper.sendBroadcast:428 com.asus.powersaver.PowerSaverService.bO:-1 com.asus.powersaver.PowerSaverService.c:-1 com.asus.powersaver.PowerSaverService$ApplySettingsTask.a:-1 
07-03 19:41:08.681  1361  4194 I chatty  : uid=1000(system) Binder:1361_10 expire 5 lines
07-03 19:44:39.519  1361 30121 I chatty  : uid=1000(system) Binder:1361_1D expire 1 line
07-03 19:44:39.873  1361  5334 I chatty  : uid=1000(system) Binder:1361_1F expire 2 lines
07-03 19:44:39.875  1361  1718 I chatty  : uid=1000(system) ConnectivitySer expire 3 lines
07-03 19:44:39.876  1361 23955 I chatty  : uid=1000(system) Binder:1361_20 expire 2 lines
07-03 19:44:39.941  1361  2214 I chatty  : uid=1000 system_server expire 1 line
07-03 19:44:40.186  1361 30119 I chatty  : uid=1000(system) Binder:1361_1C expire 1 line
