07-03 12:40:00.123  1361  1718 I chatty  : uid=1000(system) ConnectivitySer expire 10 lines
07-03 12:40:00.144  1361 10494 I chatty  : uid=1000 system_server expire 1 line
07-03 12:40:00.345  1361  4917 I chatty  : uid=1000(system) Binder:1361_11 expire 9 lines
07-03 12:40:28.098  1361  1361 I chatty  : uid=1000 system_server expire 30 lines
07-03 12:40:31.446  1361  1453 I chatty  : uid=1000(system) ActivityManager expire 11 lines
07-03 12:40:38.647  1361  2533 I chatty  : uid=1000(system) Binder:1361_8 expire 5 lines
07-03 12:40:41.497  1361  5254 I chatty  : uid=1000(system) Binder:1361_12 expire 13 lines
07-03 12:40:52.121  1361 30122 I chatty  : uid=1000(system) Binder:1361_1E expire 11 lines
07-03 12:41:00.230  1361 30118 I chatty  : uid=1000(system) Binder:1361_1B expire 10 lines
07-03 12:41:01.529 11474 11474 W ContextImpl: Calling a method in the system process without a qualified user: android.app.ContextImpl.startService:1357 android.content.ContextWrapper.startService:620 com.qualcomm.qcrilhook.QcRilHook.<init>:102 com.qualcomm.qti.modemtestmode.MbnAppGlobals.onCreate:32 android.app.Instrumentation.callApplicationOnCreate:1025 
07-03 12:41:01.532 11474 11474 W ContextImpl: Calling a method in the system process without a qualified user: android.app.ContextImpl.bindService:1421 android.content.ContextWrapper.bindService:643 com.qualcomm.qcrilhook.QcRilHook.<init>:104 com.qualcomm.qti.modemtestmode.MbnAppGlobals.onCreate:32 android.app.Instrumentation.callApplicationOnCreate:1025 
07-03 12:41:01.539 11474 11474 W ContextImpl: Calling a method in the system process without a qualified user: android.app.ContextImpl.bindService:1421 android.content.ContextWrapper.bindService:643 com.qualcomm.qti.modemtestmode.MbnSystemService.onCreate:101 android.app.ActivityThread.handleCreateService:3211 android.app.ActivityThread.-wrap5:-1 
07-03 12:41:02.500  1361  1417 I chatty  : uid=1000(system) Binder:1361_1 expire 6 lines
07-03 12:41:03.100  1361  1361 I chatty  : uid=1000 system_server expire 34 lines
07-03 12:41:16.201  1361  7059 I chatty  : uid=1000(system) Binder:1361_17 expire 10 lines
07-03 12:41:48.062  1361 23955 I chatty  : uid=1000(system) Binder:1361_20 expire 4 lines
07-03 12:41:50.817  1361  1703 I chatty  : uid=1000(system) InputReader expire 1 line
07-03 12:41:50.889  1361  1506 I chatty  : uid=1000(system) PowerManagerSer expire 2 lines
07-03 12:41:51.049  1361  2580 I chatty  : uid=1000(system) Binder:1361_D expire 7 lines
07-03 12:41:51.463  1361  1759 I chatty  : uid=1000(system) PhotonicModulat expire 3 lines
07-03 12:41:51.581  1361  1502 I chatty  : uid=1000(system) android.display expire 2 lines
07-03 12:41:52.385  1361  2947 I chatty  : uid=1000(system) Binder:1361_F expire 11 lines
07-03 12:41:52.402  1779  1779 V KeyguardDisplayManager: show
07-03 12:41:52.498  1361  1453 I chatty  : uid=1000(system) ActivityManager expire 10 lines
07-03 12:41:53.020 11917 11917 I ActivityThread: Performing receive of Intent { act=android.appwidget.action.APPWIDGET_UPDATE_OPTIONS flg=0x10 cmp=com.asus.weathertime/.WeatherWidgetProviderPhone (has extras) }: app=com.asus.weathertime.WeatherApplication@3cb2356, appName=com.asus.weathertime, pkg=com.asus.weathertime, comp={com.asus.weathertime/com.asus.weathertime.WeatherWidgetProviderPhone}, dir=/data/app/com.asus.weathertime-1/base.apk, duration=54
07-03 12:41:54.227  1361 29201 I chatty  : uid=1000(system) Binder:1361_19 expire 15 lines
07-03 12:42:00.001  1361  1701 I chatty  : uid=1000(system) AlarmManager expire 16 lines
07-03 12:42:26.514 12093 12093 W ContextImpl: Calling a method in the system process without a qualified user: android.app.ContextImpl.startService:1357 android.content.ContextWrapper.startService:620 com.qualcomm.qcrilhook.QcRilHook.<init>:102 com.qualcomm.qti.modemtestmode.MbnAppGlobals.onCreate:32 android.app.Instrumentation.callApplicationOnCreate:1025 
07-03 12:42:26.517 12093 12093 W ContextImpl: Calling a method in the system process without a qualified user: android.app.ContextImpl.bindService:1421 android.content.ContextWrapper.bindService:643 com.qualcomm.qcrilhook.QcRilHook.<init>:104 com.qualcomm.qti.modemtestmode.MbnAppGlobals.onCreate:32 android.app.Instrumentation.callApplicationOnCreate:1025 
07-03 12:42:26.522 12093 12093 W ContextImpl: Calling a method in the system process without a qualified user: android.app.ContextImpl.bindService:1421 android.content.ContextWrapper.bindService:643 com.qualcomm.qti.modemtestmode.MbnSystemService.onCreate:101 android.app.ActivityThread.handleCreateService:3211 android.app.ActivityThread.-wrap5:-1 
07-03 12:42:30.511 26745 26964 I LoadedApk: Performing receive of Intent { act=com.google.android.location.ALARM_WAKEUP_LOCATOR flg=0x14 (has extras) }, receiver=bgkv@faf5418, duration=86
07-03 12:42:30.932  1361  1418 I chatty  : uid=1000(system) Binder:1361_2 expire 7 lines
07-03 12:45:57.175  1361  1452 I chatty  : uid=1000(system) android.bg expire 14 lines
07-03 12:47:13.464  9804  9804 I LoadedApk: Performing receive of Intent { act=com.vkontakte.android.USER_PRESENCE flg=0x10 (has extras) }, receiver=com.vkontakte.android.fragments.messages.ChatFragment$1@a8e81cc, duration=69
07-03 12:47:19.154  9804  9804 I LoadedApk: Performing receive of Intent { act=com.vkontakte.android.TYPING flg=0x10 (has extras) }, receiver=com.vkontakte.android.fragments.messages.DialogsFragment$1@fe6e700, duration=103
07-03 12:47:33.821  1361  1701 I chatty  : uid=1000(system) AlarmManager expire 14 lines
07-03 12:47:33.848  1361  2069 I chatty  : uid=1000(system) Binder:1361_5 expire 10 lines
07-03 12:48:34.887  1361  1711 I chatty  : uid=1000(system) NetworkPolicy expire 4 lines
07-03 12:48:39.100 12498 12498 I ActivityThread: Performing receive of Intent { act=android.intent.action.DOWNLOAD_COMPLETE flg=0x10 pkg=com.android.vending cmp=com.android.vending/com.google.android.finsky.instantapps.dna.ArchiveDownloadBroadcastReceiver (has extras) }: app=com.google.android.finsky.application.classic.ClassicProdApplication@4f75395, appName=com.android.vending, pkg=com.android.vending, comp={com.android.vending/com.google.android.finsky.instantapps.dna.ArchiveDownloadBroadcastReceiver}, dir=/data/app/com.android.vending-2/base.apk, duration=184
07-03 12:49:19.745  1779  1779 D PowerUI : oldTemp=250, mTemp=255
07-03 12:49:19.745  1779  1779 D PowerUI : findUsbOtg =false,supportReverseCharging =1
07-03 12:49:19.809  2049  2049 I LoadedApk: Performing receive of Intent { act=android.intent.action.BATTERY_CHANGED flg=0x60000010 (has extras) }, receiver=com.qualcomm.ims.vt.LowBatteryHandler$1@303fe3b, duration=64
07-03 12:49:40.849  1779  1779 I LoadedApk: Performing receive of Intent { act=android.intent.action.TIME_TICK flg=0x50000014 (has extras) }, receiver=android.widget.DateTimeView$ReceiverInfo$1@d956ea2, duration=59
07-03 12:50:38.071  1361  1453 I chatty  : uid=1000(system) ActivityManager expire 12 lines
07-03 12:50:38.145 12787 12787 W ContextImpl: Calling a method in the system process without a qualified user: android.app.ContextImpl.startService:1357 android.content.ContextWrapper.startService:620 com.qualcomm.qcrilhook.QcRilHook.<init>:102 com.qualcomm.qti.modemtestmode.MbnAppGlobals.onCreate:32 android.app.Instrumentation.callApplicationOnCreate:1025 
07-03 12:50:38.147 12787 12787 W ContextImpl: Calling a method in the system process without a qualified user: android.app.ContextImpl.bindService:1421 android.content.ContextWrapper.bindService:643 com.qualcomm.qcrilhook.QcRilHook.<init>:104 com.qualcomm.qti.modemtestmode.MbnAppGlobals.onCreate:32 android.app.Instrumentation.callApplicationOnCreate:1025 
07-03 12:50:38.153 12787 12787 W ContextImpl: Calling a method in the system process without a qualified user: android.app.ContextImpl.bindService:1421 android.content.ContextWrapper.bindService:643 com.qualcomm.qti.modemtestmode.MbnSystemService.onCreate:101 android.app.ActivityThread.handleCreateService:3211 android.app.ActivityThread.-wrap5:-1 
07-03 12:55:15.441  1361  1361 I chatty  : uid=1000 system_server expire 12 lines
07-03 12:55:47.917  1361  1701 I chatty  : uid=1000(system) AlarmManager expire 9 lines
07-03 12:56:12.080  1361  1724 I chatty  : uid=1000(system) onProviders.ECP expire 1 line
07-03 12:56:12.104 12525 12525 I LoadedApk: Performing receive of Intent { act=android.intent.action.TIME_SET flg=0x24000010 }, receiver=X.0i4@45e4846, duration=64
07-03 12:56:12.130  2145 12898 I chatty  : uid=1000(system) com.asus.services expire 1 line
07-03 12:56:12.343  1361  5334 I chatty  : uid=1000(system) Binder:1361_1F expire 10 lines
07-03 12:56:16.553  1361  4194 I chatty  : uid=1000(system) Binder:1361_10 expire 7 lines
07-03 12:56:16.709  1361  1361 I chatty  : uid=1000 system_server expire 19 lines
07-03 12:56:17.255  1361  7046 I chatty  : uid=1000(system) Binder:1361_16 expire 8 lines
07-03 12:56:17.851 13000 13000 I ActivityThread: Performing receive of Intent { act=android.intent.action.TIME_SET flg=0x24000010 cmp=com.asus.weathertime/.WeatherWidgetProviderPhone }: app=com.asus.weathertime.WeatherApplication@8a14365, appName=com.asus.weathertime, pkg=com.asus.weathertime, comp={com.asus.weathertime/com.asus.weathertime.WeatherWidgetProviderPhone}, dir=/data/app/com.asus.weathertime-1/base.apk, duration=119
07-03 12:56:18.026 13000 13000 I ActivityThread: Performing receive of Intent { act=android.intent.action.TIME_SET flg=0x24000010 cmp=com.asus.weathertime/.WeatherWidgetProviderPhoneWithForecast }: app=com.asus.weathertime.WeatherApplication@8a14365, appName=com.asus.weathertime, pkg=com.asus.weathertime, comp={com.asus.weathertime/com.asus.weathertime.WeatherWidgetProviderPhoneWithForecast}, dir=/data/app/com.asus.weathertime-1/base.apk, duration=144
07-03 12:56:18.053  1361 27613 I chatty  : uid=1000(system) Binder:1361_18 expire 9 lines
07-03 12:56:19.592 13074 13074 I LoadedApk: Performing receive of Intent { act=android.net.conn.CONNECTIVITY_CHANGE flg=0x4000010 (has extras) }, receiver=kds@e1ee623, duration=50
07-03 12:56:22.426  1361  1536 I chatty  : uid=1000(system) PackageManager expire 11 lines
07-03 12:56:32.713  1361  1952 I chatty  : uid=1000(system) Binder:1361_4 expire 7 lines
07-03 12:56:57.588  1361  6974 I chatty  : uid=1000(system) Binder:1361_15 expire 5 lines
07-03 12:56:57.838  1361  1729 I chatty  : uid=1000(system) Binder:1361_3 expire 6 lines
07-03 12:56:58.581  1361  5257 I chatty  : uid=1000(system) Binder:1361_13 expire 4 lines
07-03 12:56:58.884  1361  2565 I chatty  : uid=1000(system) Binder:1361_B expire 3 lines
07-03 12:56:58.963  1361 13350 I chatty  : uid=1000 system_server expire 1 line
07-03 12:56:59.351  1361  2071 I chatty  : uid=1000(system) Binder:1361_6 expire 10 lines
07-03 12:56:59.353  1361  2587 I chatty  : uid=1000(system) Binder:1361_E expire 11 lines
07-03 12:56:59.420  1361 13436 I chatty  : uid=1000 system_server expire 1 line
07-03 12:56:59.472 13335 13335 I ActivityThread: Performing receive of Intent { act=android.intent.action.TIME_SET flg=0x24000010 cmp=com.google.android.calendar/com.android.calendar.widget.CalendarAppWidgetProvider }: app=com.google.android.calendar.CalendarApplication@198e0ef, appName=com.google.android.calendar, pkg=com.google.android.calendar, comp={com.google.android.calendar/com.android.calendar.widget.CalendarAppWidgetProvider}, dir=/data/app/com.google.android.calendar-1/base.apk, duration=92
07-03 12:57:00.175 13483 13483 I ActivityThread: Performing receive of Intent { act=android.intent.action.TIME_SET flg=0x24000010 cmp=com.google.android.instantapps.supervisor/androidx.work.impl.background.systemalarm.RescheduleReceiver }: app=com.google.android.instantapps.supervisor.SupervisorApplication@6041c26, appName=com.google.android.instantapps.supervisor, pkg=com.google.android.instantapps.supervisor, comp={com.google.android.instantapps.supervisor/androidx.work.impl.background.systemalarm.RescheduleReceiver}, dir=/data/app/com.google.android.instantapps.supervisor-1/base.apk, duration=155
07-03 12:57:00.224  1361  1453 I chatty  : uid=1000(system) ActivityManager expire 24 lines
07-03 12:57:01.779 13525 13525 I ActivityThread: Performing receive of Intent { act=android.intent.action.TIME_SET flg=0x24000010 cmp=com.viber.voip/androidx.work.impl.background.systemalarm.RescheduleReceiver }: app=com.viber.voip.ManifestViberApplication@e152d4d, appName=com.viber.voip, pkg=com.viber.voip, comp={com.viber.voip/androidx.work.impl.background.systemalarm.RescheduleReceiver}, dir=/data/app/com.viber.voip-2/base.apk, duration=71
07-03 12:57:02.094 13545 13545 I LoadedApk: Performing receive of Intent { act=android.net.conn.CONNECTIVITY_CHANGE flg=0x4000010 (has extras) }, receiver=org.telegram.messenger.ApplicationLoader$1@e16079f, duration=53
07-03 12:57:02.590  1361  1501 I chatty  : uid=1000(system) android.io expire 3 lines
07-03 12:57:02.742  1361  2548 I chatty  : uid=1000(system) Binder:1361_9 expire 8 lines
07-03 12:57:03.832  1361 30119 I chatty  : uid=1000(system) Binder:1361_1C expire 9 lines
07-03 12:57:04.921  1361  5258 I chatty  : uid=1000(system) Binder:1361_14 expire 4 lines
07-03 12:57:06.217 13903 14008 I LoadedApk: Performing receive of Intent { act=com.facebook.messaging.ipc.peersPROD flg=0x10 (has extras) }, receiver=X.0fw@daf7564, duration=154
07-03 12:57:09.537 14199 14199 I ActivityThread: Performing receive of Intent { act=com.asus.weathertime.weatherIntentAction flg=0x10 pkg=com.asus.weathertime cmp=com.asus.weathertime/.WeatherWidgetProviderPhone (has extras) }: app=com.asus.weathertime.WeatherApplication@f02cfd5, appName=com.asus.weathertime, pkg=com.asus.weathertime, comp={com.asus.weathertime/com.asus.weathertime.WeatherWidgetProviderPhone}, dir=/data/app/com.asus.weathertime-1/base.apk, duration=173
07-03 12:57:09.686 14199 14199 I ActivityThread: Performing receive of Intent { act=com.asus.weathertime.weatherIntentAction flg=0x10 pkg=com.asus.weathertime cmp=com.asus.weathertime/.WeatherWidgetProviderPhoneWithForecast (has extras) }: app=com.asus.weathertime.WeatherApplication@f02cfd5, appName=com.asus.weathertime, pkg=com.asus.weathertime, comp={com.asus.weathertime/com.asus.weathertime.WeatherWidgetProviderPhoneWithForecast}, dir=/data/app/com.asus.weathertime-1/base.apk, duration=139
07-03 12:57:15.522  1361  1536 I chatty  : uid=1000(system) PackageManager expire 39 lines
07-03 12:57:16.329  2049  2049 I LoadedApk: Performing receive of Intent { act=android.intent.action.PACKAGE_REMOVED dat=package:com.android.vending flg=0x4000010 (has extras) }, receiver=com.android.internal.telephony.SmsApplication$SmsPackageMonitor@5615d1c, duration=55
07-03 12:57:16.352 10116 10116 I LoadedApk: Performing receive of Intent { act=android.intent.action.PACKAGE_REMOVED dat=package:com.android.vending flg=0x4000010 (has extras) }, receiver=apm@aa018be, duration=77
07-03 12:57:16.358 26745 29086 I LoadedApk: Performing receive of Intent { act=android.intent.action.PACKAGE_REMOVED dat=package:com.android.vending flg=0x4000010 (has extras) }, receiver=com.google.android.gms.common.util.PackageResetHelper@f8b778e, duration=83
07-03 12:57:16.366  6624  6624 I LoadedApk: Performing receive of Intent { act=android.intent.action.PACKAGE_REMOVED dat=package:com.android.vending flg=0x4000010 (has extras) }, receiver=com.asus.launcher.d@bb7314e, duration=86
07-03 12:57:16.369 10971 10971 I LoadedApk: Performing receive of Intent { act=android.intent.action.PACKAGE_REMOVED dat=package:com.android.vending flg=0x4000010 (has extras) }, receiver=com.asus.mobilemanager.applications.ApplicationsPool@9a590fa, duration=76
07-03 12:57:16.394  2049  2049 I LoadedApk: Performing receive of Intent { act=android.intent.action.PACKAGE_ADDED dat=package:com.android.vending flg=0x4000010 (has extras) }, receiver=com.android.internal.telephony.SmsApplication$SmsPackageMonitor@5615d1c, duration=63
07-03 12:57:16.400 14300 14300 W ContextImpl: Calling a method in the system process without a qualified user: android.app.ContextImpl.startService:1357 android.content.ContextWrapper.startService:620 android.content.ContextWrapper.startService:620 com.android.keychain.KeyChainBroadcastReceiver.onReceive:12 android.app.ActivityThread.handleReceiver:3044 
07-03 12:57:16.446 14313 14313 W ContextImpl: Calling a method in the system process without a qualified user: android.app.ContextImpl.startService:1357 android.content.ContextWrapper.startService:620 com.qualcomm.qcrilhook.QcRilHook.<init>:102 com.qualcomm.qti.modemtestmode.MbnAppGlobals.onCreate:32 android.app.Instrumentation.callApplicationOnCreate:1025 
07-03 12:57:16.452 14313 14313 W ContextImpl: Calling a method in the system process without a qualified user: android.app.ContextImpl.bindService:1421 android.content.ContextWrapper.bindService:643 com.qualcomm.qcrilhook.QcRilHook.<init>:104 com.qualcomm.qti.modemtestmode.MbnAppGlobals.onCreate:32 android.app.Instrumentation.callApplicationOnCreate:1025 
07-03 12:57:16.457 14313 14313 W ContextImpl: Calling a method in the system process without a qualified user: android.app.ContextImpl.bindService:1421 android.content.ContextWrapper.bindService:643 com.qualcomm.qti.modemtestmode.MbnSystemService.onCreate:101 android.app.ActivityThread.handleCreateService:3211 android.app.ActivityThread.-wrap5:-1 
07-03 12:57:16.631  1361 30118 I chatty  : uid=1000(system) Binder:1361_1B expire 1 line
07-03 12:57:17.400  1361  1361 I chatty  : uid=1000 system_server expire 4 lines
07-03 12:57:17.506  1361 30121 I chatty  : uid=1000(system) Binder:1361_1D expire 5 lines
07-03 12:57:17.891 14346 14346 I ActivityThread: Performing receive of Intent { act=android.intent.action.PACKAGE_REMOVED dat=package:com.android.vending flg=0x4000010 cmp=com.android.vending/com.google.android.finsky.packagemanager.impl.PackageMonitorReceiverImpl$RegisteredReceiver (has extras) }: app=com.google.android.finsky.application.classic.ClassicProdApplication@b110eca, appName=com.android.vending, pkg=com.android.vending, comp={com.android.vending/com.google.android.finsky.packagemanager.impl.PackageMonitorReceiverImpl$RegisteredReceiver}, dir=/data/app/com.android.vending-1/base.apk, duration=77
07-03 12:57:19.905  1361 14466 I chatty  : uid=1000 system_server expire 1 line
07-03 12:57:41.579  1361 29201 I chatty  : uid=1000(system) Binder:1361_19 expire 2 lines
07-03 12:57:42.215  1361  2567 I chatty  : uid=1000(system) Binder:1361_C expire 1 line
07-03 12:57:42.241  1361  2947 I chatty  : uid=1000(system) Binder:1361_F expire 3 lines
07-03 12:57:43.206  1361 14632 I chatty  : uid=1000 system_server expire 1 line
07-03 12:57:44.337  1361  2432 I chatty  : uid=1000(system) Binder:1361_7 expire 4 lines
07-03 12:57:45.954  1361  1418 I chatty  : uid=1000(system) Binder:1361_2 expire 3 lines
07-03 12:57:46.067  1361  7059 I chatty  : uid=1000(system) Binder:1361_17 expire 2 lines
07-03 12:57:46.091 14780 14830 E ActivityThread: Failed to find provider info for com.facebook.appmanager.nekodirect
07-03 12:57:46.271  1361 30122 I chatty  : uid=1000(system) Binder:1361_1E expire 5 lines
07-03 12:57:46.341  2049  2049 I LoadedApk: Performing receive of Intent { act=android.intent.action.PACKAGE_CHANGED dat=package:com.android.vending flg=0x4000010 (has extras) }, receiver=com.android.internal.telephony.SmsApplication$SmsPackageMonitor@5615d1c, duration=80
07-03 12:57:46.362  1361  1452 I chatty  : uid=1000(system) android.bg expire 1 line
07-03 12:57:47.138  1361  1453 I chatty  : uid=1000(system) ActivityManager expire 9 lines
07-03 12:57:47.212 10971 14877 W PackageParser: Unknown element under <manifest>: queries at /data/app/com.android.vending-1/base.apk Binary XML file line #264
07-03 12:57:48.191  1361  5254 I chatty  : uid=1000(system) Binder:1361_12 expire 2 lines
07-03 12:57:48.477  1361 29202 I chatty  : uid=1000(system) Binder:1361_1A expire 1 line
07-03 12:57:49.393  1361  2533 I chatty  : uid=1000(system) Binder:1361_8 expire 2 lines
07-03 12:57:50.362  1361 23955 I chatty  : uid=1000(system) Binder:1361_20 expire 1 line
07-03 12:57:50.405  1361 15111 I chatty  : uid=1000 system_server expire 1 line
07-03 12:57:52.089  1361  1701 I chatty  : uid=1000(system) AlarmManager expire 11 lines
07-03 12:59:20.294  2145  2145 I chatty  : uid=1000(system) com.asus.services expire 5 lines
07-03 12:59:20.320  1361  1456 I chatty  : uid=1000(system) batterystats-sy expire 6 lines
07-03 12:59:20.367  1361  1506 I chatty  : uid=1000(system) PowerManagerSer expire 1 line
07-03 12:59:20.370  2049  2049 I LoadedApk: Performing receive of Intent { act=android.intent.action.BATTERY_CHANGED flg=0x60000010 (has extras) }, receiver=com.qualcomm.ims.vt.LowBatteryHandler$1@303fe3b, duration=131
07-03 12:59:20.409  1779  1779 D PowerUI : oldTemp=255, mTemp=260
07-03 12:59:20.410  1779  1779 D PowerUI : findUsbOtg =false,supportReverseCharging =1
07-03 12:59:20.411  1779  1779 I LoadedApk: Performing receive of Intent { act=android.intent.action.BATTERY_CHANGED flg=0x60000010 (has extras) }, receiver=com.android.systemui.power.PowerUI$Receiver@42a4317, duration=178
07-03 12:59:20.486  1779  1779 I LoadedApk: Performing receive of Intent { act=android.intent.action.BATTERY_CHANGED flg=0x60000010 (has extras) }, receiver=com.android.systemui.statusbar.policy.BatteryControllerImpl@4df6f0d, duration=76
07-03 13:00:06.322  1361  5257 I chatty  : uid=1000(system) Binder:1361_13 expire 6 lines
07-03 13:00:14.392  1361  1709 I chatty  : uid=1000(system) NetworkStats expire 2 lines
07-03 13:00:14.445  1361  1711 I chatty  : uid=1000(system) NetworkPolicy expire 6 lines
07-03 13:00:15.303  1361  4917 I chatty  : uid=1000(system) Binder:1361_11 expire 5 lines
07-03 13:00:28.527  1361  4194 I chatty  : uid=1000(system) Binder:1361_10 expire 5 lines
07-03 13:04:10.010  1361 30119 I chatty  : uid=1000(system) Binder:1361_1C expire 5 lines
07-03 13:04:13.376  1361  1718 I chatty  : uid=1000(system) ConnectivitySer expire 10 lines
07-03 13:04:13.487 15354 15354 I ActivityThread: Performing receive of Intent { act=com.asus.weathertime.weatherIntentAction flg=0x10 pkg=com.asus.weathertime cmp=com.asus.weathertime/.WeatherWidgetProviderPhone (has extras) }: app=com.asus.weathertime.WeatherApplication@8a14365, appName=com.asus.weathertime, pkg=com.asus.weathertime, comp={com.asus.weathertime/com.asus.weathertime.WeatherWidgetProviderPhone}, dir=/data/app/com.asus.weathertime-1/base.apk, duration=92
07-03 13:04:13.613 15354 15354 I ActivityThread: Performing receive of Intent { act=com.asus.weathertime.weatherIntentAction flg=0x10 pkg=com.asus.weathertime cmp=com.asus.weathertime/.WeatherWidgetProviderPhoneWithForecast (has extras) }: app=com.asus.weathertime.WeatherApplication@8a14365, appName=com.asus.weathertime, pkg=com.asus.weathertime, comp={com.asus.weathertime/com.asus.weathertime.WeatherWidgetProviderPhoneWithForecast}, dir=/data/app/com.asus.weathertime-1/base.apk, duration=116
07-03 13:04:15.275 15354 15354 I ActivityThread: Performing receive of Intent { act=com.asus.weathertime.weatherIntentAction flg=0x10 pkg=com.asus.weathertime cmp=com.asus.weathertime/.WeatherWidgetProviderPhone (has extras) }: app=com.asus.weathertime.WeatherApplication@8a14365, appName=com.asus.weathertime, pkg=com.asus.weathertime, comp={com.asus.weathertime/com.asus.weathertime.WeatherWidgetProviderPhone}, dir=/data/app/com.asus.weathertime-1/base.apk, duration=81
07-03 13:04:15.397 15354 15354 I ActivityThread: Performing receive of Intent { act=com.asus.weathertime.weatherIntentAction flg=0x10 pkg=com.asus.weathertime cmp=com.asus.weathertime/.WeatherWidgetProviderPhoneWithForecast (has extras) }: app=com.asus.weathertime.WeatherApplication@8a14365, appName=com.asus.weathertime, pkg=com.asus.weathertime, comp={com.asus.weathertime/com.asus.weathertime.WeatherWidgetProviderPhoneWithForecast}, dir=/data/app/com.asus.weathertime-1/base.apk, duration=112
07-03 13:04:17.909 15354 15354 I ActivityThread: Performing receive of Intent { act=com.asus.weathertime.weatherIntentAction flg=0x10 pkg=com.asus.weathertime cmp=com.asus.weathertime/.WeatherWidgetProviderPhone (has extras) }: app=com.asus.weathertime.WeatherApplication@8a14365, appName=com.asus.weathertime, pkg=com.asus.weathertime, comp={com.asus.weathertime/com.asus.weathertime.WeatherWidgetProviderPhone}, dir=/data/app/com.asus.weathertime-1/base.apk, duration=81
07-03 13:04:18.028 15354 15354 I ActivityThread: Performing receive of Intent { act=com.asus.weathertime.weatherIntentAction flg=0x10 pkg=com.asus.weathertime cmp=com.asus.weathertime/.WeatherWidgetProviderPhoneWithForecast (has extras) }: app=com.asus.weathertime.WeatherApplication@8a14365, appName=com.asus.weathertime, pkg=com.asus.weathertime, comp={com.asus.weathertime/com.asus.weathertime.WeatherWidgetProviderPhoneWithForecast}, dir=/data/app/com.asus.weathertime-1/base.apk, duration=112
07-03 13:04:21.414  1361  1701 I chatty  : uid=1000(system) AlarmManager expire 24 lines
07-03 13:05:11.524 26745 26964 I LoadedApk: Performing receive of Intent { act=com.google.android.location.ALARM_WAKEUP_LOCATOR flg=0x14 (has extras) }, receiver=bgkv@faf5418, duration=75
07-03 13:05:11.590  1361  2550 I chatty  : uid=1000(system) Binder:1361_A expire 1 line
07-03 13:08:04.607  1361  1361 I chatty  : uid=1000 system_server expire 40 lines
07-03 13:08:04.626  1361  1452 I chatty  : uid=1000(system) android.bg expire 3 lines
07-03 13:08:05.172  1361  1453 I chatty  : uid=1000(system) ActivityManager expire 14 lines
07-03 13:08:05.601  1361  2587 I chatty  : uid=1000(system) Binder:1361_E expire 2 lines
07-03 13:08:06.464  1361  5258 I chatty  : uid=1000(system) Binder:1361_14 expire 3 lines
07-03 13:08:06.506  1361  1501 I chatty  : uid=1000(system) android.io expire 3 lines
07-03 13:08:07.029  1361  7059 I chatty  : uid=1000(system) Binder:1361_17 expire 5 lines
07-03 13:08:07.457  1361  2069 I chatty  : uid=1000(system) Binder:1361_5 expire 5 lines
07-03 13:08:07.856  1361  2947 I chatty  : uid=1000(system) Binder:1361_F expire 2 lines
07-03 13:08:08.571  1361  1729 I chatty  : uid=1000(system) Binder:1361_3 expire 4 lines
07-03 13:08:09.076  1361  1952 I chatty  : uid=1000(system) Binder:1361_4 expire 2 lines
07-03 13:08:09.076  1361 30118 I chatty  : uid=1000(system) Binder:1361_1B expire 1 line
07-03 13:08:09.735  1361  2548 I chatty  : uid=1000(system) Binder:1361_9 expire 1 line
07-03 13:08:09.768 15681 15681 I ActivityThread: Performing receive of Intent { act=com.google.android.gms.phenotype.UPDATE flg=0x30 pkg=com.android.vending cmp=com.android.vending/com.google.android.finsky.instantapps.PhenotypeUpdateReceiver (has extras) }: app=com.google.android.finsky.application.classic.ClassicProdApplication@4f75395, appName=com.android.vending, pkg=com.android.vending, comp={com.android.vending/com.google.android.finsky.instantapps.PhenotypeUpdateReceiver}, dir=/data/app/com.android.vending-1/base.apk, duration=162
07-03 13:08:09.853  1361 15706 I chatty  : uid=1000 system_server expire 1 line
07-03 13:08:11.331  1361  2432 I chatty  : uid=1000(system) Binder:1361_7 expire 2 lines
07-03 13:08:14.871  1361 23955 I chatty  : uid=1000(system) Binder:1361_20 expire 1 line
07-03 13:08:14.872  1361 30122 I chatty  : uid=1000(system) Binder:1361_1E expire 2 lines
07-03 13:09:19.132  1361 29201 I chatty  : uid=1000(system) Binder:1361_19 expire 1 line
07-03 13:09:19.138  1779  1779 D PowerUI : oldTemp=260, mTemp=250
07-03 13:09:19.138  1779  1779 D PowerUI : findUsbOtg =false,supportReverseCharging =1
07-03 13:09:19.266  2049  2049 I LoadedApk: Performing receive of Intent { act=android.intent.action.BATTERY_CHANGED flg=0x60000010 (has extras) }, receiver=com.qualcomm.ims.vt.LowBatteryHandler$1@303fe3b, duration=130
07-03 13:09:19.365  1779  1779 I LoadedApk: Performing receive of Intent { act=android.intent.action.BATTERY_CHANGED flg=0x60000010 (has extras) }, receiver=com.android.systemui.statusbar.policy.BatteryControllerImpl@4df6f0d, duration=226
07-03 13:11:15.011  1361  1361 I chatty  : uid=1000 system_server expire 10 lines
07-03 13:11:15.290  1779  2199 I LoadedApk: Performing receive of Intent { act=android.net.conn.CONNECTIVITY_CHANGE flg=0x4000010 (has extras) }, receiver=com.android.systemui.statusbar.policy.NetworkControllerImpl@8066ec2, duration=84
07-03 13:11:15.295 26745 26745 I LoadedApk: Performing receive of Intent { act=android.net.conn.CONNECTIVITY_CHANGE flg=0x4000010 (has extras) }, receiver=com.google.android.gms.backup.transport.BackupTransportChimeraService$1@56997d2, duration=89
07-03 13:11:15.297 28849 28849 I LoadedApk: Performing receive of Intent { act=android.net.conn.CONNECTIVITY_CHANGE flg=0x4000010 (has extras) }, receiver=com.bumptech.glide.d.d@8c3321b, duration=57
07-03 13:11:15.303 26745 26964 I LoadedApk: Performing receive of Intent { act=android.net.conn.CONNECTIVITY_CHANGE flg=0x4000010 (has extras) }, receiver=bgkv@faf5418, duration=97
07-03 13:11:15.307  1361  2533 I chatty  : uid=1000(system) Binder:1361_8 expire 3 lines
07-03 13:11:15.349 15525 15525 I LoadedApk: Performing receive of Intent { act=android.net.conn.CONNECTIVITY_CHANGE flg=0x4000010 (has extras) }, receiver=X.0y9@741dc51, duration=112
07-03 13:11:15.414 15248 15248 I LoadedApk: Performing receive of Intent { act=android.net.conn.CONNECTIVITY_CHANGE flg=0x4000010 (has extras) }, receiver=org.telegram.messenger.ApplicationLoader$1@e16079f, duration=193
07-03 13:11:15.420 13903 14053 I LoadedApk: Performing receive of Intent { act=android.net.conn.CONNECTIVITY_CHANGE flg=0x4000010 (has extras) }, receiver=X.0Ai@a2f8057, duration=208
07-03 13:11:15.487 13903 13903 I LoadedApk: Performing receive of Intent { act=android.net.conn.CONNECTIVITY_CHANGE flg=0x4000010 (has extras) }, receiver=X.0fw@b26bb86, duration=247
07-03 13:11:15.607  1361  2071 I chatty  : uid=1000(system) Binder:1361_6 expire 5 lines
07-03 13:11:17.379  1361  5334 I chatty  : uid=1000(system) Binder:1361_1F expire 2 lines
07-03 13:11:23.493  1361  2565 I chatty  : uid=1000(system) Binder:1361_B expire 3 lines
07-03 13:11:25.016  1361 16065 I chatty  : uid=1000 system_server expire 1 line
07-03 13:12:01.818  2145  4538 I chatty  : uid=1000(system) Thread-2 expire 1 line
07-03 13:16:17.807 15525 15745 I LoadedApk: Performing receive of Intent { act=WakingExecutorService.ACTION_ALARM.com.facebook.katana.Mqtt_Wakeup flg=0x14 pkg=com.facebook.katana (has extras) }, receiver=X.2jE@a2f8057, duration=55
07-03 13:16:31.326  1361  1701 I chatty  : uid=1000(system) AlarmManager expire 12 lines
07-03 13:19:22.475  1361  2580 I chatty  : uid=1000(system) Binder:1361_D expire 1 line
07-03 13:19:22.478  1779  1779 D PowerUI : oldTemp=250, mTemp=250
07-03 13:19:22.478  1779  1779 D PowerUI : findUsbOtg =false,supportReverseCharging =1
07-03 13:21:54.390  2145  2145 I chatty  : uid=1000(system) com.asus.services expire 2 lines
07-03 13:26:57.725  1779  1779 D PowerUI : oldTemp=250, mTemp=250
07-03 13:26:57.725  1779  1779 D PowerUI : findUsbOtg =false,supportReverseCharging =1
07-03 13:29:46.176  1361  1709 I chatty  : uid=1000(system) NetworkStats expire 1 line
07-03 13:31:20.912  1361  1703 I chatty  : uid=1000(system) InputReader expire 2 lines
07-03 13:31:21.091  1361 30118 I chatty  : uid=1000(system) Binder:1361_1B expire 3 lines
07-03 13:31:21.131  1361 30121 I chatty  : uid=1000(system) Binder:1361_1D expire 1 line
07-03 13:31:21.160  1361  1506 I chatty  : uid=1000(system) PowerManagerSer expire 17 lines
07-03 13:31:21.182  1361 30122 I chatty  : uid=1000(system) Binder:1361_1E expire 2 lines
07-03 13:31:21.186  1361 23955 I chatty  : uid=1000(system) Binder:1361_20 expire 3 lines
07-03 13:31:21.217  1361 16140 I chatty  : uid=1000 system_server expire 1 line
07-03 13:31:21.222  1361  1502 I chatty  : uid=1000(system) android.display expire 2 lines
07-03 13:31:21.483  1361  1759 I chatty  : uid=1000(system) PhotonicModulat expire 44 lines
07-03 13:31:21.622  1361  2550 I chatty  : uid=1000(system) Binder:1361_A expire 3 lines
07-03 13:31:21.631  1361 29202 I chatty  : uid=1000(system) Binder:1361_1A expire 1 line
07-03 13:31:22.168  1361  2533 I chatty  : uid=1000(system) Binder:1361_8 expire 1 line
07-03 13:31:22.173  1361 29201 I chatty  : uid=1000(system) Binder:1361_19 expire 1 line
07-03 13:31:22.173  1361  1718 I chatty  : uid=1000(system) ConnectivitySer expire 7 lines
07-03 13:31:22.218  1361  1453 I chatty  : uid=1000(system) ActivityManager expire 6 lines
07-03 13:31:22.425 16201 16201 W ContextImpl: Calling a method in the system process without a qualified user: android.app.ContextImpl.startService:1357 android.content.ContextWrapper.startService:620 com.qualcomm.qcrilhook.QcRilHook.<init>:102 com.qualcomm.qti.modemtestmode.MbnAppGlobals.onCreate:32 android.app.Instrumentation.callApplicationOnCreate:1025 
07-03 13:31:22.431 16201 16201 W ContextImpl: Calling a method in the system process without a qualified user: android.app.ContextImpl.bindService:1421 android.content.ContextWrapper.bindService:643 com.qualcomm.qcrilhook.QcRilHook.<init>:104 com.qualcomm.qti.modemtestmode.MbnAppGlobals.onCreate:32 android.app.Instrumentation.callApplicationOnCreate:1025 
07-03 13:31:22.448 16201 16201 W ContextImpl: Calling a method in the system process without a qualified user: android.app.ContextImpl.bindService:1421 android.content.ContextWrapper.bindService:643 com.qualcomm.qti.modemtestmode.MbnSystemService.onCreate:101 android.app.ActivityThread.handleCreateService:3211 android.app.ActivityThread.-wrap5:-1 
07-03 13:31:22.539  1361  1711 I chatty  : uid=1000(system) NetworkPolicy expire 9 lines
07-03 13:31:22.810  1361  2663 I chatty  : uid=1000(system) IzatServiceBase expire 1 line
07-03 13:31:22.811  1361  2580 I chatty  : uid=1000(system) Binder:1361_D expire 1 line
07-03 13:31:22.812  1361 27613 I chatty  : uid=1000(system) Binder:1361_18 expire 1 line
07-03 13:31:22.812  1361  1417 I chatty  : uid=1000(system) Binder:1361_1 expire 6 lines
07-03 13:31:22.817 15847 15847 I LoadedApk: Performing receive of Intent { act=android.net.conn.CONNECTIVITY_CHANGE flg=0x4000010 (has extras) }, receiver=X.0fw@a599c74, duration=158
07-03 13:31:22.817  1361  1361 I chatty  : uid=1000 system_server expire 37 lines
07-03 13:31:22.818  2044  2083 I LoadedApk: Performing receive of Intent { act=android.net.conn.CONNECTIVITY_CHANGE flg=0x4000010 (has extras) }, receiver=com.quicinc.cne.CNE$2@2ce8615, duration=173
07-03 13:31:22.823 26745 26745 I LoadedApk: Performing receive of Intent { act=android.net.conn.CONNECTIVITY_CHANGE flg=0x4000010 (has extras) }, receiver=com.google.android.gms.scheduler.standalone.ReceiverBasedNetworkConstraintObserver@d19b48f, duration=175
07-03 13:31:22.825 26745 26964 I LoadedApk: Performing receive of Intent { act=android.net.conn.CONNECTIVITY_CHANGE flg=0x4000010 (has extras) }, receiver=bgkv@faf5418, duration=177
07-03 13:31:22.835 10116 10116 I LoadedApk: Performing receive of Intent { act=android.net.conn.CONNECTIVITY_CHANGE flg=0x4000010 (has extras) }, receiver=bcle@48d8e5d, duration=187
07-03 13:31:22.852  9804  9804 I LoadedApk: Performing receive of Intent { act=android.net.conn.CONNECTIVITY_CHANGE flg=0x4000010 (has extras) }, receiver=com.squareup.picasso.Dispatcher$NetworkBroadcastReceiver@a65b023, duration=167
07-03 13:31:22.919  9804  9804 I LoadedApk: Performing receive of Intent { act=android.net.conn.CONNECTIVITY_CHANGE flg=0x4000010 (has extras) }, receiver=iD2@fdd718e, duration=58
07-03 13:31:22.920 28849 28849 I LoadedApk: Performing receive of Intent { act=android.net.conn.CONNECTIVITY_CHANGE flg=0x4000010 (has extras) }, receiver=com.bumptech.glide.d.d@8c3321b, duration=269
07-03 13:31:22.964 26745 26745 I LoadedApk: Performing receive of Intent { act=android.net.conn.CONNECTIVITY_CHANGE flg=0x4000010 (has extras) }, receiver=com.google.android.gms.gcm.connection.ReconnectManager$ReconnectBroadcastReceiver@7e8a32d, duration=133
07-03 13:31:22.982 15847 15847 I LoadedApk: Performing receive of Intent { act=android.net.conn.CONNECTIVITY_CHANGE flg=0x4000010 (has extras) }, receiver=X.0fw@ec7611a, duration=166
07-03 13:31:22.984 10116 10116 I LoadedApk: Performing receive of Intent { act=android.net.conn.CONNECTIVITY_CHANGE flg=0x4000010 (has extras) }, receiver=com.google.android.gms.drive.networkcontrol.ConnectivityChangeReceiver@d86dae3, duration=149
07-03 13:31:23.003 16220 16220 I ActivityThread: Performing receive of Intent { act=android.net.conn.CONNECTIVITY_CHANGE flg=0x4000010 cmp=com.asus.livedemoservice/.receiver.NetworkChangeReceiver (has extras) }: app=android.app.Application@5c160b8, appName=com.asus.livedemoservice, pkg=com.asus.livedemoservice, comp={com.asus.livedemoservice/com.asus.livedemoservice.receiver.NetworkChangeReceiver}, dir=/system/priv-app/AsusLiveDemoService/AsusLiveDemoService.apk, duration=135
07-03 13:31:23.072 15248 15248 I LoadedApk: Performing receive of Intent { act=android.net.conn.CONNECTIVITY_CHANGE flg=0x4000010 (has extras) }, receiver=org.telegram.messenger.ApplicationLoader$1@e16079f, duration=415
07-03 13:31:23.092  9804  9804 I ActivityThread: Performing receive of Intent { act=android.net.conn.CONNECTIVITY_CHANGE flg=0x4000010 cmp=com.vkontakte.android/.NetworkStateReceiver (has extras) }: app=com.vkontakte.android.VKApplication@2914552, appName=com.vkontakte.android, pkg=com.vkontakte.android, comp={com.vkontakte.android/com.vkontakte.android.NetworkStateReceiver}, dir=/data/app/com.vkontakte.android-1/base.apk, duration=66
07-03 13:31:23.415 15847 15910 I LoadedApk: Performing receive of Intent { act=android.net.conn.CONNECTIVITY_CHANGE flg=0x4000010 (has extras) }, receiver=X.0Ai@224234f, duration=756
07-03 13:31:23.565  1361  4917 I chatty  : uid=1000(system) Binder:1361_11 expire 2 lines
07-03 13:31:23.715  1779  1779 V KeyguardDisplayManager: hide
07-03 13:31:23.894  1361  5257 I chatty  : uid=1000(system) Binder:1361_13 expire 5 lines
07-03 13:31:23.910  1361  5334 I chatty  : uid=1000(system) Binder:1361_1F expire 1 line
07-03 13:31:24.158  1361  2567 I chatty  : uid=1000(system) Binder:1361_C expire 1 line
07-03 13:31:25.458 28849 28849 I ActivityThread: Performing receive of Intent { act=com.google.android.c2dm.intent.RECEIVE flg=0x10 pkg=com.google.android.googlequicksearchbox cmp=com.google.android.googlequicksearchbox/com.google.android.apps.gsa.gcm.GcmBroadcastReceiver (has extras) }: app=com.google.android.apps.gsa.binaries.velvet.app.VelvetRoot_Application@939d0af, appName=com.google.android.googlequicksearchbox, pkg=com.google.android.googlequicksearchbox, comp={com.google.android.googlequicksearchbox/com.google.android.apps.gsa.gcm.GcmBroadcastReceiver}, dir=/data/app/com.google.android.googlequicksearchbox-2/base.apk, duration=52
07-03 13:31:26.307  1361  2071 I chatty  : uid=1000(system) Binder:1361_6 expire 1 line
07-03 13:31:26.330  1361  6974 I chatty  : uid=1000(system) Binder:1361_15 expire 4 lines
07-03 13:31:39.789  1361  5258 I chatty  : uid=1000(system) Binder:1361_14 expire 3 lines
07-03 13:31:43.558  1779  1779 V KeyguardDisplayManager: show
07-03 13:31:43.777  2145  4543 I chatty  : uid=1000(system) measurement-1 expire 1 line
07-03 13:32:00.001  1361  1701 I chatty  : uid=1000(system) AlarmManager expire 13 lines
07-03 13:34:44.016  1361  1361 I chatty  : uid=1000 system_server expire 11 lines
07-03 13:38:41.167  1361  1452 I chatty  : uid=1000(system) android.bg expire 4 lines
07-03 13:39:19.436  1361  1952 I chatty  : uid=1000(system) Binder:1361_4 expire 2 lines
07-03 13:39:19.438  1779  1779 D PowerUI : oldTemp=250, mTemp=245
07-03 13:39:19.438  1779  1779 D PowerUI : findUsbOtg =false,supportReverseCharging =1
07-03 13:39:26.726  1361  1701 I chatty  : uid=1000(system) AlarmManager expire 13 lines
07-03 13:45:12.832 26745 26964 I LoadedApk: Performing receive of Intent { act=com.google.android.location.ALARM_WAKEUP_LOCATOR flg=0x14 (has extras) }, receiver=bgkv@faf5418, duration=61
07-03 13:45:33.916  2145 14689 I chatty  : uid=1000(system) com.asus.services expire 1 line
07-03 13:45:33.953  1361 30119 I chatty  : uid=1000(system) Binder:1361_1C expire 1 line
07-03 13:45:34.155  1361  2565 I chatty  : uid=1000(system) Binder:1361_B expire 1 line
07-03 13:45:34.280 16588 16588 W ContextImpl: Calling a method in the system process without a qualified user: android.app.ContextImpl.startService:1357 android.content.ContextWrapper.startService:620 android.content.ContextWrapper.startService:620 com.android.settings.fuelgauge.UpdateDozeModeListReceiver.onReceive:46 android.app.ActivityThread.handleReceiver:3044 
07-03 13:46:44.931  1361  1718 I chatty  : uid=1000(system) ConnectivitySer expire 3 lines
07-03 13:46:45.166  1361  5334 I chatty  : uid=1000(system) Binder:1361_1F expire 2 lines
07-03 13:46:45.171  1361 29201 I chatty  : uid=1000(system) Binder:1361_19 expire 5 lines
07-03 13:46:45.184  1779  2199 I LoadedApk: Performing receive of Intent { act=android.net.conn.CONNECTIVITY_CHANGE flg=0x4000010 (has extras) }, receiver=com.android.systemui.statusbar.policy.NetworkControllerImpl@8066ec2, duration=99
07-03 13:46:45.218 15248 15248 I LoadedApk: Performing receive of Intent { act=android.net.conn.CONNECTIVITY_CHANGE flg=0x4000010 (has extras) }, receiver=org.telegram.messenger.ApplicationLoader$1@e16079f, duration=124
07-03 13:48:03.959  1779  1779 I LoadedApk: Performing receive of Intent { act=android.intent.action.TIME_TICK flg=0x50000014 (has extras) }, receiver=android.widget.DateTimeView$ReceiverInfo$1@d956ea2, duration=78
07-03 13:49:20.679  1361  1701 I chatty  : uid=1000(system) AlarmManager expire 14 lines
07-03 13:49:20.735  1361  5257 I chatty  : uid=1000(system) Binder:1361_13 expire 1 line
07-03 13:49:20.737  1779  1779 D PowerUI : oldTemp=245, mTemp=242
07-03 13:49:20.737  1779  1779 D PowerUI : findUsbOtg =false,supportReverseCharging =1
07-03 13:49:20.742  1361  1456 I chatty  : uid=1000(system) batterystats-sy expire 3 lines
07-03 13:49:20.786  2145  2145 I chatty  : uid=1000(system) com.asus.services expire 4 lines
07-03 14:02:13.485  1361  1709 I chatty  : uid=1000(system) NetworkStats expire 2 lines
07-03 14:02:13.576  1361  5258 I chatty  : uid=1000(system) Binder:1361_14 expire 3 lines
07-03 14:02:13.619  1361  2548 I chatty  : uid=1000(system) Binder:1361_9 expire 2 lines
07-03 14:02:14.869  1361  4194 I chatty  : uid=1000(system) Binder:1361_10 expire 2 lines
07-03 14:07:34.726  1361  1418 I chatty  : uid=1000(system) Binder:1361_2 expire 1 line
07-03 14:07:34.731  1779  1779 D PowerUI : oldTemp=242, mTemp=240
07-03 14:07:34.731  1779  1779 D PowerUI : findUsbOtg =false,supportReverseCharging =1
07-03 14:09:04.414  1361  1701 I chatty  : uid=1000(system) AlarmManager expire 21 lines
07-03 14:09:04.506  1361  7059 I chatty  : uid=1000(system) Binder:1361_17 expire 3 lines
07-03 14:22:13.306 10116 10116 I ActivityThread: Performing receive of Intent { act=com.google.android.gms.auth.authzen.CHECK_REGISTRATION flg=0x14 cmp=com.google.android.gms/.auth.authzen.GcmReceiverService (has extras) }: app=co.g.App@d76d995, appName=com.google.android.gms, pkg=com.google.android.gms, comp={com.google.android.gms/com.google.android.gms.auth.authzen.GcmReceiverService}, dir=/data/app/com.google.android.gms-2/base.apk, duration=60
07-03 14:22:13.448  1361  1361 I chatty  : uid=1000 system_server expire 14 lines
07-03 14:22:13.638  1361 30122 I chatty  : uid=1000(system) Binder:1361_1E expire 3 lines
07-03 14:22:13.837  1361 27613 I chatty  : uid=1000(system) Binder:1361_18 expire 4 lines
07-03 14:22:14.222  1361  2565 I chatty  : uid=1000(system) Binder:1361_B expire 2 lines
07-03 14:22:14.292  1361  4917 I chatty  : uid=1000(system) Binder:1361_11 expire 1 line
07-03 14:22:14.643  1361  6974 I chatty  : uid=1000(system) Binder:1361_15 expire 7 lines
07-03 14:22:14.820  1361 29202 I chatty  : uid=1000(system) Binder:1361_1A expire 2 lines
07-03 14:22:15.045 16876 16876 I LoadedApk: Performing receive of Intent { act=android.net.conn.CONNECTIVITY_CHANGE flg=0x4000010 (has extras) }, receiver=kds@c8730c6, duration=95
07-03 14:22:15.688  1361  1453 I chatty  : uid=1000(system) ActivityManager expire 3 lines
07-03 14:22:16.780  1361 29201 I chatty  : uid=1000(system) Binder:1361_19 expire 1 line
07-03 14:22:16.822  1361 17044 I chatty  : uid=1000 system_server expire 1 line
07-03 14:22:16.909  1361  5257 I chatty  : uid=1000(system) Binder:1361_13 expire 2 lines
07-03 14:23:14.646  1361  1452 I chatty  : uid=1000(system) android.bg expire 2 lines
07-03 14:23:14.741  1361  1711 I chatty  : uid=1000(system) NetworkPolicy expire 1 line
07-03 14:29:23.594  1779  1779 D PowerUI : oldTemp=240, mTemp=240
07-03 14:29:23.594  1779  1779 D PowerUI : findUsbOtg =false,supportReverseCharging =1
07-03 14:30:54.831  1361  2567 I chatty  : uid=1000(system) Binder:1361_C expire 2 lines
07-03 14:35:15.627  1361 30121 I chatty  : uid=1000(system) Binder:1361_1D expire 3 lines
07-03 14:35:15.825  1361  2550 I chatty  : uid=1000(system) Binder:1361_A expire 5 lines
07-03 14:35:25.083  1361  1361 I chatty  : uid=1000 system_server expire 11 lines
07-03 14:46:39.074  2145 17136 I chatty  : uid=1000(system) com.asus.services expire 1 line
07-03 14:46:39.074  2145  2145 I chatty  : uid=1000(system) com.asus.services expire 10 lines
07-03 14:46:39.078  1361  1724 I chatty  : uid=1000(system) onProviders.ECP expire 1 line
07-03 14:46:39.184 15847 15847 I LoadedApk: Performing receive of Intent { act=android.intent.action.TIME_SET flg=0x24000010 }, receiver=X.0i4@7ab46c, duration=166
07-03 14:49:21.391 15847 15847 I LoadedApk: Performing receive of Intent { act=android.intent.action.TIME_SET flg=0x24000010 }, receiver=X.0i4@e48b5b8, duration=162206
07-03 14:59:27.833  1361  1454 I chatty  : uid=1000(system) android.ui expire 2 lines
07-03 14:59:44.384  1361  1701 I chatty  : uid=1000(system) AlarmManager expire 16 lines
07-03 14:59:44.409  1361  1361 I chatty  : uid=1000 system_server expire 10 lines
07-03 14:59:44.433  1361  2580 I chatty  : uid=1000(system) Binder:1361_D expire 3 lines
07-03 14:59:44.437  1361  1453 I chatty  : uid=1000(system) ActivityManager expire 10 lines
07-03 14:59:44.606  1361  5334 I chatty  : uid=1000(system) Binder:1361_1F expire 5 lines
07-03 14:59:44.687  1361  6974 I chatty  : uid=1000(system) Binder:1361_15 expire 4 lines
07-03 14:59:44.827  1361 30119 I chatty  : uid=1000(system) Binder:1361_1C expire 3 lines
07-03 14:59:45.189 17266 17266 I ActivityThread: Performing receive of Intent { act=android.intent.action.TIME_SET flg=0x24000010 cmp=com.asus.weathertime/.WeatherWidgetProviderPhone }: app=com.asus.weathertime.WeatherApplication@6f1f45c, appName=com.asus.weathertime, pkg=com.asus.weathertime, comp={com.asus.weathertime/com.asus.weathertime.WeatherWidgetProviderPhone}, dir=/data/app/com.asus.weathertime-1/base.apk, duration=189
07-03 14:59:45.389 17266 17266 I ActivityThread: Performing receive of Intent { act=android.intent.action.TIME_SET flg=0x24000010 cmp=com.asus.weathertime/.WeatherWidgetProviderPhoneWithForecast }: app=com.asus.weathertime.WeatherApplication@6f1f45c, appName=com.asus.weathertime, pkg=com.asus.weathertime, comp={com.asus.weathertime/com.asus.weathertime.WeatherWidgetProviderPhoneWithForecast}, dir=/data/app/com.asus.weathertime-1/base.apk, duration=176
07-03 14:59:45.433  1361  4917 I chatty  : uid=1000(system) Binder:1361_11 expire 4 lines
07-03 14:59:46.196  1361  1952 I chatty  : uid=1000(system) Binder:1361_4 expire 8 lines
07-03 14:59:47.079  1361  4194 I chatty  : uid=1000(system) Binder:1361_10 expire 5 lines
07-03 14:59:47.228  1361  1418 I chatty  : uid=1000(system) Binder:1361_2 expire 6 lines
07-03 14:59:47.668  1361  5254 I chatty  : uid=1000(system) Binder:1361_12 expire 4 lines
07-03 14:59:47.676 17466 17466 I ActivityThread: Performing receive of Intent { act=android.intent.action.TIME_SET flg=0x24000010 cmp=com.google.android.instantapps.supervisor/androidx.work.impl.background.systemalarm.RescheduleReceiver }: app=com.google.android.instantapps.supervisor.SupervisorApplication@4576780, appName=com.google.android.instantapps.supervisor, pkg=com.google.android.instantapps.supervisor, comp={com.google.android.instantapps.supervisor/androidx.work.impl.background.systemalarm.RescheduleReceiver}, dir=/data/app/com.google.android.instantapps.supervisor-1/base.apk, duration=289
07-03 14:59:47.739  1361 29202 I chatty  : uid=1000(system) Binder:1361_1A expire 1 line
07-03 14:59:48.114  1361  2947 I chatty  : uid=1000(system) Binder:1361_F expire 2 lines
07-03 14:59:48.446  1361  2548 I chatty  : uid=1000(system) Binder:1361_9 expire 6 lines
07-03 14:59:48.648 17511 17511 I ActivityThread: Performing receive of Intent { act=android.intent.action.TIME_SET flg=0x24000010 cmp=com.viber.voip/androidx.work.impl.background.systemalarm.RescheduleReceiver }: app=com.viber.voip.ManifestViberApplication@b7b7389, appName=com.viber.voip, pkg=com.viber.voip, comp={com.viber.voip/androidx.work.impl.background.systemalarm.RescheduleReceiver}, dir=/data/app/com.viber.voip-2/base.apk, duration=53
07-03 14:59:48.728  1361  5257 I chatty  : uid=1000(system) Binder:1361_13 expire 11 lines
07-03 14:59:48.773  1361 29201 I chatty  : uid=1000(system) Binder:1361_19 expire 4 lines
07-03 14:59:48.910  1361  1709 I chatty  : uid=1000(system) NetworkStats expire 2 lines
07-03 15:01:41.985  1361  1711 I chatty  : uid=1000(system) NetworkPolicy expire 9 lines
07-03 15:01:42.069  1361  1501 I chatty  : uid=1000(system) android.io expire 3 lines
07-03 15:01:42.209  1361  2550 I chatty  : uid=1000(system) Binder:1361_A expire 10 lines
07-03 15:01:42.210  1361  1718 I chatty  : uid=1000(system) ConnectivitySer expire 17 lines
07-03 15:01:42.238  1361 17621 I chatty  : uid=1000 system_server expire 1 line
07-03 15:01:42.558  1361  2071 I chatty  : uid=1000(system) Binder:1361_6 expire 5 lines
