07-03 19:44:41.376  2218  2218 I ActivityThread: Performing receive of Intent { act=android.intent.action.TIME_SET flg=0x24000010 cmp=com.asus.weathertime/.WeatherWidgetProviderPhone }: app=com.asus.weathertime.WeatherApplication@f02cfd5, appName=com.asus.weathertime, pkg=com.asus.weathertime, comp={com.asus.weathertime/com.asus.weathertime.WeatherWidgetProviderPhone}, dir=/data/app/com.asus.weathertime-1/base.apk, duration=213
07-03 19:44:41.558  2218  2218 I ActivityThread: Performing receive of Intent { act=android.intent.action.TIME_SET flg=0x24000010 cmp=com.asus.weathertime/.WeatherWidgetProviderPhoneWithForecast }: app=com.asus.weathertime.WeatherApplication@f02cfd5, appName=com.asus.weathertime, pkg=com.asus.weathertime, comp={com.asus.weathertime/com.asus.weathertime.WeatherWidgetProviderPhoneWithForecast}, dir=/data/app/com.asus.weathertime-1/base.apk, duration=153
07-03 19:44:41.593  1361  7059 I chatty  : uid=1000(system) Binder:1361_17 expire 1 line
07-03 19:44:42.561  1361  2069 I chatty  : uid=1000(system) Binder:1361_5 expire 2 lines
07-03 19:44:43.027  1361  2550 I chatty  : uid=1000(system) Binder:1361_A expire 1 line
07-03 19:44:44.904  1361  1952 I chatty  : uid=1000(system) Binder:1361_4 expire 3 lines
07-03 19:44:45.179  1361  5257 I chatty  : uid=1000(system) Binder:1361_13 expire 1 line
07-03 19:44:45.195  1361  2423 I chatty  : uid=1000 system_server expire 1 line
07-03 19:44:45.519  2379  2379 I ActivityThread: Performing receive of Intent { act=android.intent.action.TIME_SET flg=0x24000010 cmp=com.google.android.calendar/com.android.calendar.widget.CalendarAppWidgetProvider }: app=com.google.android.calendar.CalendarApplication@198e0ef, appName=com.google.android.calendar, pkg=com.google.android.calendar, comp={com.google.android.calendar/com.android.calendar.widget.CalendarAppWidgetProvider}, dir=/data/app/com.google.android.calendar-1/base.apk, duration=59
07-03 19:44:45.613  1361  2533 I chatty  : uid=1000(system) Binder:1361_8 expire 1 line
07-03 19:44:45.852  1361  2548 I chatty  : uid=1000(system) Binder:1361_9 expire 1 line
07-03 19:44:46.023  1361 30118 I chatty  : uid=1000(system) Binder:1361_1B expire 2 lines
07-03 19:44:46.431  1361  2567 I chatty  : uid=1000(system) Binder:1361_C expire 2 lines
07-03 19:44:46.501  2496  2496 I ActivityThread: Performing receive of Intent { act=android.intent.action.TIME_SET flg=0x24000010 cmp=com.google.android.instantapps.supervisor/androidx.work.impl.background.systemalarm.RescheduleReceiver }: app=com.google.android.instantapps.supervisor.SupervisorApplication@a75fc03, appName=com.google.android.instantapps.supervisor, pkg=com.google.android.instantapps.supervisor, comp={com.google.android.instantapps.supervisor/androidx.work.impl.background.systemalarm.RescheduleReceiver}, dir=/data/app/com.google.android.instantapps.supervisor-1/base.apk, duration=447
07-03 19:44:47.522  1361  6974 I chatty  : uid=1000(system) Binder:1361_15 expire 2 lines
07-03 19:44:48.221  1361  1718 I chatty  : uid=1000(system) ConnectivitySer expire 2 lines
07-03 19:44:48.226  1361  2533 I chatty  : uid=1000(system) Binder:1361_8 expire 2 lines
07-03 19:44:48.279  1361  2722 I chatty  : uid=1000 system_server expire 1 line
07-03 19:44:48.670  1803  1858 I LoadedApk: Performing receive of Intent { act=messenger_diode_badge_sync_action flg=0x10 (has extras) }, receiver=X.0fw@c371f74, duration=92
07-03 19:44:48.863  1361  5258 I chatty  : uid=1000(system) Binder:1361_14 expire 1 line
07-03 19:44:48.868  1361  1418 I chatty  : uid=1000(system) Binder:1361_2 expire 3 lines
07-03 19:44:48.981  2618  2618 I ActivityThread: Performing receive of Intent { act=android.intent.action.TIME_SET flg=0x24000010 cmp=com.viber.voip/androidx.work.impl.background.systemalarm.RescheduleReceiver }: app=com.viber.voip.ManifestViberApplication@3d7e212, appName=com.viber.voip, pkg=com.viber.voip, comp={com.viber.voip/androidx.work.impl.background.systemalarm.RescheduleReceiver}, dir=/data/app/com.viber.voip-2/base.apk, duration=118
07-03 19:44:49.111  1361  1453 I chatty  : uid=1000(system) ActivityManager expire 5 lines
07-03 19:44:49.216  1361 30118 I chatty  : uid=1000(system) Binder:1361_1B expire 2 lines
07-03 19:44:49.246  1361 27613 I chatty  : uid=1000(system) Binder:1361_18 expire 2 lines
07-03 19:44:49.555  1361  2550 I chatty  : uid=1000(system) Binder:1361_A expire 4 lines
07-03 19:44:49.705  1361  1501 I chatty  : uid=1000(system) android.io expire 3 lines
07-03 19:44:50.428  2787  2787 I ActivityThread: Performing receive of Intent { act=android.intent.action.SERVICE_STATE flg=0x10 cmp=com.asus.contacts/com.android.contacts.simcardmanage.SimCardReceiver (has extras) }: app=com.android.contacts.ContactsApplication@198e0ef, appName=com.asus.contacts, pkg=com.asus.contacts, comp={com.asus.contacts/com.android.contacts.simcardmanage.SimCardReceiver}, dir=/data/app/com.asus.contacts-1/base.apk, duration=50
07-03 19:44:50.487  1361  5334 I chatty  : uid=1000(system) Binder:1361_1F expire 3 lines
07-03 19:49:03.862  1361  5258 I chatty  : uid=1000(system) Binder:1361_14 expire 2 lines
07-03 19:56:16.359  1361  1454 I chatty  : uid=1000(system) android.ui expire 1 line
07-03 19:56:16.465  1361  1701 I chatty  : uid=1000(system) AlarmManager expire 11 lines
07-03 19:56:16.572  1361 30121 I chatty  : uid=1000(system) Binder:1361_1D expire 3 lines
07-03 19:56:17.627  1361 29201 I chatty  : uid=1000(system) Binder:1361_19 expire 3 lines
07-03 19:56:18.609  2218  2218 I ActivityThread: Performing receive of Intent { act=com.asus.weathertime.weatherIntentAction flg=0x10 pkg=com.asus.weathertime cmp=com.asus.weathertime/.WeatherWidgetProviderPhone (has extras) }: app=com.asus.weathertime.WeatherApplication@f02cfd5, appName=com.asus.weathertime, pkg=com.asus.weathertime, comp={com.asus.weathertime/com.asus.weathertime.WeatherWidgetProviderPhone}, dir=/data/app/com.asus.weathertime-1/base.apk, duration=119
07-03 19:56:18.654  1361  2432 I chatty  : uid=1000(system) Binder:1361_7 expire 1 line
07-03 19:56:18.656  1361  1718 I chatty  : uid=1000(system) ConnectivitySer expire 1 line
07-03 19:56:18.656  1361 23955 I chatty  : uid=1000(system) Binder:1361_20 expire 2 lines
07-03 19:56:18.794  2218  2218 I ActivityThread: Performing receive of Intent { act=com.asus.weathertime.weatherIntentAction flg=0x10 pkg=com.asus.weathertime cmp=com.asus.weathertime/.WeatherWidgetProviderPhoneWithForecast (has extras) }: app=com.asus.weathertime.WeatherApplication@f02cfd5, appName=com.asus.weathertime, pkg=com.asus.weathertime, comp={com.asus.weathertime/com.asus.weathertime.WeatherWidgetProviderPhoneWithForecast}, dir=/data/app/com.asus.weathertime-1/base.apk, duration=175
07-03 19:59:25.674  1361  1709 I chatty  : uid=1000(system) NetworkStats expire 2 lines
07-03 20:09:08.670  1361  1711 I chatty  : uid=1000(system) NetworkPolicy expire 3 lines
07-03 20:34:15.617 26745 26964 I LoadedApk: Performing receive of Intent { act=com.google.android.location.ALARM_WAKEUP_LOCATOR flg=0x14 (has extras) }, receiver=bgkv@faf5418, duration=51
07-03 20:34:15.765  1361  1452 I chatty  : uid=1000(system) android.bg expire 5 lines
07-03 20:34:15.886  1361  1361 I chatty  : uid=1000 system_server expire 13 lines
07-03 20:34:16.217  1361  4194 I chatty  : uid=1000(system) Binder:1361_10 expire 1 line
07-03 20:34:16.317 26745 26964 I LoadedApk: Performing receive of Intent { act=android.os.action.DEVICE_IDLE_MODE_CHANGED flg=0x50000010 }, receiver=bgkv@faf5418, duration=411
07-03 20:34:16.516  1361  2587 I chatty  : uid=1000(system) Binder:1361_E expire 2 lines
07-03 20:34:17.661  1361  2580 I chatty  : uid=1000(system) Binder:1361_D expire 3 lines
07-03 20:34:20.754  1361  2069 I chatty  : uid=1000(system) Binder:1361_5 expire 3 lines
07-03 20:35:34.078  2901  2901 I LoadedApk: Performing receive of Intent { act=android.intent.action.TIME_SET flg=0x24000010 }, receiver=cal.cua@9b9a283, duration=55
07-03 20:35:34.084   345   345 I LoadedApk: Performing receive of Intent { act=android.intent.action.TIME_SET flg=0x24000010 }, receiver=com.android.providers.calendar.CalendarProvider2$2@a83b71b, duration=60
07-03 20:35:34.088  2145  2145 W ContextImpl: Calling a method in the system process without a qualified user: android.app.ContextImpl.sendBroadcast:877 android.content.ContextWrapper.sendBroadcast:428 com.asus.powersaver.PowerSaverService.bX:-1 com.asus.powersaver.PowerSaverService.p:-1 com.asus.powersaver.PowerSaverService$8.onReceive:-1 
07-03 20:35:34.089  2145  2145 I LoadedApk: Performing receive of Intent { act=android.intent.action.TIME_SET flg=0x24000010 }, receiver=com.asus.powersaver.PowerSaverService$8@c3b1364, duration=70
07-03 20:35:34.102  2145  3067 W ContextImpl: Calling a method in the system process without a qualified user: android.app.ContextImpl.sendBroadcast:877 android.content.ContextWrapper.sendBroadcast:428 com.asus.powersaver.PowerSaverService.bO:-1 com.asus.powersaver.PowerSaverService.c:-1 com.asus.powersaver.PowerSaverService$ApplySettingsTask.a:-1 
07-03 20:35:34.118  1361  1361 I chatty  : uid=1000 system_server expire 6 lines
07-03 20:35:34.169 26745 26964 I LoadedApk: Performing receive of Intent { act=android.app.action.NEXT_ALARM_CLOCK_CHANGED flg=0x20000010 }, receiver=bgkv@faf5418, duration=51
07-03 20:35:35.039  1361  1701 I chatty  : uid=1000(system) AlarmManager expire 6 lines
07-03 20:35:40.705  2218  2218 I ActivityThread: Performing receive of Intent { act=android.intent.action.TIME_SET flg=0x24000010 cmp=com.asus.weathertime/.WeatherWidgetProviderPhone }: app=com.asus.weathertime.WeatherApplication@f02cfd5, appName=com.asus.weathertime, pkg=com.asus.weathertime, comp={com.asus.weathertime/com.asus.weathertime.WeatherWidgetProviderPhone}, dir=/data/app/com.asus.weathertime-1/base.apk, duration=79
07-03 20:35:40.849  2218  2218 I ActivityThread: Performing receive of Intent { act=android.intent.action.TIME_SET flg=0x24000010 cmp=com.asus.weathertime/.WeatherWidgetProviderPhoneWithForecast }: app=com.asus.weathertime.WeatherApplication@f02cfd5, appName=com.asus.weathertime, pkg=com.asus.weathertime, comp={com.asus.weathertime/com.asus.weathertime.WeatherWidgetProviderPhoneWithForecast}, dir=/data/app/com.asus.weathertime-1/base.apk, duration=127
07-03 20:35:41.502  3103  3103 I LoadedApk: Performing receive of Intent { act=android.net.conn.CONNECTIVITY_CHANGE flg=0x4000010 (has extras) }, receiver=kds@5b52f08, duration=52
07-03 20:35:43.166  2901  2901 I ActivityThread: Performing receive of Intent { act=android.intent.action.TIME_SET flg=0x24000010 cmp=com.google.android.calendar/com.android.calendar.widget.CalendarAppWidgetProvider }: app=com.google.android.calendar.CalendarApplication@9aa67e8, appName=com.google.android.calendar, pkg=com.google.android.calendar, comp={com.google.android.calendar/com.android.calendar.widget.CalendarAppWidgetProvider}, dir=/data/app/com.google.android.calendar-1/base.apk, duration=95
07-03 20:35:43.260  2901  2901 I ActivityThread: Performing receive of Intent { act=android.intent.action.TIME_SET flg=0x24000010 cmp=com.google.android.calendar/com.google.android.apps.calendar.usernotifications.NotificationsInitializer$NotificationsRelevantUpdatesReceiver }: app=com.google.android.calendar.CalendarApplication@9aa67e8, appName=com.google.android.calendar, pkg=com.google.android.calendar, comp={com.google.android.calendar/com.google.android.apps.calendar.usernotifications.NotificationsInitializer$NotificationsRelevantUpdatesReceiver}, dir=/data/app/com.google.android.calendar-1/base.apk, duration=51
07-03 20:35:43.464  1361  2587 I chatty  : uid=1000(system) Binder:1361_E expire 2 lines
07-03 20:35:43.631  1361  2071 I chatty  : uid=1000(system) Binder:1361_6 expire 1 line
07-03 20:35:43.784  1361  1361 I chatty  : uid=1000 system_server expire 48 lines
07-03 20:35:43.880  1361  2533 I chatty  : uid=1000(system) Binder:1361_8 expire 1 line
07-03 20:35:43.935  1361  3249 I chatty  : uid=1000 system_server expire 1 line
07-03 20:35:44.577  3227  3227 I ActivityThread: Performing receive of Intent { act=android.intent.action.TIME_SET flg=0x24000010 cmp=com.google.android.instantapps.supervisor/androidx.work.impl.background.systemalarm.RescheduleReceiver }: app=com.google.android.instantapps.supervisor.SupervisorApplication@d63a381, appName=com.google.android.instantapps.supervisor, pkg=com.google.android.instantapps.supervisor, comp={com.google.android.instantapps.supervisor/androidx.work.impl.background.systemalarm.RescheduleReceiver}, dir=/data/app/com.google.android.instantapps.supervisor-1/base.apk, duration=720
07-03 20:35:44.695  1361  1453 I chatty  : uid=1000(system) ActivityManager expire 3 lines
07-03 20:35:44.825  1361 30119 I chatty  : uid=1000(system) Binder:1361_1C expire 2 lines
07-03 20:35:45.425  1361  1361 I chatty  : uid=1000 system_server expire 55 lines
07-03 20:35:45.631  1361  5334 I chatty  : uid=1000(system) Binder:1361_1F expire 5 lines
07-03 20:35:46.609  1361  1452 I chatty  : uid=1000(system) android.bg expire 4 lines
07-03 20:35:46.690  1361  1711 I chatty  : uid=1000(system) NetworkPolicy expire 2 lines
07-03 20:35:48.067  3290  3290 I ActivityThread: Performing receive of Intent { act=android.intent.action.TIME_SET flg=0x24000010 cmp=com.viber.voip/androidx.work.impl.background.systemalarm.RescheduleReceiver }: app=com.viber.voip.ManifestViberApplication@63a1f3, appName=com.viber.voip, pkg=com.viber.voip, comp={com.viber.voip/androidx.work.impl.background.systemalarm.RescheduleReceiver}, dir=/data/app/com.viber.voip-2/base.apk, duration=163
07-03 20:35:48.372  1361  1952 I chatty  : uid=1000(system) Binder:1361_4 expire 1 line
07-03 20:35:48.489  1361  1501 I chatty  : uid=1000(system) android.io expire 3 lines
07-03 20:35:49.512  1361  2587 I chatty  : uid=1000(system) Binder:1361_E expire 2 lines
07-03 20:35:49.961  1361  2432 I chatty  : uid=1000(system) Binder:1361_7 expire 3 lines
07-03 20:35:50.360  1361  2533 I chatty  : uid=1000(system) Binder:1361_8 expire 2 lines
07-03 20:35:50.470  1361 30122 I chatty  : uid=1000(system) Binder:1361_1E expire 2 lines
07-03 20:35:50.561  2218  2218 I ActivityThread: Performing receive of Intent { act=com.asus.weathertime.weatherIntentAction flg=0x10 pkg=com.asus.weathertime cmp=com.asus.weathertime/.WeatherWidgetProviderPhone (has extras) }: app=com.asus.weathertime.WeatherApplication@f02cfd5, appName=com.asus.weathertime, pkg=com.asus.weathertime, comp={com.asus.weathertime/com.asus.weathertime.WeatherWidgetProviderPhone}, dir=/data/app/com.asus.weathertime-1/base.apk, duration=218
07-03 20:35:50.726  2218  2218 I ActivityThread: Performing receive of Intent { act=com.asus.weathertime.weatherIntentAction flg=0x10 pkg=com.asus.weathertime cmp=com.asus.weathertime/.WeatherWidgetProviderPhoneWithForecast (has extras) }: app=com.asus.weathertime.WeatherApplication@f02cfd5, appName=com.asus.weathertime, pkg=com.asus.weathertime, comp={com.asus.weathertime/com.asus.weathertime.WeatherWidgetProviderPhoneWithForecast}, dir=/data/app/com.asus.weathertime-1/base.apk, duration=157
07-03 20:35:50.993  1361  1453 I chatty  : uid=1000(system) ActivityManager expire 2 lines
07-03 20:35:51.062  3501  3501 W ContextImpl: Calling a method in the system process without a qualified user: android.app.ContextImpl.startService:1357 android.content.ContextWrapper.startService:620 com.qualcomm.qcrilhook.QcRilHook.<init>:102 com.qualcomm.qti.modemtestmode.MbnAppGlobals.onCreate:32 android.app.Instrumentation.callApplicationOnCreate:1025 
07-03 20:35:51.066  3501  3501 W ContextImpl: Calling a method in the system process without a qualified user: android.app.ContextImpl.bindService:1421 android.content.ContextWrapper.bindService:643 com.qualcomm.qcrilhook.QcRilHook.<init>:104 com.qualcomm.qti.modemtestmode.MbnAppGlobals.onCreate:32 android.app.Instrumentation.callApplicationOnCreate:1025 
07-03 20:35:51.075  3501  3501 W ContextImpl: Calling a method in the system process without a qualified user: android.app.ContextImpl.bindService:1421 android.content.ContextWrapper.bindService:643 com.qualcomm.qti.modemtestmode.MbnSystemService.onCreate:101 android.app.ActivityThread.handleCreateService:3211 android.app.ActivityThread.-wrap5:-1 
07-03 20:39:01.331  1361  1701 I chatty  : uid=1000(system) AlarmManager expire 2 lines
07-03 20:39:01.396  1361  7059 I chatty  : uid=1000(system) Binder:1361_17 expire 1 line
07-03 20:39:01.403  1779  1779 D PowerUI : oldTemp=245, mTemp=245
07-03 20:39:01.403  1779  1779 D PowerUI : findUsbOtg =false,supportReverseCharging =1
07-03 20:39:01.601  1779  1779 I LoadedApk: Performing receive of Intent { act=android.intent.action.BATTERY_CHANGED flg=0x60000010 (has extras) }, receiver=com.android.systemui.statusbar.policy.BatteryControllerImpl@4df6f0d, duration=191
07-03 20:40:13.835  1361  1703 I chatty  : uid=1000(system) InputReader expire 1 line
07-03 20:40:13.910  1361  1506 I chatty  : uid=1000(system) PowerManagerSer expire 15 lines
07-03 20:40:13.919  1361  1361 I chatty  : uid=1000 system_server expire 14 lines
07-03 20:40:13.951  1361  1502 I chatty  : uid=1000(system) android.display expire 1 line
07-03 20:40:14.329  1361  1759 I chatty  : uid=1000(system) PhotonicModulat expire 8 lines
07-03 20:40:14.525 26745 26964 I LoadedApk: Performing receive of Intent { act=com.google.android.location.ALARM_WAKEUP_CACHE_UPDATER flg=0x14 (has extras) }, receiver=bgkv@faf5418, duration=411
07-03 20:40:14.542  6624  6624 I LoadedApk: Performing receive of Intent { act=android.intent.action.TIME_TICK flg=0x50000010 }, receiver=android.widget.TextClock$1@870a077, duration=377
07-03 20:40:14.602 26745 26916 I LoadedApk: Performing receive of Intent { act=android.os.action.DEVICE_IDLE_MODE_CHANGED flg=0x50000010 }, receiver=com.google.android.location.util.DeviceIdleHelper$PowerManagerReciever@96ebc6a, duration=50
07-03 20:40:14.991  1361  1418 I chatty  : uid=1000(system) Binder:1361_2 expire 4 lines
07-03 20:40:14.994 26745 26964 I LoadedApk: Performing receive of Intent { act=android.os.action.DEVICE_IDLE_MODE_CHANGED flg=0x50000010 }, receiver=bgkv@faf5418, duration=407
07-03 20:40:15.428  2145  2145 W ContextImpl: Calling a method in the system process without a qualified user: android.app.ContextImpl.sendBroadcast:877 android.content.ContextWrapper.sendBroadcast:428 com.asus.powersaver.PowerSaverService$11.onReceive:-1 android.app.LoadedApk$ReceiverDispatcher$Args.run:1126 android.os.Handler.handleCallback:751 
07-03 20:40:15.608  2145  2145 I LoadedApk: Performing receive of Intent { act=android.intent.action.SCREEN_ON flg=0x50000010 }, receiver=com.asus.powersaver.powerconsumption.SuspiciousAppDetectionService$ScreenBroadcastReceiver@dbbdc0b, duration=144
07-03 20:40:15.802  2049  2049 I LoadedApk: Performing receive of Intent { act=android.intent.action.ANY_DATA_STATE flg=0x10 (has extras) }, receiver=com.android.phone.PhoneGlobals$PhoneAppBroadcastReceiver@d63f1e4, duration=121
07-03 20:40:15.871  2049  2049 I LoadedApk: Performing receive of Intent { act=android.intent.action.ANY_DATA_STATE flg=0x10 (has extras) }, receiver=com.android.phone.PhoneGlobals$PhoneAppBroadcastReceiver@d63f1e4, duration=56
07-03 20:40:15.897 26745 26964 I LoadedApk: Performing receive of Intent { act=android.intent.action.SCREEN_ON flg=0x50000010 }, receiver=bgkv@faf5418, duration=91
07-03 20:40:15.936  2049  2049 I LoadedApk: Performing receive of Intent { act=android.intent.action.ANY_DATA_STATE flg=0x10 (has extras) }, receiver=com.android.phone.PhoneGlobals$PhoneAppBroadcastReceiver@d63f1e4, duration=53
07-03 20:40:15.943  1361  1759 I chatty  : uid=1000(system) PhotonicModulat expire 7 lines
07-03 20:40:16.129  1361  1506 I chatty  : uid=1000(system) PowerManagerSer expire 3 lines
07-03 20:40:16.423  1361  2567 I chatty  : uid=1000(system) Binder:1361_C expire 3 lines
07-03 20:40:16.465  1361  2587 I chatty  : uid=1000(system) Binder:1361_E expire 3 lines
07-03 20:40:16.470  1361  5254 I chatty  : uid=1000(system) Binder:1361_12 expire 2 lines
07-03 20:40:16.470  1361  1718 I chatty  : uid=1000(system) ConnectivitySer expire 8 lines
07-03 20:40:16.533  1361  1361 I chatty  : uid=1000 system_server expire 44 lines
07-03 20:40:16.750  2145  2145 I LoadedApk: Performing receive of Intent { act=android.intent.action.ANY_DATA_STATE flg=0x10 (has extras) }, receiver=com.asus.mobilemanagerservice.d@91c19e2, duration=83
07-03 20:40:16.775  2044  2044 I LoadedApk: Performing receive of Intent { act=android.intent.action.ANY_DATA_STATE flg=0x10 (has extras) }, receiver=com.qti.dpm.DpmService$1@934b782, duration=101
07-03 20:40:16.801 26745 26745 I LoadedApk: Performing receive of Intent { act=android.intent.action.SCREEN_ON flg=0x50000010 }, receiver=com.google.android.gms.nearby.discovery.service.DiscoveryChimeraService$IntentReceiver@346b79c, duration=721
07-03 20:40:16.807  2044  2083 I LoadedApk: Performing receive of Intent { act=android.intent.action.ANY_DATA_STATE flg=0x10 (has extras) }, receiver=com.quicinc.cne.CNE$2@2ce8615, duration=139
07-03 20:40:17.373  1361  2548 I chatty  : uid=1000(system) Binder:1361_9 expire 6 lines
07-03 20:40:17.427  1361  1711 I chatty  : uid=1000(system) NetworkPolicy expire 4 lines
07-03 20:40:17.556  1361 29202 I chatty  : uid=1000(system) Binder:1361_1A expire 2 lines
07-03 20:40:17.663  1361  1453 I chatty  : uid=1000(system) ActivityManager expire 3 lines
07-03 20:40:17.808  1779  2199 I LoadedApk: Performing receive of Intent { act=android.net.conn.CONNECTIVITY_CHANGE flg=0x4000010 (has extras) }, receiver=com.android.systemui.statusbar.policy.NetworkControllerImpl@8066ec2, duration=213
07-03 20:40:17.906 29656 29656 I LoadedApk: Performing receive of Intent { act=android.net.conn.CONNECTIVITY_CHANGE flg=0x4000010 (has extras) }, receiver=com.avast.android.sdk.update.VpsUpdateService$a@252555f, duration=251
07-03 20:40:18.081  1779  2199 I LoadedApk: Performing receive of Intent { act=android.net.conn.INET_CONDITION_ACTION flg=0x4000010 (has extras) }, receiver=com.android.systemui.statusbar.policy.NetworkControllerImpl@8066ec2, duration=273
07-03 20:40:18.207  1361  5257 I chatty  : uid=1000(system) Binder:1361_13 expire 1 line
07-03 20:40:18.208  1361  7046 I chatty  : uid=1000(system) Binder:1361_16 expire 1 line
07-03 20:40:18.208  1361  5334 I chatty  : uid=1000(system) Binder:1361_1F expire 2 lines
07-03 20:40:18.208  1361  1952 I chatty  : uid=1000(system) Binder:1361_4 expire 1 line
07-03 20:40:18.208  1361  1417 I chatty  : uid=1000(system) Binder:1361_1 expire 1 line
07-03 20:40:18.210 26613 26613 I LoadedApk: Performing receive of Intent { act=android.net.conn.CONNECTIVITY_CHANGE flg=0x4000010 (has extras) }, receiver=com.squareup.picasso.Dispatcher$NetworkBroadcastReceiver@a65b023, duration=606
07-03 20:40:18.210  2044  2083 I LoadedApk: Performing receive of Intent { act=android.net.conn.CONNECTIVITY_CHANGE flg=0x4000010 (has extras) }, receiver=com.quicinc.cne.CNE$2@2ce8615, duration=621
07-03 20:40:18.228  1361  2663 I chatty  : uid=1000(system) IzatServiceBase expire 1 line
07-03 20:40:18.229 10116 10116 I LoadedApk: Performing receive of Intent { act=android.net.conn.CONNECTIVITY_CHANGE flg=0x4000010 (has extras) }, receiver=bcle@48d8e5d, duration=634
07-03 20:40:18.266 22270 22270 I LoadedApk: Performing receive of Intent { act=android.net.conn.CONNECTIVITY_CHANGE flg=0x4000010 (has extras) }, receiver=com.bumptech.glide.d.d@49b67c7, duration=656
07-03 20:40:18.306  3290  3290 I LoadedApk: Performing receive of Intent { act=android.net.conn.CONNECTIVITY_CHANGE flg=0x4000010 (has extras) }, receiver=com.google.firebase.iid.w@45399a7, duration=658
07-03 20:40:18.311  3415  3415 I LoadedApk: Performing receive of Intent { act=android.net.conn.CONNECTIVITY_CHANGE flg=0x4000010 (has extras) }, receiver=X.0M1@a88a5b7, duration=672
07-03 20:40:18.377  1779  1779 V KeyguardDisplayManager: hide
07-03 20:40:18.487  1361  2947 I chatty  : uid=1000(system) Binder:1361_F expire 3 lines
07-03 20:40:18.526 26745 26964 I LoadedApk: Performing receive of Intent { act=android.net.conn.CONNECTIVITY_CHANGE flg=0x4000010 (has extras) }, receiver=bgkv@faf5418, duration=932
07-03 20:40:18.599  3415  3415 I LoadedApk: Performing receive of Intent { act=android.intent.action.USER_PRESENT flg=0x24000010 }, receiver=ScreenLockReceiver{locked=false}, duration=67
07-03 20:40:18.638  6624  6624 I LoadedApk: Performing receive of Intent { act=android.intent.action.USER_PRESENT flg=0x24000010 }, receiver=com.android.launcher3.ml@eac45dd, duration=71
07-03 20:40:18.672 32157 32157 I LoadedApk: Performing receive of Intent { act=android.net.conn.CONNECTIVITY_CHANGE flg=0x4000010 (has extras) }, receiver=nne@5681974, duration=1047
07-03 20:40:18.679 26745 26745 I LoadedApk: Performing receive of Intent { act=android.net.conn.CONNECTIVITY_CHANGE flg=0x4000010 (has extras) }, receiver=com.google.android.gms.scheduler.standalone.ReceiverBasedNetworkConstraintObserver@d19b48f, duration=142
07-03 20:40:18.693  1361  4194 I chatty  : uid=1000(system) Binder:1361_10 expire 1 line
07-03 20:40:18.699 26613 26613 I LoadedApk: Performing receive of Intent { act=android.net.conn.CONNECTIVITY_CHANGE flg=0x4000010 (has extras) }, receiver=iD2@a22aaa2, duration=489
07-03 20:40:18.721 10116 10116 I LoadedApk: Performing receive of Intent { act=android.net.conn.CONNECTIVITY_CHANGE flg=0x4000010 (has extras) }, receiver=com.google.android.gms.drive.networkcontrol.ConnectivityChangeReceiver@d86dae3, duration=492
07-03 20:40:19.350  6624  6624 I LoadedApk: Performing receive of Intent { act=android.intent.action.USER_PRESENT flg=0x24000010 }, receiver=com.android.launcher3.lu@fac62d9, duration=712
07-03 20:40:19.367  2524  2524 I LoadedApk: Performing receive of Intent { act=android.net.conn.CONNECTIVITY_CHANGE flg=0x4000010 (has extras) }, receiver=org.telegram.messenger.ApplicationLoader$1@e16079f, duration=1715
07-03 20:40:19.486  2524  2524 I LoadedApk: Performing receive of Intent { act=android.net.conn.CONNECTIVITY_CHANGE flg=0x4000010 (has extras) }, receiver=org.telegram.messenger.DownloadController$1@3db4b97, duration=118
07-03 20:40:19.686  2524  2524 I LoadedApk: Performing receive of Intent { act=android.net.conn.CONNECTIVITY_CHANGE flg=0x4000010 (has extras) }, receiver=org.telegram.messenger.DownloadController$1@3316184, duration=200
07-03 20:40:19.716  3629  3629 I ActivityThread: Performing receive of Intent { act=android.net.conn.CONNECTIVITY_CHANGE flg=0x4000010 cmp=com.asus.livedemoservice/.receiver.NetworkChangeReceiver (has extras) }: app=android.app.Application@5c160b8, appName=com.asus.livedemoservice, pkg=com.asus.livedemoservice, comp={com.asus.livedemoservice/com.asus.livedemoservice.receiver.NetworkChangeReceiver}, dir=/system/priv-app/AsusLiveDemoService/AsusLiveDemoService.apk, duration=795
07-03 20:40:19.816  1361 29201 I chatty  : uid=1000(system) Binder:1361_19 expire 2 lines
07-03 20:40:19.904 26613 26613 I ActivityThread: Performing receive of Intent { act=android.net.conn.CONNECTIVITY_CHANGE flg=0x4000010 cmp=com.vkontakte.android/.NetworkStateReceiver (has extras) }: app=com.vkontakte.android.VKApplication@2914552, appName=com.vkontakte.android, pkg=com.vkontakte.android, comp={com.vkontakte.android/com.vkontakte.android.NetworkStateReceiver}, dir=/data/app/com.vkontakte.android-1/base.apk, duration=82
07-03 20:40:20.372  1361 30121 I chatty  : uid=1000(system) Binder:1361_1D expire 1 line
07-03 20:40:20.380  1361  2069 I chatty  : uid=1000(system) Binder:1361_5 expire 2 lines
07-03 20:40:21.585  1361 27613 I chatty  : uid=1000(system) Binder:1361_18 expire 2 lines
07-03 20:40:21.635 26613 26613 I LoadedApk: Performing receive of Intent { act=com.vkontakte.android.GROUP_LIST_CHANGED flg=0x10 }, receiver=com.vkontakte.android.MenuListView$1@893cdc6, duration=74
07-03 20:40:22.321 26745 26964 I LoadedApk: Performing receive of Intent { act=com.google.android.location.ALARM_WAKEUP_ACTIVITY_DETECTION flg=0x14 (has extras) }, receiver=bgkv@faf5418, duration=122
07-03 20:40:23.101  1361  1729 I chatty  : uid=1000(system) Binder:1361_3 expire 2 lines
07-03 20:40:23.674  1361  1417 I chatty  : uid=1000(system) Binder:1361_1 expire 3 lines
07-03 20:40:24.217  2145  2145 W ContextImpl: Calling a method in the system process without a qualified user: android.app.ContextImpl.startService:1357 android.content.ContextWrapper.startService:620 com.asus.powersaver.TaskWatcherService$IncomingHandler.handleMessage:-1 android.os.Handler.dispatchMessage:102 android.os.Looper.loop:159 
07-03 20:40:24.224  2145  2145 W ContextImpl: Calling a method in the system process without a qualified user: android.app.ContextImpl.sendBroadcast:877 android.content.ContextWrapper.sendBroadcast:428 com.asus.powersaver.TaskWatcherService$IncomingHandler.handleMessage:-1 android.os.Handler.dispatchMessage:102 android.os.Looper.loop:159 
07-03 20:40:24.608  2145  4543 W ContextImpl: Calling a method in the system process without a qualified user: android.app.ContextImpl.bindService:1421 android.content.ContextWrapper.bindService:643 com.google.android.gms.common.stats.b.a:-1 com.google.android.gms.common.stats.b.a:-1 com.google.android.gms.ads.identifier.AdvertisingIdClient.a:-1 
07-03 20:40:25.405  2145  4543 W ContextImpl: Calling a method in the system process without a qualified user: android.app.ContextImpl.bindService:1421 android.content.ContextWrapper.bindService:643 com.google.android.gms.common.stats.b.a:-1 com.google.android.gms.common.stats.b.a:-1 com.google.android.gms.analytics.internal.zzi$zza.zzzv:-1 
07-03 20:40:25.600  3541  3897 I LoadedApk: Performing receive of Intent { act=com.facebook.messaging.ipc.peersPROD flg=0x10 (has extras) }, receiver=X.0fw@337ba2a, duration=333
07-03 20:40:25.955  1361  2550 I chatty  : uid=1000(system) Binder:1361_A expire 1 line
07-03 20:40:26.469 26745 26964 I LoadedApk: Performing receive of Intent { act=com.google.android.location.ALARM_WAKEUP_ACTIVITY_DETECTION flg=0x14 (has extras) }, receiver=bgkv@faf5418, duration=128
07-03 20:40:26.968  1361  7046 I chatty  : uid=1000(system) Binder:1361_16 expire 1 line
07-03 20:40:26.970  1361 30118 I chatty  : uid=1000(system) Binder:1361_1B expire 1 line
07-03 20:40:28.196  1361  2947 I chatty  : uid=1000(system) Binder:1361_F expire 4 lines
07-03 20:40:28.241  1361  3964 I chatty  : uid=1000 system_server expire 1 line
07-03 20:40:28.350 10116 10116 I ActivityThread: Performing receive of Intent { act=android.intent.action.DROPBOX_ENTRY_ADDED flg=0x10 cmp=com.google.android.gms/.stats.service.DropBoxEntryAddedReceiver (has extras) }: app=co.g.App@d76d995, appName=com.google.android.gms, pkg=com.google.android.gms, comp={com.google.android.gms/com.google.android.gms.stats.service.DropBoxEntryAddedReceiver}, dir=/data/app/com.google.android.gms-2/base.apk, duration=89
07-03 20:40:28.413 26745 26745 I ActivityThread: Performing receive of Intent { act=android.intent.action.DROPBOX_ENTRY_ADDED flg=0x10 cmp=com.google.android.gms/.chimera.GmsIntentOperationService$PersistentTrustedReceiver (has extras) }: app=co.g.App@e861efa, appName=com.google.android.gms, pkg=com.google.android.gms, comp={com.google.android.gms/com.google.android.gms.chimera.GmsIntentOperationService$PersistentTrustedReceiver}, dir=/data/app/com.google.android.gms-2/base.apk, duration=61
07-03 20:40:28.452  1361  1361 I chatty  : uid=1000 system_server expire 25 lines
07-03 20:40:29.688  1361  5258 I chatty  : uid=1000(system) Binder:1361_14 expire 1 line
07-03 20:40:29.756  1779  1779 D PowerUI : oldTemp=245, mTemp=250
07-03 20:40:29.756  1779  1779 D PowerUI : findUsbOtg =false,supportReverseCharging =1
07-03 20:40:29.761  1361 30119 I chatty  : uid=1000(system) Binder:1361_1C expire 1 line
07-03 20:40:31.659  1361  1361 I chatty  : uid=1000 system_server expire 1 line
07-03 20:40:31.723  1361  1453 I chatty  : uid=1000(system) ActivityManager expire 3 lines
07-03 20:40:32.406  1361  1361 I chatty  : uid=1000 system_server expire 9 lines
07-03 20:40:33.233  1361 30122 I chatty  : uid=1000(system) Binder:1361_1E expire 3 lines
07-03 20:40:33.234 26745 26745 I ActivityThread: Performing receive of Intent { act=com.google.android.gms.phenotype.UPDATE flg=0x30 pkg=com.google.android.gms cmp=com.google.android.gms/.chimera.GmsIntentOperationService$PersistentInternalReceiver (has extras) }: app=co.g.App@e861efa, appName=com.google.android.gms, pkg=com.google.android.gms, comp={com.google.android.gms/com.google.android.gms.chimera.GmsIntentOperationService$PersistentInternalReceiver}, dir=/data/app/com.google.android.gms-2/base.apk, duration=56
07-03 20:40:34.719  1361  1361 I chatty  : uid=1000 system_server expire 21 lines
07-03 20:40:40.080  1361  1453 I chatty  : uid=1000(system) ActivityManager expire 8 lines
07-03 20:40:40.681  1361  5334 I chatty  : uid=1000(system) Binder:1361_1F expire 1 line
07-03 20:40:40.871  1361  2533 I chatty  : uid=1000(system) Binder:1361_8 expire 1 line
07-03 20:40:41.125  1361  2432 I chatty  : uid=1000(system) Binder:1361_7 expire 1 line
07-03 20:40:41.243  1361 27613 I chatty  : uid=1000(system) Binder:1361_18 expire 1 line
07-03 20:40:41.474  1361  1417 I chatty  : uid=1000(system) Binder:1361_1 expire 1 line
07-03 20:40:41.692  1361 30121 I chatty  : uid=1000(system) Binder:1361_1D expire 3 lines
07-03 20:40:41.758  1361  5257 I chatty  : uid=1000(system) Binder:1361_13 expire 1 line
07-03 20:40:42.510  1361  1729 I chatty  : uid=1000(system) Binder:1361_3 expire 3 lines
07-03 20:40:42.690  1361 30119 I chatty  : uid=1000(system) Binder:1361_1C expire 1 line
07-03 20:40:43.135  1361  1501 I chatty  : uid=1000(system) android.io expire 3 lines
07-03 20:40:45.328  1361  4194 I chatty  : uid=1000(system) Binder:1361_10 expire 2 lines
07-03 20:40:45.444  1361  6974 I chatty  : uid=1000(system) Binder:1361_15 expire 1 line
07-03 20:40:45.464  1361  2580 I chatty  : uid=1000(system) Binder:1361_D expire 1 line
07-03 20:40:46.070  1361  2947 I chatty  : uid=1000(system) Binder:1361_F expire 2 lines
07-03 20:40:47.993  1361  2550 I chatty  : uid=1000(system) Binder:1361_A expire 1 line
07-03 20:40:48.378  1361 29201 I chatty  : uid=1000(system) Binder:1361_19 expire 6 lines
07-03 20:40:48.540  1361  2565 I chatty  : uid=1000(system) Binder:1361_B expire 4 lines
07-03 20:40:48.940  1361  1718 I chatty  : uid=1000(system) ConnectivitySer expire 3 lines
07-03 20:40:49.010  1361  4291 I chatty  : uid=1000 system_server expire 1 line
07-03 20:40:58.694  1361  1361 I chatty  : uid=1000 system_server expire 5 lines
07-03 20:41:00.350  1361  2071 I chatty  : uid=1000(system) Binder:1361_6 expire 4 lines
07-03 20:41:03.691  1361  1361 I chatty  : uid=1000 system_server expire 20 lines
07-03 20:41:06.974  1361  4917 I chatty  : uid=1000(system) Binder:1361_11 expire 1 line
07-03 20:41:07.189  1361 30122 I chatty  : uid=1000(system) Binder:1361_1E expire 3 lines
07-03 20:41:07.415  1361  7046 I chatty  : uid=1000(system) Binder:1361_16 expire 2 lines
07-03 20:41:07.416  1361  1718 I chatty  : uid=1000(system) ConnectivitySer expire 3 lines
07-03 20:41:07.568  1361  2432 I chatty  : uid=1000(system) Binder:1361_7 expire 4 lines
07-03 20:41:07.604  1361 29201 I chatty  : uid=1000(system) Binder:1361_19 expire 3 lines
07-03 20:41:07.604  1361 27613 I chatty  : uid=1000(system) Binder:1361_18 expire 1 line
07-03 20:41:07.606  1361  5254 I chatty  : uid=1000(system) Binder:1361_12 expire 2 lines
07-03 20:41:07.608  1361 30121 I chatty  : uid=1000(system) Binder:1361_1D expire 2 lines
07-03 20:41:07.615  1361 29202 I chatty  : uid=1000(system) Binder:1361_1A expire 2 lines
07-03 20:41:07.659  1361  4604 I chatty  : uid=1000 system_server expire 1 line
07-03 20:41:21.982  1361  1453 I chatty  : uid=1000(system) ActivityManager expire 3 lines
07-03 20:42:11.812  1361  4194 I chatty  : uid=1000(system) Binder:1361_10 expire 2 lines
07-03 20:42:22.786  1361  1703 I chatty  : uid=1000(system) InputReader expire 1 line
07-03 20:42:22.800  1361  1506 I chatty  : uid=1000(system) PowerManagerSer expire 11 lines
07-03 20:42:23.332  1361  1759 I chatty  : uid=1000(system) PhotonicModulat expire 9 lines
07-03 20:42:23.443  1361  1502 I chatty  : uid=1000(system) android.display expire 2 lines
07-03 20:42:23.755  1361  7059 I chatty  : uid=1000(system) Binder:1361_17 expire 1 line
07-03 20:42:24.095  1779  1779 V KeyguardDisplayManager: show
07-03 20:42:24.529  2145  4543 W ContextImpl: Calling a method in the system process without a qualified user: android.app.ContextImpl.bindService:1421 android.content.ContextWrapper.bindService:643 com.google.android.gms.common.stats.b.a:-1 com.google.android.gms.common.stats.b.a:-1 com.google.android.gms.analytics.internal.zzi$zza.zzzv:-1 
07-03 20:42:25.158  4680  4680 I ActivityThread: Performing receive of Intent { act=android.appwidget.action.APPWIDGET_UPDATE_OPTIONS flg=0x10 cmp=com.asus.weathertime/.WeatherWidgetProviderPhone (has extras) }: app=com.asus.weathertime.WeatherApplication@f3b9b18, appName=com.asus.weathertime, pkg=com.asus.weathertime, comp={com.asus.weathertime/com.asus.weathertime.WeatherWidgetProviderPhone}, dir=/data/app/com.asus.weathertime-1/base.apk, duration=124
07-03 20:42:46.958  1361  1701 I chatty  : uid=1000(system) AlarmManager expire 15 lines
07-03 20:42:47.018 26745 26964 I LoadedApk: Performing receive of Intent { act=com.google.android.location.ALARM_WAKEUP_LOCATOR flg=0x14 (has extras) }, receiver=bgkv@faf5418, duration=59
07-03 20:42:47.614  1361  1417 I chatty  : uid=1000(system) Binder:1361_1 expire 3 lines
07-03 20:42:47.774  1361  2567 I chatty  : uid=1000(system) Binder:1361_C expire 2 lines
07-03 20:44:49.848  1361  1361 I chatty  : uid=1000 system_server expire 10 lines
07-03 20:47:05.853  1779  1779 D PowerUI : oldTemp=250, mTemp=255
07-03 20:47:05.853  1779  1779 D PowerUI : findUsbOtg =false,supportReverseCharging =1
07-03 20:47:06.712  1779  1779 D PowerUI : oldTemp=255, mTemp=255
07-03 20:47:06.736  1361  1456 I chatty  : uid=1000(system) batterystats-sy expire 6 lines
07-03 20:47:06.793  1361  1452 I chatty  : uid=1000(system) android.bg expire 3 lines
07-03 20:47:06.803  2049  2049 I LoadedApk: Performing receive of Intent { act=android.intent.action.BATTERY_CHANGED flg=0x60000010 (has extras) }, receiver=com.android.internal.telephony.RIL$2@a7ac7fc, duration=74
07-03 20:47:06.803 26745 26745 I LoadedApk: Performing receive of Intent { act=android.intent.action.ACTION_POWER_CONNECTED flg=0x4000010 }, receiver=com.google.android.location.geofencer.service.GeofencerStateMachine$Receiver@24a14b7, duration=74
07-03 20:47:06.831  1779  1779 D PowerUI : findUsbOtg =false,supportReverseCharging =1
07-03 20:47:06.834  1779  1779 I PowerUI.Notification: dismissing low battery notification
07-03 20:47:06.835  1779  1779 I LoadedApk: Performing receive of Intent { act=android.intent.action.BATTERY_CHANGED flg=0x60000010 (has extras) }, receiver=com.android.systemui.power.PowerUI$Receiver@42a4317, duration=123
07-03 20:47:06.899  1361  1361 I chatty  : uid=1000 system_server expire 20 lines
07-03 20:47:06.900  2049  2049 I LoadedApk: Performing receive of Intent { act=android.intent.action.BATTERY_CHANGED flg=0x60000010 (has extras) }, receiver=com.qualcomm.ims.vt.LowBatteryHandler$1@303fe3b, duration=81
07-03 20:47:06.909  1779  1779 I LoadedApk: Performing receive of Intent { act=android.intent.action.BATTERY_CHANGED flg=0x60000010 (has extras) }, receiver=com.android.systemui.statusbar.policy.BatteryControllerImpl@4df6f0d, duration=69
07-03 20:47:06.972  2145  2145 W ContextImpl: Calling a method in the system process without a qualified user: android.app.ContextImpl.sendBroadcast:877 android.content.ContextWrapper.sendBroadcast:428 com.asus.powersaver.PowerSaverService.dO:-1 com.asus.powersaver.PowerSaverService.i:-1 com.asus.powersaver.PowerSaverService.a:-1 
07-03 20:47:07.079  2145  2145 I LoadedApk: Performing receive of Intent { act=android.intent.action.BATTERY_CHANGED flg=0x60000010 (has extras) }, receiver=com.asus.powersaver.PowerSaverService$3@d418591, duration=344
07-03 20:47:07.507  1779  1779 D PowerUI : oldTemp=255, mTemp=255
07-03 20:47:07.507  1779  1779 D PowerUI : findUsbOtg =false,supportReverseCharging =1
07-03 20:47:07.511  1779  1779 I PowerUI.Notification: show low battery warning: level=8 [-1] playSound=true
07-03 20:47:07.581  2145  2145 I LoadedApk: Performing receive of Intent { act=android.intent.action.BATTERY_CHANGED flg=0x60000010 (has extras) }, receiver=com.asus.hardwarestub.dock.a@42a4317, duration=71
07-03 20:47:07.582 26745 26745 I LoadedApk: Performing receive of Intent { act=android.intent.action.ACTION_POWER_DISCONNECTED flg=0x4000010 }, receiver=com.google.android.location.geofencer.service.GeofencerStateMachine$Receiver@24a14b7, duration=72
07-03 20:47:07.595  2145  2145 W ContextImpl: Calling a method in the system process without a qualified user: android.app.ContextImpl.sendBroadcast:877 android.content.ContextWrapper.sendBroadcast:428 com.asus.powersaver.PowerSaverService.dO:-1 com.asus.powersaver.PowerSaverService.i:-1 com.asus.powersaver.PowerSaverService.a:-1 
07-03 20:47:07.823  2049  2049 I LoadedApk: Performing receive of Intent { act=android.intent.action.BATTERY_CHANGED flg=0x60000010 (has extras) }, receiver=com.qualcomm.ims.vt.LowBatteryHandler$1@303fe3b, duration=110
07-03 20:47:07.844  1361 30119 I chatty  : uid=1000(system) Binder:1361_1C expire 1 line
07-03 20:47:07.849  2145  2145 W ContextImpl: Calling a method in the system process without a qualified user: android.app.ContextImpl.sendBroadcast:877 android.content.ContextWrapper.sendBroadcast:428 com.asus.powersaver.PowerSaverService.dO:-1 com.asus.powersaver.PowerSaverService$3.onReceive:-1 android.app.LoadedApk$ReceiverDispatcher$Args.run:1126 
07-03 20:47:07.856  2145  2145 I LoadedApk: Performing receive of Intent { act=android.intent.action.BATTERY_CHANGED flg=0x60000010 (has extras) }, receiver=com.asus.powersaver.PowerSaverService$3@d418591, duration=275
07-03 20:47:07.905 26745 26964 I LoadedApk: Performing receive of Intent { act=android.intent.action.ACTION_POWER_CONNECTED flg=0x4000010 }, receiver=bgkv@faf5418, duration=1174
07-03 20:47:07.916  2049  2049 I LoadedApk: Performing receive of Intent { act=android.intent.action.SCREEN_ON flg=0x50000010 }, receiver=com.android.internal.telephony.dataconnection.DcTracker$2@54e7da2, duration=51
07-03 20:47:08.220  2145  2145 W ContextImpl: Calling a method in the system process without a qualified user: android.app.ContextImpl.sendBroadcast:877 android.content.ContextWrapper.sendBroadcast:428 com.asus.powersaver.PowerSaverService$11.onReceive:-1 android.app.LoadedApk$ReceiverDispatcher$Args.run:1126 android.os.Handler.handleCallback:751 
07-03 20:47:08.243  2145  4909 W ContextImpl: Calling a method in the system process without a qualified user: android.app.ContextImpl.sendBroadcast:877 android.content.ContextWrapper.sendBroadcast:428 com.asus.powersaver.PowerSaverService.bW:-1 com.asus.powersaver.PowerSaverService.e:-1 com.asus.powersaver.PowerSaverService$ApplySettingsTask.a:-1 
07-03 20:47:08.254  2145  2145 D CpuTurboMode: shellCmd(/system/bin/sh /system/etc/pwr-normal.sh)
07-03 20:47:08.396  4893  4893 I ActivityThread: Performing receive of Intent { act=android.intent.action.ACTION_POWER_CONNECTED flg=0x4000010 cmp=com.asus.loguploader/.system.PowerConnectedReceiver }: app=com.asus.loguploader.MyApplication@a83b71b, appName=com.asus.loguploader, pkg=com.asus.loguploader, comp={com.asus.loguploader/com.asus.loguploader.system.PowerConnectedReceiver}, dir=/system/priv-app/LogUploader/LogUploader.apk, duration=400
07-03 20:47:08.403  2145  2145 I LoadedApk: Performing receive of Intent { act=cpu_turbe_mode_change flg=0x10 }, receiver=com.asus.powersaver.CpuTurboMode$1@710a459, duration=155
07-03 20:47:08.434 26745 26964 I LoadedApk: Performing receive of Intent { act=android.intent.action.SCREEN_ON flg=0x50000010 }, receiver=bgkv@faf5418, duration=102
07-03 20:47:08.464  1361 30118 I chatty  : uid=1000(system) Binder:1361_1B expire 1 line
07-03 20:47:08.467  1361  5334 I chatty  : uid=1000(system) Binder:1361_1F expire 3 lines
07-03 20:47:08.693  1779  1779 D PowerUI : oldTemp=255, mTemp=252
07-03 20:47:08.693  1779  1779 D PowerUI : findUsbOtg =false,supportReverseCharging =1
07-03 20:47:08.714  2049  2049 I LoadedApk: Performing receive of Intent { act=android.intent.action.BATTERY_CHANGED flg=0x60000010 (has extras) }, receiver=com.qualcomm.ims.vt.LowBatteryHandler$1@303fe3b, duration=68
07-03 20:47:08.746  1361  1506 I chatty  : uid=1000(system) PowerManagerSer expire 14 lines
07-03 20:47:08.910  2145  4968 W ContextImpl: Calling a method in the system process without a qualified user: android.app.ContextImpl.sendBroadcast:877 android.content.ContextWrapper.sendBroadcast:428 com.asus.powersaver.PowerSaverService.bW:-1 com.asus.powersaver.PowerSaverService.e:-1 com.asus.powersaver.PowerSaverService$ApplySettingsTask.a:-1 
07-03 20:47:08.926  2145  2145 D CpuTurboMode: shellCmd(/system/bin/sh /system/etc/pwr-balance.sh)
07-03 20:47:08.982  2145  2145 I LoadedApk: Performing receive of Intent { act=cpu_turbe_mode_change flg=0x10 }, receiver=com.asus.powersaver.CpuTurboMode$1@710a459, duration=61
07-03 20:47:09.017  1361  2580 I chatty  : uid=1000(system) Binder:1361_D expire 2 lines
07-03 20:47:09.326  4950  4950 I ActivityThread: Performing receive of Intent { act=android.intent.action.ACTION_POWER_CONNECTED flg=0x4000010 cmp=com.asus.selfiemaster/.BeautyLiveBroadcastReceiver }: app=com.asus.microfilm.app.MicroFilmImpl@51e6e91, appName=com.asus.selfiemaster, pkg=com.asus.selfiemaster, comp={com.asus.selfiemaster/com.asus.selfiemaster.BeautyLiveBroadcastReceiver}, dir=/system/app/SelfieMaster/SelfieMaster.apk, duration=58
07-03 20:47:09.357  1361  2567 I chatty  : uid=1000(system) Binder:1361_C expire 1 line
07-03 20:47:09.503  1361  1453 I chatty  : uid=1000(system) ActivityManager expire 2 lines
07-03 20:47:09.580  1361  5257 I chatty  : uid=1000(system) Binder:1361_13 expire 6 lines
07-03 20:47:09.591  1361  1361 I chatty  : uid=1000 system_server expire 20 lines
07-03 20:47:09.594  1361  1456 I chatty  : uid=1000(system) batterystats-sy expire 3 lines
07-03 20:47:09.603  2145  2145 W ContextImpl: Calling a method in the system process without a qualified user: android.app.ContextImpl.sendBroadcast:877 android.content.ContextWrapper.sendBroadcast:428 com.asus.powersaver.PowerSaverService.dO:-1 com.asus.powersaver.PowerSaverService.i:-1 com.asus.powersaver.PowerSaverService.a:-1 
07-03 20:47:09.608  1779  1779 D PowerUI : oldTemp=252, mTemp=252
07-03 20:47:09.609  1779  1779 D PowerUI : findUsbOtg =false,supportReverseCharging =1
07-03 20:47:09.609  1779  1779 I PowerUI.Notification: dismissing low battery notification
07-03 20:47:09.671  2049  2049 I LoadedApk: Performing receive of Intent { act=android.intent.action.BATTERY_CHANGED flg=0x60000010 (has extras) }, receiver=com.qualcomm.ims.vt.LowBatteryHandler$1@303fe3b, duration=77
07-03 20:47:09.689  1779  1779 D PowerUI : oldTemp=252, mTemp=252
07-03 20:47:09.689  1779  1779 D PowerUI : findUsbOtg =false,supportReverseCharging =1
07-03 20:47:09.753  2049  2049 I LoadedApk: Performing receive of Intent { act=android.intent.action.BATTERY_CHANGED flg=0x60000010 (has extras) }, receiver=com.qualcomm.ims.vt.LowBatteryHandler$1@303fe3b, duration=73
07-03 20:47:09.812  1361  2587 I chatty  : uid=1000(system) Binder:1361_E expire 2 lines
07-03 20:47:09.996 26745 26964 I LoadedApk: Performing receive of Intent { act=android.intent.action.ACTION_POWER_CONNECTED flg=0x4000010 }, receiver=bgkv@faf5418, duration=398
07-03 20:47:10.116  2145  5009 W ContextImpl: Calling a method in the system process without a qualified user: android.app.ContextImpl.sendBroadcast:877 android.content.ContextWrapper.sendBroadcast:428 com.asus.powersaver.PowerSaverService.bW:-1 com.asus.powersaver.PowerSaverService.e:-1 com.asus.powersaver.PowerSaverService$ApplySettingsTask.a:-1 
07-03 20:47:10.133  2145  2145 D CpuTurboMode: shellCmd(/system/bin/sh /system/etc/pwr-normal.sh)
07-03 20:47:10.229  2145  2145 I LoadedApk: Performing receive of Intent { act=cpu_turbe_mode_change flg=0x10 }, receiver=com.asus.powersaver.CpuTurboMode$1@710a459, duration=107
07-03 20:47:10.364  1361  2947 I chatty  : uid=1000(system) Binder:1361_F expire 4 lines
07-03 20:47:10.929  1361 27613 I chatty  : uid=1000(system) Binder:1361_18 expire 2 lines
07-03 20:47:10.940  1779  1779 D PowerUI : oldTemp=252, mTemp=252
07-03 20:47:10.940  1779  1779 D PowerUI : findUsbOtg =false,supportReverseCharging =1
07-03 20:47:11.448  1361  1452 I chatty  : uid=1000(system) android.bg expire 1 line
07-03 20:47:12.759  1361  1759 I chatty  : uid=1000(system) PhotonicModulat expire 64 lines
07-03 20:47:13.470  1361  2565 I chatty  : uid=1000(system) Binder:1361_B expire 2 lines
07-03 20:47:13.748  1361  2432 I chatty  : uid=1000(system) Binder:1361_7 expire 2 lines
07-03 20:47:13.864  1779  1779 V KeyguardDisplayManager: hide
07-03 20:47:13.988 26745 26745 I LoadedApk: Performing receive of Intent { act=android.intent.action.USER_PRESENT flg=0x24000010 }, receiver=com.google.android.gms.trustagent.trustlet.InactivityTracker$1@7d52289, duration=86
07-03 20:47:13.992  6624  6624 I LoadedApk: Performing receive of Intent { act=android.intent.action.USER_PRESENT flg=0x24000010 }, receiver=com.android.launcher3.lu@fac62d9, duration=67
07-03 20:47:14.010 26745 26964 I LoadedApk: Performing receive of Intent { act=android.intent.action.USER_PRESENT flg=0x24000010 }, receiver=bgkv@faf5418, duration=110
07-03 20:47:14.179  1361  2533 I chatty  : uid=1000(system) Binder:1361_8 expire 1 line
07-03 20:47:15.246  1361 29201 I chatty  : uid=1000(system) Binder:1361_19 expire 1 line
07-03 20:47:15.328  1361  5258 I chatty  : uid=1000(system) Binder:1361_14 expire 1 line
